Archive member included to satisfy reference by file (symbol)

app/libapp.a(main.c.obj)      (--whole-archive)
app/libapp.a(ex_01a_main.c.obj)
                              (--whole-archive)
app/libapp.a(deca_device.c.obj)
                              (--whole-archive)
app/libapp.a(deca_params_init.c.obj)
                              (--whole-archive)
app/libapp.a(port.c.obj)      (--whole-archive)
app/libapp.a(deca_mutex.c.obj)
                              (--whole-archive)
app/libapp.a(deca_range_tables.c.obj)
                              (--whole-archive)
app/libapp.a(deca_sleep.c.obj)
                              (--whole-archive)
app/libapp.a(deca_spi.c.obj)  (--whole-archive)
zephyr/libzephyr.a(isr_tables.c.obj)
                              (--whole-archive)
zephyr/libzephyr.a(sw_isr_common.c.obj)
                              (--whole-archive)
zephyr/libzephyr.a(crc32_sw.c.obj)
                              (--whole-archive)
zephyr/libzephyr.a(crc16_sw.c.obj)
                              (--whole-archive)
zephyr/libzephyr.a(crc8_sw.c.obj)
                              (--whole-archive)
zephyr/libzephyr.a(crc7_sw.c.obj)
                              (--whole-archive)
zephyr/libzephyr.a(fdtable.c.obj)
                              (--whole-archive)
zephyr/libzephyr.a(mempool.c.obj)
                              (--whole-archive)
zephyr/libzephyr.a(rb.c.obj)  (--whole-archive)
zephyr/libzephyr.a(thread_entry.c.obj)
                              (--whole-archive)
zephyr/libzephyr.a(work_q.c.obj)
                              (--whole-archive)
zephyr/libzephyr.a(printk.c.obj)
                              (--whole-archive)
zephyr/libzephyr.a(configs.c.obj)
                              (--whole-archive)
zephyr/libzephyr.a(soc.c.obj)
                              (--whole-archive)
zephyr/libzephyr.a(power.c.obj)
                              (--whole-archive)
zephyr/libzephyr.a(mpu_regions.c.obj)
                              (--whole-archive)
zephyr/libzephyr.a(system_nrf52.c.obj)
                              (--whole-archive)
zephyr/libzephyr.a(nrfx_glue.c.obj)
                              (--whole-archive)
zephyr/libzephyr.a(nrfx_spim.c.obj)
                              (--whole-archive)
zephyr/libzephyr.a(SEGGER_RTT.c.obj)
                              (--whole-archive)
zephyr/libzephyr.a(SEGGER_RTT_zephyr.c.obj)
                              (--whole-archive)
zephyr/libzephyr.a(power.c.obj)
                              (--whole-archive)
zephyr/libzephyr.a(policy_residency.c.obj)
                              (--whole-archive)
zephyr/libzephyr.a(uart_console.c.obj)
                              (--whole-archive)
zephyr/libzephyr.a(rtt_console.c.obj)
                              (--whole-archive)
zephyr/libzephyr.a(nrf_power_clock.c.obj)
                              (--whole-archive)
zephyr/libzephyr.a(sys_clock_init.c.obj)
                              (--whole-archive)
zephyr/libzephyr.a(nrf_rtc_timer.c.obj)
                              (--whole-archive)
zephyr/arch/arch/arm/core/libarch__arm__core.a(exc_exit.S.obj)
                              (--whole-archive)
zephyr/arch/arch/arm/core/libarch__arm__core.a(irq_init.c.obj)
                              (--whole-archive)
zephyr/arch/arch/arm/core/libarch__arm__core.a(swap.c.obj)
                              (--whole-archive)
zephyr/arch/arch/arm/core/libarch__arm__core.a(swap_helper.S.obj)
                              (--whole-archive)
zephyr/arch/arch/arm/core/libarch__arm__core.a(fault.c.obj)
                              (--whole-archive)
zephyr/arch/arch/arm/core/libarch__arm__core.a(irq_manage.c.obj)
                              (--whole-archive)
zephyr/arch/arch/arm/core/libarch__arm__core.a(thread.c.obj)
                              (--whole-archive)
zephyr/arch/arch/arm/core/libarch__arm__core.a(cpu_idle.S.obj)
                              (--whole-archive)
zephyr/arch/arch/arm/core/libarch__arm__core.a(fault_s.S.obj)
                              (--whole-archive)
zephyr/arch/arch/arm/core/libarch__arm__core.a(fatal.c.obj)
                              (--whole-archive)
zephyr/arch/arch/arm/core/libarch__arm__core.a(sys_fatal_error_handler.c.obj)
                              (--whole-archive)
zephyr/arch/arch/arm/core/libarch__arm__core.a(thread_abort.c.obj)
                              (--whole-archive)
zephyr/arch/arch/arm/core/libarch__arm__core.a(isr_wrapper.S.obj)
                              (--whole-archive)
zephyr/arch/arch/arm/core/cortex_m/libarch__arm__core__cortex_m.a(vector_table.S.obj)
                              (--whole-archive)
zephyr/arch/arch/arm/core/cortex_m/libarch__arm__core__cortex_m.a(reset.S.obj)
                              (--whole-archive)
zephyr/arch/arch/arm/core/cortex_m/libarch__arm__core__cortex_m.a(nmi_on_reset.S.obj)
                              (--whole-archive)
[...]
Memory Configuration

Name             Origin             Length             Attributes
FLASH            0x00000000         0x00080000         xr
SRAM             0x20000000         0x00010000         xw
IDT_LIST         0x20010000         0x00000800         xw
*default*        0x00000000         0xffffffff

Linker script and memory map

LOAD zephyr/CMakeFiles/kernel_elf.dir/misc/empty_file.c.obj
LOAD zephyr/CMakeFiles/kernel_elf.dir/isr_tables.c.obj
LOAD app/libapp.a
LOAD zephyr/libzephyr.a
LOAD zephyr/arch/arch/arm/core/libarch__arm__core.a
LOAD zephyr/arch/arch/arm/core/cortex_m/libarch__arm__core__cortex_m.a
LOAD zephyr/arch/arch/arm/core/cortex_m/mpu/libarch__arm__core__cortex_m__mpu.a
LOAD zephyr/lib/libc/minimal/liblib__libc__minimal.a
LOAD zephyr/drivers/gpio/libdrivers__gpio.a
LOAD zephyr/drivers/spi/libdrivers__spi.a
LOAD zephyr/drivers/serial/libdrivers__serial.a
LOAD zephyr/kernel/libkernel.a
LOAD zephyr/CMakeFiles/offsets.dir/arch/arm/core/offsets/offsets.c.obj
LOAD c:/gnuarmemb/bin/../lib/gcc/arm-none-eabi/7.3.1/thumb/v7e-m\libgcc.a
                0x00000020                _region_min_align = 0x20

.rel.plt        0x00000000        0x0
 *(SORT_BY_ALIGNMENT(.rel.plt))
                [!provide]                PROVIDE (__rel_iplt_start = .)
 *(SORT_BY_ALIGNMENT(.rel.iplt))
 .rel.iplt      0x00000000        0x0 zephyr/CMakeFiles/kernel_elf.dir/isr_tables.c.obj
                [!provide]                PROVIDE (__rel_iplt_end = .)

.rela.plt       0x00000000        0x0
 *(SORT_BY_ALIGNMENT(.rela.plt))
                [!provide]                PROVIDE (__rela_iplt_start = .)
 *(SORT_BY_ALIGNMENT(.rela.iplt))
                [!provide]                PROVIDE (__rela_iplt_end = .)

.rel.dyn
 *(SORT_BY_ALIGNMENT(.rel.*))

.rela.dyn
 *(SORT_BY_ALIGNMENT(.rela.*))

/DISCARD/
 *(SORT_BY_ALIGNMENT(.plt))
 *(SORT_BY_ALIGNMENT(.iplt))
 *(SORT_BY_ALIGNMENT(.got.plt))
 *(SORT_BY_ALIGNMENT(.igot.plt))
 *(SORT_BY_ALIGNMENT(.got))
 *(SORT_BY_ALIGNMENT(.igot))
 *(SORT_BY_ALIGNMENT(.irq_info))
 *(SORT_BY_ALIGNMENT(.intList))
                0x00000000                _image_rom_start = 0x0

text            0x00000000       0xdc
                0x00000000                . = 0x0
                0x00000000                _vector_start = .
 *(SORT_BY_ALIGNMENT(.exc_vector_table))
 *(SORT_BY_ALIGNMENT(.exc_vector_table.*))
 .exc_vector_table._vector_table_section
                0x00000000       0x40 zephyr/arch/arch/arm/core/cortex_m/libarch__arm__core__cortex_m.a(vector_table.S.obj)
                0x00000000                _vector_table
 *(SORT_BY_ALIGNMENT(.gnu.linkonce.irq_vector_table))
 .gnu.linkonce.irq_vector_table
                0x00000040       0x9c zephyr/CMakeFiles/kernel_elf.dir/isr_tables.c.obj
                0x00000040                _irq_vector_table
 *(SORT_BY_ALIGNMENT(.vectors))
 *(SORT_BY_ALIGNMENT(.openocd_dbg))
 *(SORT_BY_ALIGNMENT(.openocd_dbg.*))
 *(SORT_BY_ALIGNMENT(.kinetis_flash_config))
 *(SORT_BY_ALIGNMENT(.kinetis_flash_config.*))
                0x000000dc                _vector_end = .

_TEXT_SECTION_NAME_2
                0x000000dc     0x43fa
                0x000000dc                _image_text_start = .
 *(SORT_BY_ALIGNMENT(.text))
 .text          0x000000dc       0xa0 c:/gnuarmemb/bin/../lib/gcc/arm-none-eabi/7.3.1/thumb/v7e-m\libgcc.a(_aeabi_ldivmod.o)
                0x000000dc                __aeabi_ldivmod
 .text          0x0000017c       0x30 c:/gnuarmemb/bin/../lib/gcc/arm-none-eabi/7.3.1/thumb/v7e-m\libgcc.a(_aeabi_uldivmod.o)
                0x0000017c                __aeabi_uldivmod
 .text          0x000001ac      0x2cc c:/gnuarmemb/bin/../lib/gcc/arm-none-eabi/7.3.1/thumb/v7e-m\libgcc.a(_udivmoddi4.o)
                0x000001ac                __udivmoddi4
 .text          0x00000478        0x4 c:/gnuarmemb/bin/../lib/gcc/arm-none-eabi/7.3.1/thumb/v7e-m\libgcc.a(_dvmd_tls.o)
                0x00000478                __aeabi_idiv0
                0x00000478                __aeabi_ldiv0
 *(SORT_BY_ALIGNMENT(.text.*))
 .text.dw_main  0x0000047c       0x94 app/libapp.a(ex_01a_main.c.obj)
                0x0000047c                dw_main
 .text.dwt_writetxfctrl
                0x00000510       0x1c app/libapp.a(deca_device.c.obj)
                0x00000510                dwt_writetxfctrl
 .text.dwt_configure
                0x0000052c      0x204 app/libapp.a(deca_device.c.obj)
                0x0000052c                dwt_configure
 .text.dwt_setleds
                0x00000730       0x78 app/libapp.a(deca_device.c.obj)
                0x00000730                dwt_setleds
 .text.dwt_starttx
                0x000007a8       0x58 app/libapp.a(deca_device.c.obj)
                0x000007a8                dwt_starttx
 .text.dwt_softreset
                0x00000800       0x48 app/libapp.a(deca_device.c.obj)
                0x00000800                dwt_softreset
 .text.dwt_initialise
                0x00000848      0x188 app/libapp.a(deca_device.c.obj)
                0x00000848                dwt_initialise
 .text.openspi  0x000009d0       0x8c app/libapp.a(deca_spi.c.obj)
                0x000009d0                openspi
 .text.set_spi_speed_slow
                0x00000a5c       0x40 app/libapp.a(deca_spi.c.obj)
                0x00000a5c                set_spi_speed_slow
 .text.set_spi_speed_fast
                0x00000a9c       0x44 app/libapp.a(deca_spi.c.obj)
                0x00000a9c                set_spi_speed_fast
 .text.writetospi
                0x00000ae0       0x68 app/libapp.a(deca_spi.c.obj)
                0x00000ae0                writetospi
 .text.readfromspi
                0x00000b48       0x78 app/libapp.a(deca_spi.c.obj)
                0x00000b48                readfromspi
 .text.char_out
                0x00000bc0       0x10 zephyr/libzephyr.a(printk.c.obj)
 .text._printk_dec_ulong
                0x00000bd0       0xa0 zephyr/libzephyr.a(printk.c.obj)
 .text.__printk_hook_install
                0x00000c70        0xc zephyr/libzephyr.a(printk.c.obj)
                0x00000c70                __printk_hook_install
 .text.vprintk  0x00000c7c       0x20 zephyr/libzephyr.a(printk.c.obj)
                0x00000c7c                vprintk
 .text.nordicsemi_nrf52_init
                0x00000c9c       0x44 zephyr/libzephyr.a(soc.c.obj)
 .text.z_arch_busy_wait
                0x00000ce0       0x14 zephyr/libzephyr.a(soc.c.obj)
                0x00000ce0                z_arch_busy_wait
 .text.errata_12
                0x00000cf4       0x40 zephyr/libzephyr.a(system_nrf52.c.obj)
 .text.errata_16
                0x00000d34       0x34 zephyr/libzephyr.a(system_nrf52.c.obj)
 .text.SystemInit
                0x00000d68      0x248 zephyr/libzephyr.a(system_nrf52.c.obj)
                0x00000d68                SystemInit
 .text.nrfx_spim_init
                0x00000fb0      0x150 zephyr/libzephyr.a(nrfx_spim.c.obj)
                0x00000fb0                nrfx_spim_init
 .text.nrfx_spim_xfer
                0x00001100      0x130 zephyr/libzephyr.a(nrfx_spim.c.obj)
                0x00001100                nrfx_spim_xfer
 .text.nrfx_spim_1_irq_handler
                0x00001230       0x58 zephyr/libzephyr.a(nrfx_spim.c.obj)
                0x00001230                nrfx_spim_1_irq_handler
 .text._DoInit  0x00001288       0x60 zephyr/libzephyr.a(SEGGER_RTT.c.obj)
 .text.SEGGER_RTT_WriteNoLock
                0x000012e8       0x68 zephyr/libzephyr.a(SEGGER_RTT.c.obj)
                0x000012e8                SEGGER_RTT_WriteNoLock
 .text.console_out
                0x00001350       0x28 zephyr/libzephyr.a(uart_console.c.obj)
 .text.uart_console_hook_install
                0x00001378       0x18 zephyr/libzephyr.a(uart_console.c.obj)
                0x00001378                uart_console_hook_install
 .text.uart_console_init
                0x00001390       0x1c zephyr/libzephyr.a(uart_console.c.obj)
 .text.rtt_console_init
                0x000013ac       0x18 zephyr/libzephyr.a(rtt_console.c.obj)
 .text.rtt_console_out
                0x000013c4       0x68 zephyr/libzephyr.a(rtt_console.c.obj)
 .text._m16src_stop
                0x0000142c       0x74 zephyr/libzephyr.a(nrf_power_clock.c.obj)
 .text._m16src_start
                0x000014a0       0xc4 zephyr/libzephyr.a(nrf_power_clock.c.obj)
 .text._k32src_start
                0x00001564       0xb0 zephyr/libzephyr.a(nrf_power_clock.c.obj)
 .text.nrf_power_clock_isr
                0x00001614       0xe4 zephyr/libzephyr.a(nrf_power_clock.c.obj)
                0x00001614                nrf_power_clock_isr
 .text.rtc1_nrf_isr
                0x000016f8       0x4c zephyr/libzephyr.a(nrf_rtc_timer.c.obj)
                0x000016f8                rtc1_nrf_isr
 .text.z_clock_driver_init
                0x00001744       0x90 zephyr/libzephyr.a(nrf_rtc_timer.c.obj)
                0x00001744                z_clock_driver_init
 .text.z_clock_set_timeout
                0x000017d4       0x74 zephyr/libzephyr.a(nrf_rtc_timer.c.obj)
                0x000017d4                z_clock_set_timeout
 .text.z_clock_elapsed
                0x00001848       0x3c zephyr/libzephyr.a(nrf_rtc_timer.c.obj)
                0x00001848                z_clock_elapsed
 .text._HandlerModeExit
                0x00001884       0x1c zephyr/arch/arch/arm/core/libarch__arm__core.a(exc_exit.S.obj)
                0x00001884                _IntExit
                0x00001884                z_ExcExit
 .text._IntLibInit
                0x000018a0       0x18 zephyr/arch/arch/arm/core/libarch__arm__core.a(irq_init.c.obj)
                0x000018a0                _IntLibInit
 .text.__swap   0x000018b8       0x34 zephyr/arch/arch/arm/core/libarch__arm__core.a(swap.c.obj)
                0x000018b8                __swap
 .text.__pendsv
                0x000018ec       0x58 zephyr/arch/arch/arm/core/libarch__arm__core.a(swap_helper.S.obj)
                0x000018ec                __pendsv
 .text.__svc    0x00001944       0x24 zephyr/arch/arch/arm/core/libarch__arm__core.a(swap_helper.S.obj)
                0x00001944                __svc
 .text._MpuFault.isra.2
                0x00001968       0x90 zephyr/arch/arch/arm/core/libarch__arm__core.a(fault.c.obj)
 .text._BusFault.isra.3
                0x000019f8       0xa0 zephyr/arch/arch/arm/core/libarch__arm__core.a(fault.c.obj)
 .text._UsageFault.isra.4
                0x00001a98       0x88 zephyr/arch/arch/arm/core/libarch__arm__core.a(fault.c.obj)
 .text._Fault   0x00001b20       0xcc zephyr/arch/arch/arm/core/libarch__arm__core.a(fault.c.obj)
                0x00001b20                _Fault
 .text._FaultInit
                0x00001bec       0x10 zephyr/arch/arch/arm/core/libarch__arm__core.a(fault.c.obj)
                0x00001bec                _FaultInit
 .text.z_arch_irq_enable
                0x00001bfc       0x20 zephyr/arch/arch/arm/core/libarch__arm__core.a(irq_manage.c.obj)
                0x00001bfc                z_arch_irq_enable
 .text.z_arch_irq_disable
                0x00001c1c       0x28 zephyr/arch/arch/arm/core/libarch__arm__core.a(irq_manage.c.obj)
                0x00001c1c                z_arch_irq_disable
 .text.z_irq_priority_set
                0x00001c44       0x30 zephyr/arch/arch/arm/core/libarch__arm__core.a(irq_manage.c.obj)
                0x00001c44                z_irq_priority_set
 .text.z_new_thread
                0x00001c74       0x54 zephyr/arch/arch/arm/core/libarch__arm__core.a(thread.c.obj)
                0x00001c74                z_new_thread
 .text._CpuIdleInit
                0x00001cc8        0xc zephyr/arch/arch/arm/core/libarch__arm__core.a(cpu_idle.S.obj)
                0x00001cc8                _CpuIdleInit
 .text.k_cpu_idle
                0x00001cd4        0xc zephyr/arch/arch/arm/core/libarch__arm__core.a(cpu_idle.S.obj)
                0x00001cd4                k_cpu_idle
 .text.__fault  0x00001ce0       0x28 zephyr/arch/arch/arm/core/libarch__arm__core.a(fault_s.S.obj)
                0x00001ce0                __reserved
                0x00001ce0                __bus_fault
                0x00001ce0                __debug_monitor
                0x00001ce0                __mpu_fault
                0x00001ce0                __hard_fault
                0x00001ce0                __usage_fault
 .text.z_NanoFatalErrorHandler
                0x00001d08       0x64 zephyr/arch/arch/arm/core/libarch__arm__core.a(fatal.c.obj)
                0x00001d08                z_NanoFatalErrorHandler
 .text.z_SysFatalErrorHandler
                0x00001d6c       0x58 zephyr/arch/arch/arm/core/libarch__arm__core.a(sys_fatal_error_handler.c.obj)
                0x00001d6c                z_SysFatalErrorHandler
 .text.z_impl_k_thread_abort
                0x00001dc4       0x4c zephyr/arch/arch/arm/core/libarch__arm__core.a(thread_abort.c.obj)
                0x00001dc4                z_impl_k_thread_abort
 .text._isr_wrapper
                0x00001e10       0x40 zephyr/arch/arch/arm/core/libarch__arm__core.a(isr_wrapper.S.obj)
                0x00001e10                _isr_wrapper
 .text._reset_section
                0x00001e50        0x8 zephyr/arch/arch/arm/core/cortex_m/libarch__arm__core__cortex_m.a(reset.S.obj)
                0x00001e50                __start
                0x00001e50                __reset
 .text._SysNmiOnReset
                0x00001e58        0x8 zephyr/arch/arch/arm/core/cortex_m/libarch__arm__core__cortex_m.a(nmi_on_reset.S.obj)
                0x00001e58                _SysNmiOnReset
 .text._PrepC   0x00001e60       0x48 zephyr/arch/arch/arm/core/cortex_m/libarch__arm__core__cortex_m.a(prep_c.c.obj)
                0x00001e60                _PrepC
 .text.z_arch_configure_static_mpu_regions
                0x00001ea8       0x3c zephyr/arch/arch/arm/core/cortex_m/mpu/libarch__arm__core__cortex_m__mpu.a(arm_core_mpu.c.obj)
                0x00001ea8                z_arch_configure_static_mpu_regions
 .text._mpu_configure_region
                0x00001ee4       0x50 zephyr/arch/arch/arm/core/cortex_m/mpu/libarch__arm__core__cortex_m__mpu.a(arm_mpu.c.obj)
 .text.arm_core_mpu_enable
                0x00001f34       0x14 zephyr/arch/arch/arm/core/cortex_m/mpu/libarch__arm__core__cortex_m__mpu.a(arm_mpu.c.obj)
                0x00001f34                arm_core_mpu_enable
 .text.arm_core_mpu_disable
                0x00001f48       0x10 zephyr/arch/arch/arm/core/cortex_m/mpu/libarch__arm__core__cortex_m__mpu.a(arm_mpu.c.obj)
                0x00001f48                arm_core_mpu_disable
 .text.arm_mpu_init
                0x00001f58       0x5c zephyr/arch/arch/arm/core/cortex_m/mpu/libarch__arm__core__cortex_m__mpu.a(arm_mpu.c.obj)
 .text.arm_core_mpu_configure_static_mpu_regions
                0x00001fb4       0x48 zephyr/arch/arch/arm/core/cortex_m/mpu/libarch__arm__core__cortex_m__mpu.a(arm_mpu.c.obj)
                0x00001fb4                arm_core_mpu_configure_static_mpu_regions
 .text.arm_core_mpu_configure_dynamic_mpu_regions
                0x00001ffc       0x4c zephyr/arch/arch/arm/core/cortex_m/mpu/libarch__arm__core__cortex_m__mpu.a(arm_mpu.c.obj)
                0x00001ffc                arm_core_mpu_configure_dynamic_mpu_regions
 .text.__stdout_hook_install
                0x00002048        0xc zephyr/lib/libc/minimal/liblib__libc__minimal.a(stdout_console.c.obj)
                0x00002048                __stdout_hook_install
 .text.gpio_nrfx_init
                0x00002054       0x30 zephyr/drivers/gpio/libdrivers__gpio.a(gpio_nrfx.c.obj)
 .text.gpiote_event_handler
                0x00002084      0x13c zephyr/drivers/gpio/libdrivers__gpio.a(gpio_nrfx.c.obj)
 .text.gpiote_pin_int_cfg
                0x000021c0      0x144 zephyr/drivers/gpio/libdrivers__gpio.a(gpio_nrfx.c.obj)
 .text.spi_1_init
                0x00002304       0x58 zephyr/drivers/spi/libdrivers__spi.a(spi_nrfx_spim.c.obj)
 .text.transfer_next_chunk
                0x0000235c       0x8c zephyr/drivers/spi/libdrivers__spi.a(spi_nrfx_spim.c.obj)
 .text.spi_nrfx_transceive
                0x000023e8      0x1a0 zephyr/drivers/spi/libdrivers__spi.a(spi_nrfx_spim.c.obj)
 .text.uart_nrfx_err_check
                0x00002588       0x14 zephyr/drivers/serial/libdrivers__serial.a(uart_nrfx_uart.c.obj)
 .text.uart_nrfx_configure
                0x0000259c      0x16c zephyr/drivers/serial/libdrivers__serial.a(uart_nrfx_uart.c.obj)
 .text.uart_nrfx_poll_in
                0x00002708       0x2c zephyr/drivers/serial/libdrivers__serial.a(uart_nrfx_uart.c.obj)
 .text.uart_nrfx_poll_out
                0x00002734       0x34 zephyr/drivers/serial/libdrivers__serial.a(uart_nrfx_uart.c.obj)
 .text.uart_nrfx_init
                0x00002768       0x50 zephyr/drivers/serial/libdrivers__serial.a(uart_nrfx_uart.c.obj)
 .text.z_sys_device_do_config_level
                0x000027b8       0x2c zephyr/kernel/libkernel.a(device.c.obj)
                0x000027b8                z_sys_device_do_config_level
 .text.z_impl_device_get_binding
                0x000027e4       0x4c zephyr/kernel/libkernel.a(device.c.obj)
                0x000027e4                z_impl_device_get_binding
 .text.idle     0x00002830       0x34 zephyr/kernel/libkernel.a(idle.c.obj)
                0x00002830                idle
 .text.z_bss_zero
                0x00002864       0x14 zephyr/kernel/libkernel.a(init.c.obj)
                0x00002864                z_bss_zero
 .text.z_data_copy
                0x00002878       0x34 zephyr/kernel/libkernel.a(init.c.obj)
                0x00002878                z_data_copy
 .text.bg_thread_main
                0x000028ac       0x30 zephyr/kernel/libkernel.a(init.c.obj)
 .text.z_cstart
                0x000028dc      0x12c zephyr/kernel/libkernel.a(init.c.obj)
                0x000028dc                z_cstart
 .text.z_impl_k_mutex_lock
                0x00002a08       0xe0 zephyr/kernel/libkernel.a(mutex.c.obj)
                0x00002a08                z_impl_k_mutex_lock
 .text.z_impl_k_mutex_unlock
                0x00002ae8       0x80 zephyr/kernel/libkernel.a(mutex.c.obj)
                0x00002ae8                z_impl_k_mutex_unlock
 .text.resched  0x00002b68       0x24 zephyr/kernel/libkernel.a(sched.c.obj)
 .text.reset_time_slice
                0x00002b8c       0x24 zephyr/kernel/libkernel.a(sched.c.obj)
 .text.k_sched_time_slice_set
                0x00002bb0       0x5c zephyr/kernel/libkernel.a(sched.c.obj)
                0x00002bb0                k_sched_time_slice_set
 .text.k_sched_lock
                0x00002c0c       0x28 zephyr/kernel/libkernel.a(sched.c.obj)
                0x00002c0c                k_sched_lock
 .text.z_priq_dumb_remove
                0x00002c34       0x2c zephyr/kernel/libkernel.a(sched.c.obj)
                0x00002c34                z_priq_dumb_remove
 .text.update_cache
                0x00002c60       0x3c zephyr/kernel/libkernel.a(sched.c.obj)
 .text.k_sched_unlock
                0x00002c9c       0x38 zephyr/kernel/libkernel.a(sched.c.obj)
                0x00002c9c                k_sched_unlock
 .text.z_add_thread_to_ready_q
                0x00002cd4       0x70 zephyr/kernel/libkernel.a(sched.c.obj)
                0x00002cd4                z_add_thread_to_ready_q
 .text.z_move_thread_to_end_of_prio_q
                0x00002d44       0x80 zephyr/kernel/libkernel.a(sched.c.obj)
                0x00002d44                z_move_thread_to_end_of_prio_q
 .text.z_time_slice
                0x00002dc4       0x68 zephyr/kernel/libkernel.a(sched.c.obj)
                0x00002dc4                z_time_slice
 .text.z_remove_thread_from_ready_q
                0x00002e2c       0x4c zephyr/kernel/libkernel.a(sched.c.obj)
                0x00002e2c                z_remove_thread_from_ready_q
 .text.pend     0x00002e78       0x88 zephyr/kernel/libkernel.a(sched.c.obj)
 .text.z_pend_curr
                0x00002f00       0x28 zephyr/kernel/libkernel.a(sched.c.obj)
                0x00002f00                z_pend_curr
 .text.z_thread_priority_set
                0x00002f28       0x9c zephyr/kernel/libkernel.a(sched.c.obj)
                0x00002f28                z_thread_priority_set
 .text.z_sched_init
                0x00002fc4       0x18 zephyr/kernel/libkernel.a(sched.c.obj)
                0x00002fc4                z_sched_init
 .text.z_impl_k_yield
                0x00002fdc       0x94 zephyr/kernel/libkernel.a(sched.c.obj)
                0x00002fdc                z_impl_k_yield
 .text.z_impl_k_sleep
                0x00003070       0x98 zephyr/kernel/libkernel.a(sched.c.obj)
                0x00003070                z_impl_k_sleep
 .text.z_impl_k_current_get
                0x00003108        0xc zephyr/kernel/libkernel.a(sched.c.obj)
                0x00003108                z_impl_k_current_get
 .text.z_impl_k_sem_give
                0x00003114       0x4c zephyr/kernel/libkernel.a(sem.c.obj)
                0x00003114                z_impl_k_sem_give
 .text.z_impl_k_sem_take
                0x00003160       0x48 zephyr/kernel/libkernel.a(sem.c.obj)
                0x00003160                z_impl_k_sem_take
 .text.k_is_in_isr
                0x000031a8       0x20 zephyr/kernel/libkernel.a(thread.c.obj)
                0x000031a8                k_is_in_isr
 .text.z_is_thread_essential
                0x000031c8       0x10 zephyr/kernel/libkernel.a(thread.c.obj)
                0x000031c8                z_is_thread_essential
 .text.z_impl_k_thread_start
                0x000031d8       0x48 zephyr/kernel/libkernel.a(thread.c.obj)
                0x000031d8                z_impl_k_thread_start
 .text.z_setup_new_thread
                0x00003220       0x34 zephyr/kernel/libkernel.a(thread.c.obj)
                0x00003220                z_setup_new_thread
 .text.z_init_static_threads
                0x00003254       0xb8 zephyr/kernel/libkernel.a(thread.c.obj)
                0x00003254                z_init_static_threads
 .text.elapsed  0x0000330c       0x14 zephyr/kernel/libkernel.a(timeout.c.obj)
 .text.remove_timeout
                0x00003320       0x2c zephyr/kernel/libkernel.a(timeout.c.obj)
 .text.next_timeout
                0x0000334c       0x50 zephyr/kernel/libkernel.a(timeout.c.obj)
 .text.z_add_timeout
                0x0000339c       0x88 zephyr/kernel/libkernel.a(timeout.c.obj)
                0x0000339c                z_add_timeout
 .text.z_clock_announce
                0x00003424       0xac zephyr/kernel/libkernel.a(timeout.c.obj)
                0x00003424                z_clock_announce
 .text.z_tick_get
                0x000034d0       0x3c zephyr/kernel/libkernel.a(timeout.c.obj)
                0x000034d0                z_tick_get
 .text.init_static_pools
                0x0000350c       0x28 zephyr/kernel/libkernel.a(mempool.c.obj)
                0x0000350c                init_static_pools
 .text.main     0x00003534        0x8 app/libapp.a(main.c.obj)
                0x00003534                main
 .text.dwt_writetodevice
                0x0000353c       0x44 app/libapp.a(deca_device.c.obj)
                0x0000353c                dwt_writetodevice
 .text.dwt_writetxdata
                0x00003580       0x20 app/libapp.a(deca_device.c.obj)
                0x00003580                dwt_writetxdata
 .text.dwt_readfromdevice
                0x000035a0       0x40 app/libapp.a(deca_device.c.obj)
                0x000035a0                dwt_readfromdevice
 .text.dwt_read32bitoffsetreg
                0x000035e0       0x24 app/libapp.a(deca_device.c.obj)
                0x000035e0                dwt_read32bitoffsetreg
 .text.dwt_readdevid
                0x00003604        0x8 app/libapp.a(deca_device.c.obj)
                0x00003604                dwt_readdevid
 .text.dwt_read16bitoffsetreg
                0x0000360c       0x22 app/libapp.a(deca_device.c.obj)
                0x0000360c                dwt_read16bitoffsetreg
 .text.dwt_write8bitoffsetreg
                0x0000362e       0x18 app/libapp.a(deca_device.c.obj)
                0x0000362e                dwt_write8bitoffsetreg
 .text.dwt_write16bitoffsetreg
                0x00003646       0x1e app/libapp.a(deca_device.c.obj)
                0x00003646                dwt_write16bitoffsetreg
 .text.dwt_write32bitoffsetreg
                0x00003664       0x2a app/libapp.a(deca_device.c.obj)
                0x00003664                dwt_write32bitoffsetreg
 .text._dwt_otpread
                0x0000368e       0x2c app/libapp.a(deca_device.c.obj)
                0x0000368e                _dwt_otpread
 .text._dwt_aonarrayupload
                0x000036ba       0x1a app/libapp.a(deca_device.c.obj)
                0x000036ba                _dwt_aonarrayupload
 .text._dwt_configlde
                0x000036d4       0x2a app/libapp.a(deca_device.c.obj)
                0x000036d4                _dwt_configlde
 .text._dwt_enableclocks
                0x000036fe       0xd4 app/libapp.a(deca_device.c.obj)
                0x000036fe                _dwt_enableclocks
 .text._dwt_loaducodefromrom
                0x000037d2       0x24 app/libapp.a(deca_device.c.obj)
                0x000037d2                _dwt_loaducodefromrom
 .text._dwt_disablesequencing
                0x000037f6       0x16 app/libapp.a(deca_device.c.obj)
                0x000037f6                _dwt_disablesequencing
 .text.dwt_setxtaltrim
                0x0000380c       0x10 app/libapp.a(deca_device.c.obj)
                0x0000380c                dwt_setxtaltrim
 .text.k_sleep  0x0000381c        0x4 app/libapp.a(port.c.obj)
 .text.usleep   0x00003820       0x4e app/libapp.a(port.c.obj)
                0x00003820                usleep
 .text.Sleep    0x0000386e       0x18 app/libapp.a(port.c.obj)
                0x0000386e                Sleep
 .text.reset_DW1000
                0x00003886       0x1a app/libapp.a(port.c.obj)
                0x00003886                reset_DW1000
 .text.setup_DW1000RSTnIRQ
                0x000038a0       0x12 app/libapp.a(port.c.obj)
                0x000038a0                setup_DW1000RSTnIRQ
 .text.port_wakeup_dw1000
                0x000038b2        0xc app/libapp.a(port.c.obj)
                0x000038b2                port_wakeup_dw1000
 .text.port_set_dw1000_slowrate
                0x000038be        0xc app/libapp.a(port.c.obj)
                0x000038be                port_set_dw1000_slowrate
 .text.port_set_dw1000_fastrate
                0x000038ca        0xc app/libapp.a(port.c.obj)
                0x000038ca                port_set_dw1000_fastrate
 .text.port_DisableEXT_IRQ
                0x000038d6        0xa app/libapp.a(port.c.obj)
                0x000038d6                port_DisableEXT_IRQ
 .text.port_EnableEXT_IRQ
                0x000038e0        0xa app/libapp.a(port.c.obj)
                0x000038e0                port_EnableEXT_IRQ
 .text.port_GetEXT_IRQStatus
                0x000038ea        0xe app/libapp.a(port.c.obj)
                0x000038ea                port_GetEXT_IRQStatus
 .text.decamutexon
                0x000038f8       0x12 app/libapp.a(deca_mutex.c.obj)
                0x000038f8                decamutexon
 .text.decamutexoff
                0x0000390a        0x8 app/libapp.a(deca_mutex.c.obj)
                0x0000390a                decamutexoff
 .text.deca_sleep
                0x00003912        0x4 app/libapp.a(deca_sleep.c.obj)
                0x00003912                deca_sleep
 .text.get_bit_ptr
                0x00003916       0x2a zephyr/libzephyr.a(mempool.c.obj)
 .text.set_free_bit
                0x00003940       0x1c zephyr/libzephyr.a(mempool.c.obj)
 .text.z_sys_mem_pool_base_init
                0x0000395c       0x96 zephyr/libzephyr.a(mempool.c.obj)
                0x0000395c                z_sys_mem_pool_base_init
 .text.z_thread_entry
                0x000039f2       0x14 zephyr/libzephyr.a(thread_entry.c.obj)
                0x000039f2                z_thread_entry
 .text.z_arch_printk_char_out
                0x00003a06        0x4 zephyr/libzephyr.a(printk.c.obj)
                0x00003a06                z_arch_printk_char_out
 .text.print_err
                0x00003a0a       0x1c zephyr/libzephyr.a(printk.c.obj)
 .text._vprintk
                0x00003a26      0x2b8 zephyr/libzephyr.a(printk.c.obj)
                0x00003a26                _vprintk
 .text.printk   0x00003cde       0x1a zephyr/libzephyr.a(printk.c.obj)
                0x00003cde                printk
 .text._ConfigAbsSyms
                0x00003cf8        0x2 zephyr/libzephyr.a(configs.c.obj)
                0x00003cf8                _ConfigAbsSyms
 .text.nrfx_isr
                0x00003cfa        0x2 zephyr/libzephyr.a(nrfx_glue.c.obj)
                0x00003cfa                nrfx_isr
 .text._GetAvailWriteSpace
                0x00003cfc       0x1c zephyr/libzephyr.a(SEGGER_RTT.c.obj)
 .text._WriteNoCheck
                0x00003d18       0x3a zephyr/libzephyr.a(SEGGER_RTT.c.obj)
 .text._WriteBlocking
                0x00003d52       0x52 zephyr/libzephyr.a(SEGGER_RTT.c.obj)
 .text.SEGGER_RTT_Init
                0x00003da4        0x4 zephyr/libzephyr.a(SEGGER_RTT.c.obj)
                0x00003da4                SEGGER_RTT_Init
 .text.rtt_init
                0x00003da8        0xa zephyr/libzephyr.a(SEGGER_RTT_zephyr.c.obj)
 .text._clock_control_init
                0x00003db2       0x16 zephyr/libzephyr.a(nrf_power_clock.c.obj)
 .text.z_clock_isr
                0x00003dc8        0x2 zephyr/libzephyr.a(sys_clock_init.c.obj)
                0x00003dc8                z_clock_isr
 .text.z_clock_idle_exit
                0x00003dca        0x2 zephyr/libzephyr.a(sys_clock_init.c.obj)
                0x00003dca                z_clock_idle_exit
 .text.z_irq_spurious
                0x00003dcc        0x4 zephyr/arch/arch/arm/core/libarch__arm__core.a(irq_manage.c.obj)
                0x00003dcc                z_irq_spurious
 .text._do_kernel_oops
                0x00003dd0        0x8 zephyr/arch/arch/arm/core/libarch__arm__core.a(fatal.c.obj)
                0x00003dd0                _do_kernel_oops
 .text.lock_interrupts
                0x00003dd8        0x8 zephyr/arch/arch/arm/core/cortex_m/libarch__arm__core__cortex_m.a(prep_c.c.obj)
                0x00003dd8                lock_interrupts
 .text.__nmi    0x00003de0        0xe zephyr/arch/arch/arm/core/cortex_m/libarch__arm__core__cortex_m.a(nmi.c.obj)
                0x00003de0                __nmi
 .text.z_arch_configure_dynamic_mpu_regions
                0x00003dee       0x10 zephyr/arch/arch/arm/core/cortex_m/mpu/libarch__arm__core__cortex_m__mpu.a(arm_core_mpu.c.obj)
                0x00003dee                z_arch_configure_dynamic_mpu_regions
 .text.strcpy   0x00003dfe       0x14 zephyr/lib/libc/minimal/liblib__libc__minimal.a(string.c.obj)
                0x00003dfe                strcpy
 .text.strcmp   0x00003e12       0x1a zephyr/lib/libc/minimal/liblib__libc__minimal.a(string.c.obj)
                0x00003e12                strcmp
 .text.memcpy   0x00003e2c       0x5a zephyr/lib/libc/minimal/liblib__libc__minimal.a(string.c.obj)
                0x00003e2c                memcpy
 .text.memset   0x00003e86       0x42 zephyr/lib/libc/minimal/liblib__libc__minimal.a(string.c.obj)
                0x00003e86                memset
 .text._stdout_hook_default
                0x00003ec8        0x6 zephyr/lib/libc/minimal/liblib__libc__minimal.a(stdout_console.c.obj)
 .text.nrf_gpio_cfg_sense_set
                0x00003ece       0x20 zephyr/drivers/gpio/libdrivers__gpio.a(gpio_nrfx.c.obj)
 .text.gpio_nrfx_write
                0x00003eee       0x3c zephyr/drivers/gpio/libdrivers__gpio.a(gpio_nrfx.c.obj)
 .text.gpio_nrfx_read
                0x00003f2a       0x30 zephyr/drivers/gpio/libdrivers__gpio.a(gpio_nrfx.c.obj)
 .text.gpio_nrfx_manage_callback
                0x00003f5a       0x56 zephyr/drivers/gpio/libdrivers__gpio.a(gpio_nrfx.c.obj)
 .text.gpio_nrfx_config
                0x00003fb0      0x126 zephyr/drivers/gpio/libdrivers__gpio.a(gpio_nrfx.c.obj)
 .text.gpio_nrfx_pin_disable_callback
                0x000040d6       0x42 zephyr/drivers/gpio/libdrivers__gpio.a(gpio_nrfx.c.obj)
 .text.gpio_nrfx_pin_enable_callback
                0x00004118       0x40 zephyr/drivers/gpio/libdrivers__gpio.a(gpio_nrfx.c.obj)
 .text.gpio_pin_write
                0x00004158       0x12 zephyr/drivers/spi/libdrivers__spi.a(spi_nrfx_spim.c.obj)
 .text._spi_context_cs_control.isra.7
                0x0000416a       0x54 zephyr/drivers/spi/libdrivers__spi.a(spi_nrfx_spim.c.obj)
 .text.spi_context_unlock_unconditionally
                0x000041be       0x1c zephyr/drivers/spi/libdrivers__spi.a(spi_nrfx_spim.c.obj)
 .text.spi_nrfx_release
                0x000041da       0x24 zephyr/drivers/spi/libdrivers__spi.a(spi_nrfx_spim.c.obj)
 .text.event_handler
                0x000041fe       0x7c zephyr/drivers/spi/libdrivers__spi.a(spi_nrfx_spim.c.obj)
 .text.uart_nrfx_config_get
                0x0000427a       0x10 zephyr/drivers/serial/libdrivers__serial.a(uart_nrfx_uart.c.obj)
 .text.z_sys_power_save_idle_exit
                0x0000428a        0x4 zephyr/kernel/libkernel.a(idle.c.obj)
                0x0000428a                z_sys_power_save_idle_exit
 .text.z_is_thread_ready
                0x0000428e       0x12 zephyr/kernel/libkernel.a(sched.c.obj)
 .text.z_unpend_thread_no_timeout
                0x000042a0       0x32 zephyr/kernel/libkernel.a(sched.c.obj)
                0x000042a0                z_unpend_thread_no_timeout
 .text.z_reschedule
                0x000042d2       0x1c zephyr/kernel/libkernel.a(sched.c.obj)
                0x000042d2                z_reschedule
 .text.z_reschedule_irqlock
                0x000042ee       0x1e zephyr/kernel/libkernel.a(sched.c.obj)
                0x000042ee                z_reschedule_irqlock
 .text.z_reschedule_unlocked
                0x0000430c       0x14 zephyr/kernel/libkernel.a(sched.c.obj)
 .text.z_priq_dumb_best
                0x00004320        0xc zephyr/kernel/libkernel.a(sched.c.obj)
                0x00004320                z_priq_dumb_best
 .text.z_thread_timeout
                0x0000432c       0x62 zephyr/kernel/libkernel.a(sched.c.obj)
                0x0000432c                z_thread_timeout
 .text.z_unpend_first_thread
                0x0000438e       0x5a zephyr/kernel/libkernel.a(sched.c.obj)
                0x0000438e                z_unpend_first_thread
 .text.z_is_thread_ready
                0x000043e8       0x12 zephyr/kernel/libkernel.a(thread.c.obj)
 .text.z_impl_k_busy_wait
                0x000043fa        0x4 zephyr/kernel/libkernel.a(thread.c.obj)
                0x000043fa                z_impl_k_busy_wait
 .text.z_thread_single_abort
                0x000043fe       0x3e zephyr/kernel/libkernel.a(thread.c.obj)
                0x000043fe                z_thread_single_abort
 .text.z_init_thread_base
                0x0000443c       0x10 zephyr/kernel/libkernel.a(thread.c.obj)
                0x0000443c                z_init_thread_base
 .text.z_abort_timeout
                0x0000444c       0x2c zephyr/kernel/libkernel.a(timeout.c.obj)
                0x0000444c                z_abort_timeout
 .text.z_get_next_timeout_expiry
                0x00004478       0x20 zephyr/kernel/libkernel.a(timeout.c.obj)
                0x00004478                z_get_next_timeout_expiry
 .text.z_set_timeout_expiry
                0x00004498       0x34 zephyr/kernel/libkernel.a(timeout.c.obj)
                0x00004498                z_set_timeout_expiry
 .text.z_tick_get_32
                0x000044cc        0x8 zephyr/kernel/libkernel.a(timeout.c.obj)
                0x000044cc                z_tick_get_32
 .text._OffsetAbsSyms
                0x000044d4        0x2 zephyr/CMakeFiles/offsets.dir/arch/arm/core/offsets/offsets.c.obj
                0x000044d4                _OffsetAbsSyms
 *(SORT_BY_ALIGNMENT(.gnu.linkonce.t.*))
 *(SORT_BY_ALIGNMENT(.glue_7t))
 .glue_7t       0x000044d6        0x0 linker stubs
 *(SORT_BY_ALIGNMENT(.glue_7))
 .glue_7        0x000044d6        0x0 linker stubs
 *(SORT_BY_ALIGNMENT(.vfp11_veneer))
 .vfp11_veneer  0x000044d6        0x0 linker stubs
 *(SORT_BY_ALIGNMENT(.v4_bx))
 .v4_bx         0x000044d6        0x0 linker stubs
                0x000044d6                _image_text_end = .

.ARM.exidx      0x000044d8        0x8
                0x000044d8                __exidx_start = .
 *(SORT_BY_ALIGNMENT(.ARM.exidx*) SORT_BY_ALIGNMENT(gnu.linkonce.armexidx.*))
 .ARM.exidx     0x000044d8        0x8 c:/gnuarmemb/bin/../lib/gcc/arm-none-eabi/7.3.1/thumb/v7e-m\libgcc.a(_udivmoddi4.o)
                0x000044e0                __exidx_end = .
                0x000044e0                _image_rodata_start = .

sw_isr_table    0x000044e0      0x138
 *(SORT_BY_ALIGNMENT(.gnu.linkonce.sw_isr_table))
 .gnu.linkonce.sw_isr_table
                0x000044e0      0x138 zephyr/CMakeFiles/kernel_elf.dir/isr_tables.c.obj
                0x000044e0                _sw_isr_table

app_shmem_regions
                0x00004618        0x0
                0x00004618                __app_shmem_regions_start = .
 *(SORT_BY_NAME(SORT_BY_ALIGNMENT(.app_regions.*)))
                0x00004618                __app_shmem_regions_end = .

devconfig       0x00004618       0x90
                0x00004618                __devconfig_start = .
 *(SORT_BY_ALIGNMENT(.devconfig.*))
 .devconfig.init
                0x00004618        0xc zephyr/libzephyr.a(soc.c.obj)
 .devconfig.init
                0x00004624        0xc zephyr/libzephyr.a(SEGGER_RTT_zephyr.c.obj)
 .devconfig.init
                0x00004630        0xc zephyr/libzephyr.a(uart_console.c.obj)
 .devconfig.init
                0x0000463c        0xc zephyr/libzephyr.a(rtt_console.c.obj)
 .devconfig.init
                0x00004648       0x18 zephyr/libzephyr.a(nrf_power_clock.c.obj)
 .devconfig.init
                0x00004660        0xc zephyr/libzephyr.a(sys_clock_init.c.obj)
 .devconfig.init
                0x0000466c        0xc zephyr/arch/arch/arm/core/cortex_m/mpu/libarch__arm__core__cortex_m__mpu.a(arm_mpu.c.obj)
 .devconfig.init
                0x00004678        0xc zephyr/drivers/gpio/libdrivers__gpio.a(gpio_nrfx.c.obj)
 .devconfig.init
                0x00004684        0xc zephyr/drivers/spi/libdrivers__spi.a(spi_nrfx_spim.c.obj)
 .devconfig.init
                0x00004690        0xc zephyr/drivers/serial/libdrivers__serial.a(uart_nrfx_uart.c.obj)
 .devconfig.init
                0x0000469c        0xc zephyr/kernel/libkernel.a(mempool.c.obj)
 *(SORT_BY_NAME(SORT_BY_ALIGNMENT(.devconfig*)))
                0x000046a8                __devconfig_end = .

net_l2          0x000046a8        0x0
                0x000046a8                __net_l2_start = .
 *(SORT_BY_ALIGNMENT(.net_l2.init))
 *(SORT_BY_NAME(SORT_BY_ALIGNMENT(.net_l2.init*)))
                0x000046a8                __net_l2_end = .

log_const_sections
                0x000046a8        0x0
                0x000046a8                __log_const_start = .
 *(SORT_BY_NAME(SORT_BY_ALIGNMENT(.log_const_*)))
                0x000046a8                __log_const_end = .

log_backends_sections
                0x000046a8        0x0
                0x000046a8                __log_backends_start = .
 *(SORT_BY_ALIGNMENT(.log_backends))
                0x000046a8                __log_backends_end = .

shell_root_cmds_sections
                0x000046a8        0x0
                0x000046a8                __shell_root_cmds_start = .
 *(SORT_BY_NAME(SORT_BY_ALIGNMENT(.shell_root_cmd_*)))
                0x000046a8                __shell_root_cmds_end = .

font_entry_sections
                0x000046a8        0x0
                0x000046a8                __font_entry_start = .
 *(SORT_BY_NAME(SORT_BY_ALIGNMENT(.font_entry.*)))
                0x000046a8                __font_entry_end = .

rodata          0x000046b0      0x680
 *(SORT_BY_ALIGNMENT(.rodata))
 *(SORT_BY_ALIGNMENT(.rodata.*))
 .rodata.delay_machine_code.9530
                0x000046b0        0x6 zephyr/libzephyr.a(soc.c.obj)
 *fill*         0x000046b6        0x2 
 .rodata.agc_config
                0x000046b8        0x8 app/libapp.a(deca_params_init.c.obj)
                0x000046b8                agc_config
 .rodata.digital_bb_config
                0x000046c0       0x20 app/libapp.a(deca_params_init.c.obj)
                0x000046c0                digital_bb_config
 .rodata.fs_pll_cfg
                0x000046e0       0x18 app/libapp.a(deca_params_init.c.obj)
                0x000046e0                fs_pll_cfg
 .rodata.tx_config
                0x000046f8       0x18 app/libapp.a(deca_params_init.c.obj)
                0x000046f8                tx_config
 .rodata.mpu_config
                0x00004710        0x8 zephyr/libzephyr.a(mpu_regions.c.obj)
                0x00004710                mpu_config
 .rodata.mpu_regions
                0x00004718       0x18 zephyr/libzephyr.a(mpu_regions.c.obj)
 .rodata._k32src_clock_control_api
                0x00004730        0xc zephyr/libzephyr.a(nrf_power_clock.c.obj)
 .rodata._m16src_clock_control_api
                0x0000473c        0xc zephyr/libzephyr.a(nrf_power_clock.c.obj)
 .rodata.gpio_nrfx_drv_api_funcs
                0x00004748       0x1c zephyr/drivers/gpio/libdrivers__gpio.a(gpio_nrfx.c.obj)
 .rodata.gpio_nrfx_p0_cfg
                0x00004764        0x8 zephyr/drivers/gpio/libdrivers__gpio.a(gpio_nrfx.c.obj)
 .rodata.spi_1_config
                0x0000476c        0xc zephyr/drivers/spi/libdrivers__spi.a(spi_nrfx_spim.c.obj)
 .rodata.spi_nrfx_driver_api
                0x00004778        0x8 zephyr/drivers/spi/libdrivers__spi.a(spi_nrfx_spim.c.obj)
 .rodata.uart_nrfx_uart_driver_api
                0x00004780       0x14 zephyr/drivers/serial/libdrivers__serial.a(uart_nrfx_uart.c.obj)
 .rodata.config_levels.9233
                0x00004794       0x14 zephyr/kernel/libkernel.a(device.c.obj)
 .rodata._k_neg_eagain
                0x000047a8        0x4 zephyr/kernel/libkernel.a(errno.c.obj)
                0x000047a8                _k_neg_eagain
 .rodata._idle_thread
                0x000047ac        0x4 zephyr/kernel/libkernel.a(init.c.obj)
                0x000047ac                _idle_thread
 .rodata.dtune1
                0x000047b0        0x4 app/libapp.a(deca_params_init.c.obj)
                0x000047b0                dtune1
 .rodata.lde_replicaCoeff
                0x000047b4       0x32 app/libapp.a(deca_params_init.c.obj)
                0x000047b4                lde_replicaCoeff
 .rodata.sftsh  0x000047e6        0xc app/libapp.a(deca_params_init.c.obj)
                0x000047e6                sftsh
 .rodata.dw_main.str1.1
                0x000047f2       0x23 app/libapp.a(ex_01a_main.c.obj)
 .rodata.chan_idx
                0x00004815        0x8 app/libapp.a(deca_params_init.c.obj)
                0x00004815                chan_idx
 .rodata.dwnsSFDlen
                0x0000481d        0x3 app/libapp.a(deca_params_init.c.obj)
                0x0000481d                dwnsSFDlen
 .rodata.fs_pll_tune
                0x00004820        0x6 app/libapp.a(deca_params_init.c.obj)
                0x00004820                fs_pll_tune
 .rodata.rx_config
                0x00004826        0x2 app/libapp.a(deca_params_init.c.obj)
                0x00004826                rx_config
 .rodata.openspi.str1.1
                0x00004828       0x21 app/libapp.a(deca_spi.c.obj)
 .rodata.str1.1
                0x00004849       0x21 zephyr/libzephyr.a(soc.c.obj)
                                  0x1 (size before relaxing)
 .rodata.str1.1
                0x00004849        0xf zephyr/libzephyr.a(mpu_regions.c.obj)
 .rodata._DoInit.str1.1
                0x00004858       0x14 zephyr/libzephyr.a(SEGGER_RTT.c.obj)
 .rodata.str1.1
                0x0000486c        0x1 zephyr/libzephyr.a(SEGGER_RTT_zephyr.c.obj)
 .rodata.str1.1
                0x0000486c        0x1 zephyr/libzephyr.a(uart_console.c.obj)
 .rodata.uart_console_init.str1.1
                0x0000486c        0x7 zephyr/libzephyr.a(uart_console.c.obj)
 .rodata.str1.1
                0x00004873        0x1 zephyr/libzephyr.a(rtt_console.c.obj)
 .rodata.str1.1
                0x00004873       0x14 zephyr/libzephyr.a(nrf_power_clock.c.obj)
 .rodata.str1.1
                0x00004887        0xa zephyr/libzephyr.a(sys_clock_init.c.obj)
 .rodata.z_clock_driver_init.str1.1
                0x00004891        0xa zephyr/libzephyr.a(nrf_rtc_timer.c.obj)
 .rodata._BusFault.isra.3.str1.1
                0x00004891       0x8e zephyr/arch/arch/arm/core/libarch__arm__core.a(fault.c.obj)
 .rodata._Fault.str1.1
                0x0000491f       0xd3 zephyr/arch/arch/arm/core/libarch__arm__core.a(fault.c.obj)
 .rodata._MpuFault.isra.2.str1.1
                0x000049f2       0xdf zephyr/arch/arch/arm/core/libarch__arm__core.a(fault.c.obj)
 .rodata._UsageFault.isra.4.str1.1
                0x00004ad1       0xd4 zephyr/arch/arch/arm/core/libarch__arm__core.a(fault.c.obj)
 .rodata.z_NanoFatalErrorHandler.str1.1
                0x00004ba5       0xda zephyr/arch/arch/arm/core/libarch__arm__core.a(fatal.c.obj)
 .rodata.z_SysFatalErrorHandler.str1.1
                0x00004c7f       0x5a zephyr/arch/arch/arm/core/libarch__arm__core.a(sys_fatal_error_handler.c.obj)
 .rodata.str1.1
                0x00004cd9        0x1 zephyr/arch/arch/arm/core/cortex_m/mpu/libarch__arm__core__cortex_m__mpu.a(arm_mpu.c.obj)
 .rodata.str1.1
                0x00004cd9        0x7 zephyr/drivers/gpio/libdrivers__gpio.a(gpio_nrfx.c.obj)
 .rodata.str1.1
                0x00004ce0        0x6 zephyr/drivers/spi/libdrivers__spi.a(spi_nrfx_spim.c.obj)
 .rodata.str1.1
                0x00004ce0        0x7 zephyr/drivers/serial/libdrivers__serial.a(uart_nrfx_uart.c.obj)
 .rodata.uart_nrfx_uart0_config
                0x00004ce0        0x1 zephyr/drivers/serial/libdrivers__serial.a(uart_nrfx_uart.c.obj)
 .rodata.bg_thread_main.str1.1
                0x00004ce1       0x42 zephyr/kernel/libkernel.a(init.c.obj)
 .rodata.z_cstart.str1.1
                0x00004d23        0xa zephyr/kernel/libkernel.a(init.c.obj)
 .rodata.str1.1
                0x00004d2d        0x1 zephyr/kernel/libkernel.a(mempool.c.obj)
 *(SORT_BY_ALIGNMENT(.gnu.linkonce.r.*))
                0x00004d30                . = ALIGN (0x4)
 *fill*         0x00004d2d        0x3 
                0x00004d30                _image_rodata_end = .
                0x00004d30                _image_rom_end = .
                0x20000000                . = 0x20000000
                0x20000000                . = ALIGN (_region_min_align)
                0x20000000                _image_ram_start = .

.ramfunc        0x20000000        0x0 load address 0x00004d30
                0x20000000                . = ALIGN (_region_min_align)
                0x20000000                . = ALIGN ((0x1 << LOG2CEIL (_ramfunc_ram_size)))
                0x20000000                _ramfunc_ram_start = .
 *(SORT_BY_ALIGNMENT(.ramfunc))
 *(SORT_BY_ALIGNMENT(.ramfunc.*))
                0x20000000                . = ALIGN (_region_min_align)
                0x20000000                . = ALIGN ((0x1 << LOG2CEIL (_ramfunc_ram_size)))
                0x20000000                _ramfunc_ram_end = .
                0x00000000                _ramfunc_ram_size = (_ramfunc_ram_end - _ramfunc_ram_start)
                0x00004d30                _ramfunc_rom_start = LOADADDR (.ramfunc)

bss             0x20000000      0x8b9
                0x20000000                . = ALIGN (0x4)
                0x20000000                __bss_start = .
                0x20000000                __kernel_ram_start = .
 *(SORT_BY_ALIGNMENT(.bss))
 *(SORT_BY_ALIGNMENT(.bss.*))
 .bss.curr_tick
                0x20000000        0x8 zephyr/kernel/libkernel.a(timeout.c.obj)
 .bss.dw1000local
                0x20000008       0x38 app/libapp.a(deca_device.c.obj)
 .bss.bufs      0x20000040       0x10 app/libapp.a(deca_spi.c.obj)
                0x20000040                bufs
 .bss.rx        0x20000050        0x8 app/libapp.a(deca_spi.c.obj)
                0x20000050                rx
 .bss.spi       0x20000058        0x4 app/libapp.a(deca_spi.c.obj)
                0x20000058                spi
 .bss.spi_cfg   0x2000005c        0x4 app/libapp.a(deca_spi.c.obj)
                0x2000005c                spi_cfg
 .bss.spi_cfgs  0x20000060       0x30 app/libapp.a(deca_spi.c.obj)
                0x20000060                spi_cfgs
 .bss.tx        0x20000090        0x8 app/libapp.a(deca_spi.c.obj)
                0x20000090                tx
 .bss.m_cb      0x20000098       0x24 zephyr/libzephyr.a(nrfx_spim.c.obj)
 .bss._SEGGER_RTT
                0x200000bc       0xa8 zephyr/libzephyr.a(SEGGER_RTT.c.obj)
                0x200000bc                _SEGGER_RTT
 .bss.uart_console_dev
                0x20000164        0x4 zephyr/libzephyr.a(uart_console.c.obj)
 .bss.last_count
                0x20000168        0x4 zephyr/libzephyr.a(nrf_rtc_timer.c.obj)
 .bss.gpio_nrfx_p0_data
                0x2000016c       0x20 zephyr/drivers/gpio/libdrivers__gpio.a(gpio_nrfx.c.obj)
 .bss._idle_thread_s
                0x2000018c       0x6c zephyr/kernel/libkernel.a(init.c.obj)
 .bss._main_thread_s
                0x200001f8       0x6c zephyr/kernel/libkernel.a(init.c.obj)
 .bss._kernel   0x20000264       0x30 zephyr/kernel/libkernel.a(sched.c.obj)
                0x20000264                _kernel
 .bss.pending_current
                0x20000294        0x4 zephyr/kernel/libkernel.a(sched.c.obj)
 .bss.slice_max_prio
                0x20000298        0x4 zephyr/kernel/libkernel.a(sched.c.obj)
 .bss.slice_time
                0x2000029c        0x4 zephyr/kernel/libkernel.a(sched.c.obj)
 .bss.announce_remaining
                0x200002a0        0x4 zephyr/kernel/libkernel.a(timeout.c.obj)
 .bss.rx_buf    0x200002a4       0xff app/libapp.a(deca_spi.c.obj)
                0x200002a4                rx_buf
 .bss.tx_buf    0x200003a3       0xff app/libapp.a(deca_spi.c.obj)
                0x200003a3                tx_buf
 .bss._acDownBuffer
                0x200004a2       0x10 zephyr/libzephyr.a(SEGGER_RTT.c.obj)
 .bss._acUpBuffer
                0x200004b2      0x400 zephyr/libzephyr.a(SEGGER_RTT.c.obj)
 .bss.host_present
                0x200008b2        0x1 zephyr/libzephyr.a(rtt_console.c.obj)
 .bss.k32src_initialized
                0x200008b3        0x1 zephyr/libzephyr.a(nrf_power_clock.c.obj)
 .bss.m16src_grd
                0x200008b4        0x1 zephyr/libzephyr.a(nrf_power_clock.c.obj)
 .bss.m16src_ref
                0x200008b5        0x1 zephyr/libzephyr.a(nrf_power_clock.c.obj)
 .bss.static_regions_num
                0x200008b6        0x1 zephyr/arch/arch/arm/core/cortex_m/mpu/libarch__arm__core__cortex_m__mpu.a(arm_mpu.c.obj)
 .bss.gpio_initialized.10109
                0x200008b7        0x1 zephyr/drivers/gpio/libdrivers__gpio.a(gpio_nrfx.c.obj)
 .bss.lock      0x200008b8        0x0 zephyr/kernel/libkernel.a(mutex.c.obj)
 .bss.lock      0x200008b8        0x0 zephyr/kernel/libkernel.a(sem.c.obj)
 .bss.lock      0x200008b8        0x0 zephyr/kernel/libkernel.a(thread.c.obj)
 .bss.can_wait_forever
                0x200008b8        0x1 zephyr/kernel/libkernel.a(timeout.c.obj)
 *(SORT_BY_ALIGNMENT(COMMON))
 *(SORT_BY_ALIGNMENT(.kernel_bss.*))
                0x200008bc                __bss_end = ALIGN (0x4)

noinit          0x200008c0      0xd40
 *(SORT_BY_ALIGNMENT(.noinit))
 *(SORT_BY_ALIGNMENT(.noinit.*))
 .noinit."C:/ricardo/zephyr/kernel/init.c".1
                0x200008c0      0x400 zephyr/kernel/libkernel.a(init.c.obj)
                0x200008c0                _main_stack
 .noinit."C:/ricardo/zephyr/kernel/init.c".2
                0x20000cc0      0x140 zephyr/kernel/libkernel.a(init.c.obj)
                0x20000cc0                _idle_stack
 .noinit."C:/ricardo/zephyr/kernel/init.c".3
                0x20000e00      0x800 zephyr/kernel/libkernel.a(init.c.obj)
                0x20000e00                _interrupt_stack
 *(SORT_BY_ALIGNMENT(.kernel_noinit.*))

datas           0x20001600       0x88 load address 0x00004d30
                0x20001600                __data_ram_start = .
 *(SORT_BY_ALIGNMENT(.data))
 *(SORT_BY_ALIGNMENT(.data.*))
 .data.pdw1000local
                0x20001600        0x4 app/libapp.a(deca_device.c.obj)
 .data._char_out
                0x20001604        0x4 zephyr/libzephyr.a(printk.c.obj)
                0x20001604                _char_out
 .data.SystemCoreClock
                0x20001608        0x4 zephyr/libzephyr.a(system_nrf52.c.obj)
                0x20001608                SystemCoreClock
 .data._stdout_hook
                0x2000160c        0x4 zephyr/lib/libc/minimal/liblib__libc__minimal.a(stdout_console.c.obj)
 .data.spi_1_data
                0x20001610       0x50 zephyr/drivers/spi/libdrivers__spi.a(spi_nrfx_spim.c.obj)
 .data.uart_nrfx_uart0_data
                0x20001660        0x8 zephyr/drivers/serial/libdrivers__serial.a(uart_nrfx_uart.c.obj)
 .data.timeout_list
                0x20001668        0x8 zephyr/kernel/libkernel.a(timeout.c.obj)
 .data.config   0x20001670        0xc app/libapp.a(ex_01a_main.c.obj)
 .data.tx_msg   0x2000167c        0xc app/libapp.a(ex_01a_main.c.obj)
 *(SORT_BY_ALIGNMENT(.kernel.*))
                0x00004d30                __data_rom_start = LOADADDR (datas)

initlevel       0x20001688       0x90 load address 0x00004db8
                0x20001688                __device_init_start = .
                0x20001688                __device_PRE_KERNEL_1_start = .
 *(SORT_BY_NAME(SORT_BY_ALIGNMENT(.init_PRE_KERNEL_1[0-9])))
 .init_PRE_KERNEL_10
                0x20001688        0xc zephyr/libzephyr.a(soc.c.obj)
 *(SORT_BY_NAME(SORT_BY_ALIGNMENT(.init_PRE_KERNEL_1[1-9][0-9])))
 .init_PRE_KERNEL_130
                0x20001694        0xc zephyr/libzephyr.a(SEGGER_RTT_zephyr.c.obj)
 .init_PRE_KERNEL_130
                0x200016a0        0xc zephyr/kernel/libkernel.a(mempool.c.obj)
 .init_PRE_KERNEL_140
                0x200016ac        0xc zephyr/libzephyr.a(rtt_console.c.obj)
 .init_PRE_KERNEL_140
                0x200016b8        0xc zephyr/arch/arch/arm/core/cortex_m/mpu/libarch__arm__core__cortex_m__mpu.a(arm_mpu.c.obj)
 .init_PRE_KERNEL_150
                0x200016c4       0x18 zephyr/libzephyr.a(nrf_power_clock.c.obj)
 .init_PRE_KERNEL_150
                0x200016dc        0xc zephyr/drivers/serial/libdrivers__serial.a(uart_nrfx_uart.c.obj)
 .init_PRE_KERNEL_160
                0x200016e8        0xc zephyr/libzephyr.a(uart_console.c.obj)
                0x200016f4                __device_PRE_KERNEL_2_start = .
 *(SORT_BY_NAME(SORT_BY_ALIGNMENT(.init_PRE_KERNEL_2[0-9])))
 .init_PRE_KERNEL_20
                0x200016f4        0xc zephyr/libzephyr.a(sys_clock_init.c.obj)
 *(SORT_BY_NAME(SORT_BY_ALIGNMENT(.init_PRE_KERNEL_2[1-9][0-9])))
                0x20001700                __device_POST_KERNEL_start = .
 *(SORT_BY_NAME(SORT_BY_ALIGNMENT(.init_POST_KERNEL[0-9])))
 *(SORT_BY_NAME(SORT_BY_ALIGNMENT(.init_POST_KERNEL[1-9][0-9])))
 .init_POST_KERNEL40
                0x20001700        0xc zephyr/drivers/gpio/libdrivers__gpio.a(gpio_nrfx.c.obj)
 .init_POST_KERNEL70
                0x2000170c        0xc zephyr/drivers/spi/libdrivers__spi.a(spi_nrfx_spim.c.obj)
                0x20001718                __device_APPLICATION_start = .
 *(SORT_BY_NAME(SORT_BY_ALIGNMENT(.init_APPLICATION[0-9])))
 *(SORT_BY_NAME(SORT_BY_ALIGNMENT(.init_APPLICATION[1-9][0-9])))
                0x20001718                __device_init_end = .

initlevel_error
                0x20001688        0x0
 *(SORT_BY_NAME(SORT_BY_ALIGNMENT(.init_[_A-Z0-9]*)))
                0x00000001                ASSERT ((SIZEOF (initlevel_error) == 0x0), Undefined initialization levels used.)

initshell       0x20001718        0x0 load address 0x00004e48
                0x20001718                __shell_module_start = .
 *(SORT_BY_ALIGNMENT(.shell_module_*))
                0x20001718                __shell_module_end = .
                0x20001718                __shell_cmd_start = .
 *(SORT_BY_ALIGNMENT(.shell_cmd_*))
                0x20001718                __shell_cmd_end = .

log_dynamic_sections
                0x20001718        0x0 load address 0x00004e48
                0x20001718                __log_dynamic_start = .
 *(SORT_BY_NAME(SORT_BY_ALIGNMENT(.log_dynamic_*)))
                0x20001718                __log_dynamic_end = .

_static_thread_area
                0x20001718        0x0 load address 0x00004e48
                0x20001718                _static_thread_data_list_start = .
 *(SORT_BY_NAME(SORT_BY_ALIGNMENT(._static_thread_data.static.*)))
                0x20001718                _static_thread_data_list_end = .

_k_timer_area   0x20001718        0x0 load address 0x00004e48
                0x20001718                _k_timer_list_start = .
 *(SORT_BY_ALIGNMENT(._k_timer.static.*))
                0x20001718                _k_timer_list_end = .

_k_mem_slab_area
                0x20001718        0x0 load address 0x00004e48
                0x20001718                _k_mem_slab_list_start = .
 *(SORT_BY_ALIGNMENT(._k_mem_slab.static.*))
                0x20001718                _k_mem_slab_list_end = .

_k_mem_pool_area
                0x20001718        0x0 load address 0x00004e48
                0x20001718                _k_mem_pool_list_start = .
 *(SORT_BY_ALIGNMENT(._k_mem_pool.static.*))
                0x20001718                _k_mem_pool_list_end = .

_k_sem_area     0x20001718        0x0 load address 0x00004e48
                0x20001718                _k_sem_list_start = .
 *(SORT_BY_ALIGNMENT(._k_sem.static.*))
                0x20001718                _k_sem_list_end = .

_k_mutex_area   0x20001718       0x28 load address 0x00004e48
                0x20001718                _k_mutex_list_start = .
 *(SORT_BY_ALIGNMENT(._k_mutex.static.*))
 ._k_mutex.static.fdtable_lock
                0x20001718       0x14 zephyr/libzephyr.a(fdtable.c.obj)
 ._k_mutex.static.rtt_term_mutex
                0x2000172c       0x14 zephyr/libzephyr.a(SEGGER_RTT_zephyr.c.obj)
                0x2000172c                rtt_term_mutex
                0x20001740                _k_mutex_list_end = .

_k_queue_area   0x20001740        0x0 load address 0x00004e70
                0x20001740                _k_queue_list_start = .
 *(SORT_BY_ALIGNMENT(._k_queue.static.*))
                0x20001740                _k_queue_list_end = .

_k_stack_area   0x20001740        0x0 load address 0x00004e70
                0x20001740                _k_stack_list_start = .
 *(SORT_BY_ALIGNMENT(._k_stack.static.*))
                0x20001740                _k_stack_list_end = .

_k_msgq_area    0x20001740        0x0 load address 0x00004e70
                0x20001740                _k_msgq_list_start = .
 *(SORT_BY_ALIGNMENT(._k_msgq.static.*))
                0x20001740                _k_msgq_list_end = .

_k_mbox_area    0x20001740        0x0 load address 0x00004e70
                0x20001740                _k_mbox_list_start = .
 *(SORT_BY_ALIGNMENT(._k_mbox.static.*))
                0x20001740                _k_mbox_list_end = .

_k_pipe_area    0x20001740        0x0 load address 0x00004e70
                0x20001740                _k_pipe_list_start = .
 *(SORT_BY_ALIGNMENT(._k_pipe.static.*))
                0x20001740                _k_pipe_list_end = .

_net_buf_pool_area
                0x20001740        0x0 load address 0x00004e70
                0x20001740                _net_buf_pool_list = .
 *(SORT_BY_NAME(SORT_BY_ALIGNMENT(._net_buf_pool.static.*)))

net_if          0x20001740        0x0 load address 0x00004e70
                0x20001740                __net_if_start = .
 *(SORT_BY_ALIGNMENT(.net_if.*))
 *(SORT_BY_NAME(SORT_BY_ALIGNMENT(.net_if.*)))
                0x20001740                __net_if_end = .

net_if_dev      0x20001740        0x0 load address 0x00004e70
                0x20001740                __net_if_dev_start = .
 *(SORT_BY_ALIGNMENT(.net_if_dev.*))
 *(SORT_BY_NAME(SORT_BY_ALIGNMENT(.net_if_dev.*)))
                0x20001740                __net_if_dev_end = .

net_l2_data     0x20001740        0x0 load address 0x00004e70
                0x20001740                __net_l2_data_start = .
 *(SORT_BY_ALIGNMENT(.net_l2.data))
 *(SORT_BY_NAME(SORT_BY_ALIGNMENT(.net_l2.data*)))
                0x20001740                __net_l2_data_end = .

priv_stacks_noinit
 *(SORT_BY_ALIGNMENT(.priv_stacks.noinit))
                0x20001740                __data_ram_end = .
                0x20001740                _image_ram_end = .
                0x20001740                _end = .
                0x20010000                __kernel_ram_end = 0x20010000
                0x00010000                __kernel_ram_size = (__kernel_ram_end - __kernel_ram_start)

.stab
 *(SORT_BY_ALIGNMENT(.stab))

.stabstr
 *(SORT_BY_ALIGNMENT(.stabstr))

.stab.excl
 *(SORT_BY_ALIGNMENT(.stab.excl))

.stab.exclstr
 *(SORT_BY_ALIGNMENT(.stab.exclstr))

.stab.index
 *(SORT_BY_ALIGNMENT(.stab.index))

.stab.indexstr
 *(SORT_BY_ALIGNMENT(.stab.indexstr))

.gnu.build.attributes
 *(SORT_BY_ALIGNMENT(.gnu.build.attributes) SORT_BY_ALIGNMENT(.gnu.build.attributes.*))

.comment        0x00000000       0x7f
 *(SORT_BY_ALIGNMENT(.comment))
 .comment       0x00000000       0x7f zephyr/CMakeFiles/kernel_elf.dir/isr_tables.c.obj
                                 0x80 (size before relaxing)
 .comment       0x0000007f       0x80 app/libapp.a(main.c.obj)
 .comment       0x0000007f       0x80 app/libapp.a(ex_01a_main.c.obj)
 .comment       0x0000007f       0x80 app/libapp.a(deca_device.c.obj)
 .comment       0x0000007f       0x80 app/libapp.a(deca_params_init.c.obj)
 .comment       0x0000007f       0x80 app/libapp.a(port.c.obj)
 .comment       0x0000007f       0x80 app/libapp.a(deca_mutex.c.obj)
 .comment       0x0000007f       0x80 app/libapp.a(deca_sleep.c.obj)
 .comment       0x0000007f       0x80 app/libapp.a(deca_spi.c.obj)
 .comment       0x0000007f       0x80 zephyr/libzephyr.a(isr_tables.c.obj)
 .comment       0x0000007f       0x80 zephyr/libzephyr.a(fdtable.c.obj)
 .comment       0x0000007f       0x80 zephyr/libzephyr.a(mempool.c.obj)
 .comment       0x0000007f       0x80 zephyr/libzephyr.a(thread_entry.c.obj)
 .comment       0x0000007f       0x80 zephyr/libzephyr.a(printk.c.obj)
 .comment       0x0000007f       0x80 zephyr/libzephyr.a(configs.c.obj)
 .comment       0x0000007f       0x80 zephyr/libzephyr.a(soc.c.obj)
 .comment       0x0000007f       0x80 zephyr/libzephyr.a(mpu_regions.c.obj)
 .comment       0x0000007f       0x80 zephyr/libzephyr.a(system_nrf52.c.obj)
 .comment       0x0000007f       0x80 zephyr/libzephyr.a(nrfx_glue.c.obj)
 .comment       0x0000007f       0x80 zephyr/libzephyr.a(nrfx_spim.c.obj)
 .comment       0x0000007f       0x80 zephyr/libzephyr.a(SEGGER_RTT.c.obj)
 .comment       0x0000007f       0x80 zephyr/libzephyr.a(SEGGER_RTT_zephyr.c.obj)
 .comment       0x0000007f       0x80 zephyr/libzephyr.a(uart_console.c.obj)
 .comment       0x0000007f       0x80 zephyr/libzephyr.a(rtt_console.c.obj)
 .comment       0x0000007f       0x80 zephyr/libzephyr.a(nrf_power_clock.c.obj)
 .comment       0x0000007f       0x80 zephyr/libzephyr.a(sys_clock_init.c.obj)
 .comment       0x0000007f       0x80 zephyr/libzephyr.a(nrf_rtc_timer.c.obj)
 .comment       0x0000007f       0x80 zephyr/arch/arch/arm/core/libarch__arm__core.a(irq_init.c.obj)
 .comment       0x0000007f       0x80 zephyr/arch/arch/arm/core/libarch__arm__core.a(swap.c.obj)
 .comment       0x0000007f       0x80 zephyr/arch/arch/arm/core/libarch__arm__core.a(fault.c.obj)
 .comment       0x0000007f       0x80 zephyr/arch/arch/arm/core/libarch__arm__core.a(irq_manage.c.obj)
 .comment       0x0000007f       0x80 zephyr/arch/arch/arm/core/libarch__arm__core.a(thread.c.obj)
 .comment       0x0000007f       0x80 zephyr/arch/arch/arm/core/libarch__arm__core.a(fatal.c.obj)
 .comment       0x0000007f       0x80 zephyr/arch/arch/arm/core/libarch__arm__core.a(sys_fatal_error_handler.c.obj)
 .comment       0x0000007f       0x80 zephyr/arch/arch/arm/core/libarch__arm__core.a(thread_abort.c.obj)
 .comment       0x0000007f       0x80 zephyr/arch/arch/arm/core/cortex_m/libarch__arm__core__cortex_m.a(prep_c.c.obj)
 .comment       0x0000007f       0x80 zephyr/arch/arch/arm/core/cortex_m/libarch__arm__core__cortex_m.a(nmi.c.obj)
 .comment       0x0000007f       0x80 zephyr/arch/arch/arm/core/cortex_m/mpu/libarch__arm__core__cortex_m__mpu.a(arm_core_mpu.c.obj)
 .comment       0x0000007f       0x80 zephyr/arch/arch/arm/core/cortex_m/mpu/libarch__arm__core__cortex_m__mpu.a(arm_mpu.c.obj)
 .comment       0x0000007f       0x80 zephyr/lib/libc/minimal/liblib__libc__minimal.a(string.c.obj)
 .comment       0x0000007f       0x80 zephyr/lib/libc/minimal/liblib__libc__minimal.a(stdout_console.c.obj)
 .comment       0x0000007f       0x80 zephyr/drivers/gpio/libdrivers__gpio.a(gpio_nrfx.c.obj)
 .comment       0x0000007f       0x80 zephyr/drivers/spi/libdrivers__spi.a(spi_nrfx_spim.c.obj)
 .comment       0x0000007f       0x80 zephyr/drivers/serial/libdrivers__serial.a(uart_nrfx_uart.c.obj)
 .comment       0x0000007f       0x80 zephyr/kernel/libkernel.a(device.c.obj)
 .comment       0x0000007f       0x80 zephyr/kernel/libkernel.a(errno.c.obj)
 .comment       0x0000007f       0x80 zephyr/kernel/libkernel.a(idle.c.obj)
 .comment       0x0000007f       0x80 zephyr/kernel/libkernel.a(init.c.obj)
 .comment       0x0000007f       0x80 zephyr/kernel/libkernel.a(mutex.c.obj)
 .comment       0x0000007f       0x80 zephyr/kernel/libkernel.a(sched.c.obj)
 .comment       0x0000007f       0x80 zephyr/kernel/libkernel.a(sem.c.obj)
 .comment       0x0000007f       0x80 zephyr/kernel/libkernel.a(thread.c.obj)
 .comment       0x0000007f       0x80 zephyr/kernel/libkernel.a(timeout.c.obj)
 .comment       0x0000007f       0x80 zephyr/kernel/libkernel.a(mempool.c.obj)
 .comment       0x0000007f       0x80 zephyr/CMakeFiles/offsets.dir/arch/arm/core/offsets/offsets.c.obj

.debug
 *(SORT_BY_ALIGNMENT(.debug))

.line
 *(SORT_BY_ALIGNMENT(.line))

.debug_srcinfo
 *(SORT_BY_ALIGNMENT(.debug_srcinfo))

.debug_sfnames
 *(SORT_BY_ALIGNMENT(.debug_sfnames))

.debug_aranges  0x00000000     0x1338
 *(SORT_BY_ALIGNMENT(.debug_aranges))
 .debug_aranges
                0x00000000       0x20 zephyr/arch/arch/arm/core/libarch__arm__core.a(exc_exit.S.obj)
 .debug_aranges
                0x00000020       0x28 zephyr/arch/arch/arm/core/libarch__arm__core.a(swap_helper.S.obj)
 .debug_aranges
                0x00000048       0x40 zephyr/arch/arch/arm/core/libarch__arm__core.a(cpu_idle.S.obj)
 .debug_aranges
                0x00000088       0x20 zephyr/arch/arch/arm/core/libarch__arm__core.a(fault_s.S.obj)
 .debug_aranges
                0x000000a8       0x20 zephyr/arch/arch/arm/core/libarch__arm__core.a(isr_wrapper.S.obj)
 .debug_aranges
                0x000000c8       0x20 zephyr/arch/arch/arm/core/cortex_m/libarch__arm__core__cortex_m.a(reset.S.obj)
 .debug_aranges
                0x000000e8       0x20 zephyr/arch/arch/arm/core/cortex_m/libarch__arm__core__cortex_m.a(nmi_on_reset.S.obj)
 .debug_aranges
                0x00000108       0x18 zephyr/CMakeFiles/kernel_elf.dir/isr_tables.c.obj
 .debug_aranges
                0x00000120       0x20 app/libapp.a(main.c.obj)
 .debug_aranges
                0x00000140       0x20 app/libapp.a(ex_01a_main.c.obj)
 .debug_aranges
                0x00000160      0x358 app/libapp.a(deca_device.c.obj)
 .debug_aranges
                0x000004b8       0x18 app/libapp.a(deca_params_init.c.obj)
 .debug_aranges
                0x000004d0       0xb0 app/libapp.a(port.c.obj)
 .debug_aranges
                0x00000580       0x28 app/libapp.a(deca_mutex.c.obj)
 .debug_aranges
                0x000005a8       0x20 app/libapp.a(deca_sleep.c.obj)
 .debug_aranges
                0x000005c8       0x48 app/libapp.a(deca_spi.c.obj)
 .debug_aranges
                0x00000610       0x18 zephyr/libzephyr.a(isr_tables.c.obj)
 .debug_aranges
                0x00000628       0x50 zephyr/libzephyr.a(fdtable.c.obj)
 .debug_aranges
                0x00000678       0x68 zephyr/libzephyr.a(mempool.c.obj)
 .debug_aranges
                0x000006e0       0x20 zephyr/libzephyr.a(thread_entry.c.obj)
 .debug_aranges
                0x00000700       0x80 zephyr/libzephyr.a(printk.c.obj)
 .debug_aranges
                0x00000780       0x20 zephyr/libzephyr.a(configs.c.obj)
 .debug_aranges
                0x000007a0       0x30 zephyr/libzephyr.a(soc.c.obj)
 .debug_aranges
                0x000007d0       0x18 zephyr/libzephyr.a(mpu_regions.c.obj)
 .debug_aranges
                0x000007e8       0x38 zephyr/libzephyr.a(system_nrf52.c.obj)
 .debug_aranges
                0x00000820       0x20 zephyr/libzephyr.a(nrfx_glue.c.obj)
 .debug_aranges
                0x00000840       0x50 zephyr/libzephyr.a(nrfx_spim.c.obj)
 .debug_aranges
                0x00000890      0x118 zephyr/libzephyr.a(SEGGER_RTT.c.obj)
 .debug_aranges
                0x000009a8       0x20 zephyr/libzephyr.a(SEGGER_RTT_zephyr.c.obj)
 .debug_aranges
                0x000009c8       0x30 zephyr/libzephyr.a(uart_console.c.obj)
 .debug_aranges
                0x000009f8       0x28 zephyr/libzephyr.a(rtt_console.c.obj)
 .debug_aranges
                0x00000a20       0x40 zephyr/libzephyr.a(nrf_power_clock.c.obj)
 .debug_aranges
                0x00000a60       0x40 zephyr/libzephyr.a(sys_clock_init.c.obj)
 .debug_aranges
                0x00000aa0       0x40 zephyr/libzephyr.a(nrf_rtc_timer.c.obj)
 .debug_aranges
                0x00000ae0       0x20 zephyr/arch/arch/arm/core/libarch__arm__core.a(irq_init.c.obj)
 .debug_aranges
                0x00000b00       0x20 zephyr/arch/arch/arm/core/libarch__arm__core.a(swap.c.obj)
 .debug_aranges
                0x00000b20       0x40 zephyr/arch/arch/arm/core/libarch__arm__core.a(fault.c.obj)
 .debug_aranges
                0x00000b60       0x50 zephyr/arch/arch/arm/core/libarch__arm__core.a(irq_manage.c.obj)
 .debug_aranges
                0x00000bb0       0x20 zephyr/arch/arch/arm/core/libarch__arm__core.a(thread.c.obj)
 .debug_aranges
                0x00000bd0       0x30 zephyr/arch/arch/arm/core/libarch__arm__core.a(fatal.c.obj)
 .debug_aranges
                0x00000c00       0x20 zephyr/arch/arch/arm/core/libarch__arm__core.a(sys_fatal_error_handler.c.obj)
 .debug_aranges
                0x00000c20       0x20 zephyr/arch/arch/arm/core/libarch__arm__core.a(thread_abort.c.obj)
 .debug_aranges
                0x00000c40       0x28 zephyr/arch/arch/arm/core/cortex_m/libarch__arm__core__cortex_m.a(prep_c.c.obj)
 .debug_aranges
                0x00000c68       0x20 zephyr/arch/arch/arm/core/cortex_m/libarch__arm__core__cortex_m.a(nmi.c.obj)
 .debug_aranges
                0x00000c88       0x28 zephyr/arch/arch/arm/core/cortex_m/mpu/libarch__arm__core__cortex_m__mpu.a(arm_core_mpu.c.obj)
 .debug_aranges
                0x00000cb0       0x48 zephyr/arch/arch/arm/core/cortex_m/mpu/libarch__arm__core__cortex_m__mpu.a(arm_mpu.c.obj)
 .debug_aranges
                0x00000cf8       0x88 zephyr/lib/libc/minimal/liblib__libc__minimal.a(string.c.obj)
 .debug_aranges
                0x00000d80       0x58 zephyr/lib/libc/minimal/liblib__libc__minimal.a(stdout_console.c.obj)
 .debug_aranges
                0x00000dd8       0x68 zephyr/drivers/gpio/libdrivers__gpio.a(gpio_nrfx.c.obj)
 .debug_aranges
                0x00000e40       0x58 zephyr/drivers/spi/libdrivers__spi.a(spi_nrfx_spim.c.obj)
 .debug_aranges
                0x00000e98       0x48 zephyr/drivers/serial/libdrivers__serial.a(uart_nrfx_uart.c.obj)
 .debug_aranges
                0x00000ee0       0x30 zephyr/kernel/libkernel.a(device.c.obj)
 .debug_aranges
                0x00000f10       0x20 zephyr/kernel/libkernel.a(errno.c.obj)
 .debug_aranges
                0x00000f30       0x28 zephyr/kernel/libkernel.a(idle.c.obj)
 .debug_aranges
                0x00000f58       0x50 zephyr/kernel/libkernel.a(init.c.obj)
 .debug_aranges
                0x00000fa8       0x30 zephyr/kernel/libkernel.a(mutex.c.obj)
 .debug_aranges
                0x00000fd8      0x178 zephyr/kernel/libkernel.a(sched.c.obj)
 .debug_aranges
                0x00001150       0x30 zephyr/kernel/libkernel.a(sem.c.obj)
 .debug_aranges
                0x00001180       0xb8 zephyr/kernel/libkernel.a(thread.c.obj)
 .debug_aranges
                0x00001238       0x90 zephyr/kernel/libkernel.a(timeout.c.obj)
 .debug_aranges
                0x000012c8       0x50 zephyr/kernel/libkernel.a(mempool.c.obj)
 .debug_aranges
                0x00001318       0x20 zephyr/CMakeFiles/offsets.dir/arch/arm/core/offsets/offsets.c.obj

.debug_pubnames
 *(SORT_BY_ALIGNMENT(.debug_pubnames))

.debug_info     0x00000000    0x35c4c
 *(SORT_BY_ALIGNMENT(.debug_info) SORT_BY_ALIGNMENT(.gnu.linkonce.wi.*))
 .debug_info    0x00000000      0x1b6 zephyr/CMakeFiles/kernel_elf.dir/isr_tables.c.obj
 .debug_info    0x000001b6       0x5b app/libapp.a(main.c.obj)
 .debug_info    0x00000211      0x33e app/libapp.a(ex_01a_main.c.obj)
 .debug_info    0x0000054f     0x3f92 app/libapp.a(deca_device.c.obj)
 .debug_info    0x000044e1      0x298 app/libapp.a(deca_params_init.c.obj)
 .debug_info    0x00004779     0x114b app/libapp.a(port.c.obj)
 .debug_info    0x000058c4      0x105 app/libapp.a(deca_mutex.c.obj)
 .debug_info    0x000059c9       0xb4 app/libapp.a(deca_sleep.c.obj)
 .debug_info    0x00005a7d      0xf5b app/libapp.a(deca_spi.c.obj)
 .debug_info    0x000069d8      0x1ec zephyr/libzephyr.a(isr_tables.c.obj)
 .debug_info    0x00006bc4      0xc77 zephyr/libzephyr.a(fdtable.c.obj)
 .debug_info    0x0000783b     0x174d zephyr/libzephyr.a(mempool.c.obj)
 .debug_info    0x00008f88      0x7e9 zephyr/libzephyr.a(thread_entry.c.obj)
 .debug_info    0x00009771     0x1155 zephyr/libzephyr.a(printk.c.obj)
 .debug_info    0x0000a8c6       0x37 zephyr/libzephyr.a(configs.c.obj)
 .debug_info    0x0000a8fd     0x11b6 zephyr/libzephyr.a(soc.c.obj)
 .debug_info    0x0000bab3      0x178 zephyr/libzephyr.a(mpu_regions.c.obj)
 .debug_info    0x0000bc2b     0x109b zephyr/libzephyr.a(system_nrf52.c.obj)
 .debug_info    0x0000ccc6      0x6ff zephyr/libzephyr.a(nrfx_glue.c.obj)
 .debug_info    0x0000d3c5     0x24f5 zephyr/libzephyr.a(nrfx_spim.c.obj)
 .debug_info    0x0000f8ba     0x1bb7 zephyr/libzephyr.a(SEGGER_RTT.c.obj)
 .debug_info    0x00011471      0x9d1 zephyr/libzephyr.a(SEGGER_RTT_zephyr.c.obj)
 .debug_info    0x00011e42      0xb3c zephyr/libzephyr.a(uart_console.c.obj)
 .debug_info    0x0001297e      0xbb1 zephyr/libzephyr.a(rtt_console.c.obj)
 .debug_info    0x0001352f     0x187b zephyr/libzephyr.a(nrf_power_clock.c.obj)
 .debug_info    0x00014daa      0x908 zephyr/libzephyr.a(sys_clock_init.c.obj)
 .debug_info    0x000156b2     0x177c zephyr/libzephyr.a(nrf_rtc_timer.c.obj)
 .debug_info    0x00016e2e       0x26 zephyr/arch/arch/arm/core/libarch__arm__core.a(exc_exit.S.obj)
 .debug_info    0x00016e54      0xb3d zephyr/arch/arch/arm/core/libarch__arm__core.a(irq_init.c.obj)
 .debug_info    0x00017991      0xa4d zephyr/arch/arch/arm/core/libarch__arm__core.a(swap.c.obj)
 .debug_info    0x000183de       0x22 zephyr/arch/arch/arm/core/libarch__arm__core.a(swap_helper.S.obj)
 .debug_info    0x00018400     0x15f3 zephyr/arch/arch/arm/core/libarch__arm__core.a(fault.c.obj)
 .debug_info    0x000199f3      0xe5f zephyr/arch/arch/arm/core/libarch__arm__core.a(irq_manage.c.obj)
 .debug_info    0x0001a852      0xb1c zephyr/arch/arch/arm/core/libarch__arm__core.a(thread.c.obj)
 .debug_info    0x0001b36e       0x22 zephyr/arch/arch/arm/core/libarch__arm__core.a(cpu_idle.S.obj)
 .debug_info    0x0001b390       0x26 zephyr/arch/arch/arm/core/libarch__arm__core.a(fault_s.S.obj)
 .debug_info    0x0001b3b6     0x1031 zephyr/arch/arch/arm/core/libarch__arm__core.a(fatal.c.obj)
 .debug_info    0x0001c3e7      0xa63 zephyr/arch/arch/arm/core/libarch__arm__core.a(sys_fatal_error_handler.c.obj)
 .debug_info    0x0001ce4a      0xb13 zephyr/arch/arch/arm/core/libarch__arm__core.a(thread_abort.c.obj)
 .debug_info    0x0001d95d       0x26 zephyr/arch/arch/arm/core/libarch__arm__core.a(isr_wrapper.S.obj)
 .debug_info    0x0001d983       0x26 zephyr/arch/arch/arm/core/cortex_m/libarch__arm__core__cortex_m.a(reset.S.obj)
 .debug_info    0x0001d9a9       0x26 zephyr/arch/arch/arm/core/cortex_m/libarch__arm__core__cortex_m.a(nmi_on_reset.S.obj)
 .debug_info    0x0001d9cf      0xc40 zephyr/arch/arch/arm/core/cortex_m/libarch__arm__core__cortex_m.a(prep_c.c.obj)
 .debug_info    0x0001e60f      0x708 zephyr/arch/arch/arm/core/cortex_m/libarch__arm__core__cortex_m.a(nmi.c.obj)
 .debug_info    0x0001ed17      0xad8 zephyr/arch/arch/arm/core/cortex_m/mpu/libarch__arm__core__cortex_m__mpu.a(arm_core_mpu.c.obj)
 .debug_info    0x0001f7ef     0x13e3 zephyr/arch/arch/arm/core/cortex_m/mpu/libarch__arm__core__cortex_m__mpu.a(arm_mpu.c.obj)
 .debug_info    0x00020bd2      0x54d zephyr/lib/libc/minimal/liblib__libc__minimal.a(string.c.obj)
 .debug_info    0x0002111f      0x59d zephyr/lib/libc/minimal/liblib__libc__minimal.a(stdout_console.c.obj)
 .debug_info    0x000216bc     0x267a zephyr/drivers/gpio/libdrivers__gpio.a(gpio_nrfx.c.obj)
 .debug_info    0x00023d36     0x275e zephyr/drivers/spi/libdrivers__spi.a(spi_nrfx_spim.c.obj)
 .debug_info    0x00026494     0x19f1 zephyr/drivers/serial/libdrivers__serial.a(uart_nrfx_uart.c.obj)
 .debug_info    0x00027e85      0x8df zephyr/kernel/libkernel.a(device.c.obj)
 .debug_info    0x00028764      0x8cc zephyr/kernel/libkernel.a(errno.c.obj)
 .debug_info    0x00029030      0xa41 zephyr/kernel/libkernel.a(idle.c.obj)
 .debug_info    0x00029a71     0x1c9a zephyr/kernel/libkernel.a(init.c.obj)
 .debug_info    0x0002b70b     0x10f2 zephyr/kernel/libkernel.a(mutex.c.obj)
 .debug_info    0x0002c7fd     0x3aba zephyr/kernel/libkernel.a(sched.c.obj)
 .debug_info    0x000302b7      0xe59 zephyr/kernel/libkernel.a(sem.c.obj)
 .debug_info    0x00031110     0x1a84 zephyr/kernel/libkernel.a(thread.c.obj)
 .debug_info    0x00032b94     0x180a zephyr/kernel/libkernel.a(timeout.c.obj)
 .debug_info    0x0003439e     0x106a zephyr/kernel/libkernel.a(mempool.c.obj)
 .debug_info    0x00035408      0x844 zephyr/CMakeFiles/offsets.dir/arch/arm/core/offsets/offsets.c.obj

.debug_abbrev   0x00000000     0x9846
 *(SORT_BY_ALIGNMENT(.debug_abbrev))
 .debug_abbrev  0x00000000       0xe5 zephyr/CMakeFiles/kernel_elf.dir/isr_tables.c.obj
 .debug_abbrev  0x000000e5       0x57 app/libapp.a(main.c.obj)
 .debug_abbrev  0x0000013c       0xf0 app/libapp.a(ex_01a_main.c.obj)
 .debug_abbrev  0x0000022c      0x320 app/libapp.a(deca_device.c.obj)
 .debug_abbrev  0x0000054c       0x86 app/libapp.a(deca_params_init.c.obj)
 .debug_abbrev  0x000005d2      0x461 app/libapp.a(port.c.obj)
 .debug_abbrev  0x00000a33       0xb5 app/libapp.a(deca_mutex.c.obj)
 .debug_abbrev  0x00000ae8       0x7e app/libapp.a(deca_sleep.c.obj)
 .debug_abbrev  0x00000b66      0x30f app/libapp.a(deca_spi.c.obj)
 .debug_abbrev  0x00000e75       0xe5 zephyr/libzephyr.a(isr_tables.c.obj)
 .debug_abbrev  0x00000f5a      0x330 zephyr/libzephyr.a(fdtable.c.obj)
 .debug_abbrev  0x0000128a      0x4d4 zephyr/libzephyr.a(mempool.c.obj)
 .debug_abbrev  0x0000175e      0x21e zephyr/libzephyr.a(thread_entry.c.obj)
 .debug_abbrev  0x0000197c      0x47b zephyr/libzephyr.a(printk.c.obj)
 .debug_abbrev  0x00001df7       0x2c zephyr/libzephyr.a(configs.c.obj)
 .debug_abbrev  0x00001e23      0x3ab zephyr/libzephyr.a(soc.c.obj)
 .debug_abbrev  0x000021ce       0xb8 zephyr/libzephyr.a(mpu_regions.c.obj)
 .debug_abbrev  0x00002286      0x214 zephyr/libzephyr.a(system_nrf52.c.obj)
 .debug_abbrev  0x0000249a      0x191 zephyr/libzephyr.a(nrfx_glue.c.obj)
 .debug_abbrev  0x0000262b      0x3f1 zephyr/libzephyr.a(nrfx_spim.c.obj)
 .debug_abbrev  0x00002a1c      0x398 zephyr/libzephyr.a(SEGGER_RTT.c.obj)
 .debug_abbrev  0x00002db4      0x1e8 zephyr/libzephyr.a(SEGGER_RTT_zephyr.c.obj)
 .debug_abbrev  0x00002f9c      0x32a zephyr/libzephyr.a(uart_console.c.obj)
 .debug_abbrev  0x000032c6      0x2be zephyr/libzephyr.a(rtt_console.c.obj)
 .debug_abbrev  0x00003584      0x40a zephyr/libzephyr.a(nrf_power_clock.c.obj)
 .debug_abbrev  0x0000398e      0x229 zephyr/libzephyr.a(sys_clock_init.c.obj)
 .debug_abbrev  0x00003bb7      0x400 zephyr/libzephyr.a(nrf_rtc_timer.c.obj)
 .debug_abbrev  0x00003fb7       0x14 zephyr/arch/arch/arm/core/libarch__arm__core.a(exc_exit.S.obj)
 .debug_abbrev  0x00003fcb      0x22b zephyr/arch/arch/arm/core/libarch__arm__core.a(irq_init.c.obj)
 .debug_abbrev  0x000041f6      0x1f3 zephyr/arch/arch/arm/core/libarch__arm__core.a(swap.c.obj)
 .debug_abbrev  0x000043e9       0x12 zephyr/arch/arch/arm/core/libarch__arm__core.a(swap_helper.S.obj)
 .debug_abbrev  0x000043fb      0x3ae zephyr/arch/arch/arm/core/libarch__arm__core.a(fault.c.obj)
 .debug_abbrev  0x000047a9      0x313 zephyr/arch/arch/arm/core/libarch__arm__core.a(irq_manage.c.obj)
 .debug_abbrev  0x00004abc      0x27a zephyr/arch/arch/arm/core/libarch__arm__core.a(thread.c.obj)
 .debug_abbrev  0x00004d36       0x12 zephyr/arch/arch/arm/core/libarch__arm__core.a(cpu_idle.S.obj)
 .debug_abbrev  0x00004d48       0x14 zephyr/arch/arch/arm/core/libarch__arm__core.a(fault_s.S.obj)
 .debug_abbrev  0x00004d5c      0x2e5 zephyr/arch/arch/arm/core/libarch__arm__core.a(fatal.c.obj)
 .debug_abbrev  0x00005041      0x25b zephyr/arch/arch/arm/core/libarch__arm__core.a(sys_fatal_error_handler.c.obj)
 .debug_abbrev  0x0000529c      0x257 zephyr/arch/arch/arm/core/libarch__arm__core.a(thread_abort.c.obj)
 .debug_abbrev  0x000054f3       0x14 zephyr/arch/arch/arm/core/libarch__arm__core.a(isr_wrapper.S.obj)
 .debug_abbrev  0x00005507       0x14 zephyr/arch/arch/arm/core/cortex_m/libarch__arm__core__cortex_m.a(reset.S.obj)
 .debug_abbrev  0x0000551b       0x14 zephyr/arch/arch/arm/core/cortex_m/libarch__arm__core__cortex_m.a(nmi_on_reset.S.obj)
 .debug_abbrev  0x0000552f      0x295 zephyr/arch/arch/arm/core/cortex_m/libarch__arm__core__cortex_m.a(prep_c.c.obj)
 .debug_abbrev  0x000057c4      0x19f zephyr/arch/arch/arm/core/cortex_m/libarch__arm__core__cortex_m.a(nmi.c.obj)
 .debug_abbrev  0x00005963      0x1d1 zephyr/arch/arch/arm/core/cortex_m/mpu/libarch__arm__core__cortex_m__mpu.a(arm_core_mpu.c.obj)
 .debug_abbrev  0x00005b34      0x3d1 zephyr/arch/arch/arm/core/cortex_m/mpu/libarch__arm__core__cortex_m__mpu.a(arm_mpu.c.obj)
 .debug_abbrev  0x00005f05      0x18d zephyr/lib/libc/minimal/liblib__libc__minimal.a(string.c.obj)
 .debug_abbrev  0x00006092      0x239 zephyr/lib/libc/minimal/liblib__libc__minimal.a(stdout_console.c.obj)
 .debug_abbrev  0x000062cb      0x507 zephyr/drivers/gpio/libdrivers__gpio.a(gpio_nrfx.c.obj)
 .debug_abbrev  0x000067d2      0x521 zephyr/drivers/spi/libdrivers__spi.a(spi_nrfx_spim.c.obj)
 .debug_abbrev  0x00006cf3      0x46d zephyr/drivers/serial/libdrivers__serial.a(uart_nrfx_uart.c.obj)
 .debug_abbrev  0x00007160      0x270 zephyr/kernel/libkernel.a(device.c.obj)
 .debug_abbrev  0x000073d0      0x1bf zephyr/kernel/libkernel.a(errno.c.obj)
 .debug_abbrev  0x0000758f      0x2b2 zephyr/kernel/libkernel.a(idle.c.obj)
 .debug_abbrev  0x00007841      0x543 zephyr/kernel/libkernel.a(init.c.obj)
 .debug_abbrev  0x00007d84      0x388 zephyr/kernel/libkernel.a(mutex.c.obj)
 .debug_abbrev  0x0000810c      0x5f4 zephyr/kernel/libkernel.a(sched.c.obj)
 .debug_abbrev  0x00008700      0x324 zephyr/kernel/libkernel.a(sem.c.obj)
 .debug_abbrev  0x00008a24      0x4f8 zephyr/kernel/libkernel.a(thread.c.obj)
 .debug_abbrev  0x00008f1c      0x41d zephyr/kernel/libkernel.a(timeout.c.obj)
 .debug_abbrev  0x00009339      0x37d zephyr/kernel/libkernel.a(mempool.c.obj)
 .debug_abbrev  0x000096b6      0x190 zephyr/CMakeFiles/offsets.dir/arch/arm/core/offsets/offsets.c.obj

.debug_line     0x00000000     0xe20e
 *(SORT_BY_ALIGNMENT(.debug_line) SORT_BY_ALIGNMENT(.debug_line.*) SORT_BY_ALIGNMENT(.debug_line_end))
 .debug_line    0x00000000      0x183 zephyr/CMakeFiles/kernel_elf.dir/isr_tables.c.obj
 .debug_line    0x00000183       0x55 app/libapp.a(main.c.obj)
 .debug_line    0x000001d8       0xdc app/libapp.a(ex_01a_main.c.obj)
 .debug_line    0x000002b4      0xc63 app/libapp.a(deca_device.c.obj)
 .debug_line    0x00000f17       0x89 app/libapp.a(deca_params_init.c.obj)
 .debug_line    0x00000fa0      0x502 app/libapp.a(port.c.obj)
 .debug_line    0x000014a2       0xaf app/libapp.a(deca_mutex.c.obj)
 .debug_line    0x00001551       0x70 app/libapp.a(deca_sleep.c.obj)
 .debug_line    0x000015c1      0x420 app/libapp.a(deca_spi.c.obj)
 .debug_line    0x000019e1      0x19a zephyr/libzephyr.a(isr_tables.c.obj)
 .debug_line    0x00001b7b      0x410 zephyr/libzephyr.a(fdtable.c.obj)
 .debug_line    0x00001f8b      0x631 zephyr/libzephyr.a(mempool.c.obj)
 .debug_line    0x000025bc      0x2cb zephyr/libzephyr.a(thread_entry.c.obj)
 .debug_line    0x00002887      0x4f9 zephyr/libzephyr.a(printk.c.obj)
 .debug_line    0x00002d80      0x13a zephyr/libzephyr.a(configs.c.obj)
 .debug_line    0x00002eba      0x471 zephyr/libzephyr.a(soc.c.obj)
 .debug_line    0x0000332b      0x17c zephyr/libzephyr.a(mpu_regions.c.obj)
 .debug_line    0x000034a7      0x1d5 zephyr/libzephyr.a(system_nrf52.c.obj)
 .debug_line    0x0000367c      0x2dc zephyr/libzephyr.a(nrfx_glue.c.obj)
 .debug_line    0x00003958      0x674 zephyr/libzephyr.a(nrfx_spim.c.obj)
 .debug_line    0x00003fcc      0x8a6 zephyr/libzephyr.a(SEGGER_RTT.c.obj)
 .debug_line    0x00004872      0x2dd zephyr/libzephyr.a(SEGGER_RTT_zephyr.c.obj)
 .debug_line    0x00004b4f      0x345 zephyr/libzephyr.a(uart_console.c.obj)
 .debug_line    0x00004e94      0x370 zephyr/libzephyr.a(rtt_console.c.obj)
 .debug_line    0x00005204      0x530 zephyr/libzephyr.a(nrf_power_clock.c.obj)
 .debug_line    0x00005734      0x2ed zephyr/libzephyr.a(sys_clock_init.c.obj)
 .debug_line    0x00005a21      0x53a zephyr/libzephyr.a(nrf_rtc_timer.c.obj)
 .debug_line    0x00005f5b       0x6b zephyr/arch/arch/arm/core/libarch__arm__core.a(exc_exit.S.obj)
 .debug_line    0x00005fc6      0x2dd zephyr/arch/arch/arm/core/libarch__arm__core.a(irq_init.c.obj)
 .debug_line    0x000062a3      0x36e zephyr/arch/arch/arm/core/libarch__arm__core.a(swap.c.obj)
 .debug_line    0x00006611       0xb1 zephyr/arch/arch/arm/core/libarch__arm__core.a(swap_helper.S.obj)
 .debug_line    0x000066c2      0x4aa zephyr/arch/arch/arm/core/libarch__arm__core.a(fault.c.obj)
 .debug_line    0x00006b6c      0x3e7 zephyr/arch/arch/arm/core/libarch__arm__core.a(irq_manage.c.obj)
 .debug_line    0x00006f53      0x399 zephyr/arch/arch/arm/core/libarch__arm__core.a(thread.c.obj)
 .debug_line    0x000072ec       0xb0 zephyr/arch/arch/arm/core/libarch__arm__core.a(cpu_idle.S.obj)
 .debug_line    0x0000739c       0x69 zephyr/arch/arch/arm/core/libarch__arm__core.a(fault_s.S.obj)
 .debug_line    0x00007405      0x43a zephyr/arch/arch/arm/core/libarch__arm__core.a(fatal.c.obj)
 .debug_line    0x0000783f      0x3c4 zephyr/arch/arch/arm/core/libarch__arm__core.a(sys_fatal_error_handler.c.obj)
 .debug_line    0x00007c03      0x395 zephyr/arch/arch/arm/core/libarch__arm__core.a(thread_abort.c.obj)
 .debug_line    0x00007f98       0x82 zephyr/arch/arch/arm/core/libarch__arm__core.a(isr_wrapper.S.obj)
 .debug_line    0x0000801a       0x63 zephyr/arch/arch/arm/core/cortex_m/libarch__arm__core__cortex_m.a(reset.S.obj)
 .debug_line    0x0000807d       0x68 zephyr/arch/arch/arm/core/cortex_m/libarch__arm__core__cortex_m.a(nmi_on_reset.S.obj)
 .debug_line    0x000080e5      0x3a1 zephyr/arch/arch/arm/core/cortex_m/libarch__arm__core__cortex_m.a(prep_c.c.obj)
 .debug_line    0x00008486      0x2d7 zephyr/arch/arch/arm/core/cortex_m/libarch__arm__core__cortex_m.a(nmi.c.obj)
 .debug_line    0x0000875d      0x369 zephyr/arch/arch/arm/core/cortex_m/mpu/libarch__arm__core__cortex_m__mpu.a(arm_core_mpu.c.obj)
 .debug_line    0x00008ac6      0x566 zephyr/arch/arch/arm/core/cortex_m/mpu/libarch__arm__core__cortex_m__mpu.a(arm_mpu.c.obj)
 .debug_line    0x0000902c      0x210 zephyr/lib/libc/minimal/liblib__libc__minimal.a(string.c.obj)
 .debug_line    0x0000923c      0x1e6 zephyr/lib/libc/minimal/liblib__libc__minimal.a(stdout_console.c.obj)
 .debug_line    0x00009422      0x747 zephyr/drivers/gpio/libdrivers__gpio.a(gpio_nrfx.c.obj)
 .debug_line    0x00009b69      0x71c zephyr/drivers/spi/libdrivers__spi.a(spi_nrfx_spim.c.obj)
 .debug_line    0x0000a285      0x481 zephyr/drivers/serial/libdrivers__serial.a(uart_nrfx_uart.c.obj)
 .debug_line    0x0000a706      0x319 zephyr/kernel/libkernel.a(device.c.obj)
 .debug_line    0x0000aa1f      0x314 zephyr/kernel/libkernel.a(errno.c.obj)
 .debug_line    0x0000ad33      0x3ee zephyr/kernel/libkernel.a(idle.c.obj)
 .debug_line    0x0000b121      0x624 zephyr/kernel/libkernel.a(init.c.obj)
 .debug_line    0x0000b745      0x498 zephyr/kernel/libkernel.a(mutex.c.obj)
 .debug_line    0x0000bbdd      0xd18 zephyr/kernel/libkernel.a(sched.c.obj)
 .debug_line    0x0000c8f5      0x406 zephyr/kernel/libkernel.a(sem.c.obj)
 .debug_line    0x0000ccfb      0x682 zephyr/kernel/libkernel.a(thread.c.obj)
 .debug_line    0x0000d37d      0x6a9 zephyr/kernel/libkernel.a(timeout.c.obj)
 .debug_line    0x0000da26      0x476 zephyr/kernel/libkernel.a(mempool.c.obj)
 .debug_line    0x0000de9c      0x372 zephyr/CMakeFiles/offsets.dir/arch/arm/core/offsets/offsets.c.obj

.debug_frame    0x00000000     0x2eb8
 *(SORT_BY_ALIGNMENT(.debug_frame))
 .debug_frame   0x00000000       0x28 app/libapp.a(main.c.obj)
 .debug_frame   0x00000028       0x28 app/libapp.a(ex_01a_main.c.obj)
 .debug_frame   0x00000050      0xa70 app/libapp.a(deca_device.c.obj)
 .debug_frame   0x00000ac0      0x2cc app/libapp.a(port.c.obj)
 .debug_frame   0x00000d8c       0x38 app/libapp.a(deca_mutex.c.obj)
 .debug_frame   0x00000dc4       0x20 app/libapp.a(deca_sleep.c.obj)
 .debug_frame   0x00000de4       0xbc app/libapp.a(deca_spi.c.obj)
 .debug_frame   0x00000ea0       0xb4 zephyr/libzephyr.a(fdtable.c.obj)
 .debug_frame   0x00000f54      0x158 zephyr/libzephyr.a(mempool.c.obj)
 .debug_frame   0x000010ac       0x28 zephyr/libzephyr.a(thread_entry.c.obj)
 .debug_frame   0x000010d4      0x1ac zephyr/libzephyr.a(printk.c.obj)
 .debug_frame   0x00001280       0x20 zephyr/libzephyr.a(configs.c.obj)
 .debug_frame   0x000012a0       0x48 zephyr/libzephyr.a(soc.c.obj)
 .debug_frame   0x000012e8       0x58 zephyr/libzephyr.a(system_nrf52.c.obj)
 .debug_frame   0x00001340       0x20 zephyr/libzephyr.a(nrfx_glue.c.obj)
 .debug_frame   0x00001360       0xc4 zephyr/libzephyr.a(nrfx_spim.c.obj)
 .debug_frame   0x00001424      0x3b0 zephyr/libzephyr.a(SEGGER_RTT.c.obj)
 .debug_frame   0x000017d4       0x28 zephyr/libzephyr.a(SEGGER_RTT_zephyr.c.obj)
 .debug_frame   0x000017fc       0x60 zephyr/libzephyr.a(uart_console.c.obj)
 .debug_frame   0x0000185c       0x50 zephyr/libzephyr.a(rtt_console.c.obj)
 .debug_frame   0x000018ac       0x9c zephyr/libzephyr.a(nrf_power_clock.c.obj)
 .debug_frame   0x00001948       0x70 zephyr/libzephyr.a(sys_clock_init.c.obj)
 .debug_frame   0x000019b8       0x88 zephyr/libzephyr.a(nrf_rtc_timer.c.obj)
 .debug_frame   0x00001a40       0x20 zephyr/arch/arch/arm/core/libarch__arm__core.a(irq_init.c.obj)
 .debug_frame   0x00001a60       0x20 zephyr/arch/arch/arm/core/libarch__arm__core.a(swap.c.obj)
 .debug_frame   0x00001a80       0x98 zephyr/arch/arch/arm/core/libarch__arm__core.a(fault.c.obj)
 .debug_frame   0x00001b18       0x88 zephyr/arch/arch/arm/core/libarch__arm__core.a(irq_manage.c.obj)
 .debug_frame   0x00001ba0       0x30 zephyr/arch/arch/arm/core/libarch__arm__core.a(thread.c.obj)
 .debug_frame   0x00001bd0       0x60 zephyr/arch/arch/arm/core/libarch__arm__core.a(fatal.c.obj)
 .debug_frame   0x00001c30       0x2c zephyr/arch/arch/arm/core/libarch__arm__core.a(sys_fatal_error_handler.c.obj)
 .debug_frame   0x00001c5c       0x34 zephyr/arch/arch/arm/core/libarch__arm__core.a(thread_abort.c.obj)
 .debug_frame   0x00001c90       0x38 zephyr/arch/arch/arm/core/cortex_m/libarch__arm__core__cortex_m.a(prep_c.c.obj)
 .debug_frame   0x00001cc8       0x2c zephyr/arch/arch/arm/core/cortex_m/libarch__arm__core__cortex_m.a(nmi.c.obj)
 .debug_frame   0x00001cf4       0x40 zephyr/arch/arch/arm/core/cortex_m/mpu/libarch__arm__core__cortex_m__mpu.a(arm_core_mpu.c.obj)
 .debug_frame   0x00001d34       0xa0 zephyr/arch/arch/arm/core/cortex_m/mpu/libarch__arm__core__cortex_m__mpu.a(arm_mpu.c.obj)
 .debug_frame   0x00001dd4      0x160 zephyr/lib/libc/minimal/liblib__libc__minimal.a(string.c.obj)
 .debug_frame   0x00001f34       0xb8 zephyr/lib/libc/minimal/liblib__libc__minimal.a(stdout_console.c.obj)
 .debug_frame   0x00001fec      0x140 zephyr/drivers/gpio/libdrivers__gpio.a(gpio_nrfx.c.obj)
 .debug_frame   0x0000212c      0x120 zephyr/drivers/spi/libdrivers__spi.a(spi_nrfx_spim.c.obj)
 .debug_frame   0x0000224c       0x9c zephyr/drivers/serial/libdrivers__serial.a(uart_nrfx_uart.c.obj)
 .debug_frame   0x000022e8       0x68 zephyr/kernel/libkernel.a(device.c.obj)
 .debug_frame   0x00002350       0x20 zephyr/kernel/libkernel.a(errno.c.obj)
 .debug_frame   0x00002370       0x38 zephyr/kernel/libkernel.a(idle.c.obj)
 .debug_frame   0x000023a8       0xb0 zephyr/kernel/libkernel.a(init.c.obj)
 .debug_frame   0x00002458       0x64 zephyr/kernel/libkernel.a(mutex.c.obj)
 .debug_frame   0x000024bc      0x484 zephyr/kernel/libkernel.a(sched.c.obj)