Archive member included to satisfy reference by file (symbol)

app/libapp.a(main.c.obj)      (--whole-archive)
app/libapp.a(ex_02a_main.c.obj)
                              (--whole-archive)
app/libapp.a(deca_device.c.obj)
                              (--whole-archive)
app/libapp.a(deca_params_init.c.obj)
                              (--whole-archive)
app/libapp.a(port.c.obj)      (--whole-archive)
app/libapp.a(deca_mutex.c.obj)
                              (--whole-archive)
app/libapp.a(deca_range_tables.c.obj)
                              (--whole-archive)
app/libapp.a(deca_sleep.c.obj)
                              (--whole-archive)
app/libapp.a(deca_spi.c.obj)  (--whole-archive)
zephyr/libzephyr.a(isr_tables.c.obj)
                              (--whole-archive)
zephyr/libzephyr.a(sw_isr_common.c.obj)
                              (--whole-archive)
zephyr/libzephyr.a(crc32_sw.c.obj)
                              (--whole-archive)
zephyr/libzephyr.a(crc16_sw.c.obj)
                              (--whole-archive)
zephyr/libzephyr.a(crc8_sw.c.obj)
                              (--whole-archive)
zephyr/libzephyr.a(crc7_sw.c.obj)
                              (--whole-archive)
zephyr/libzephyr.a(fdtable.c.obj)
                              (--whole-archive)
zephyr/libzephyr.a(mempool.c.obj)
                              (--whole-archive)
zephyr/libzephyr.a(rb.c.obj)  (--whole-archive)
zephyr/libzephyr.a(thread_entry.c.obj)
                              (--whole-archive)
zephyr/libzephyr.a(work_q.c.obj)
                              (--whole-archive)
zephyr/libzephyr.a(printk.c.obj)
                              (--whole-archive)
zephyr/libzephyr.a(configs.c.obj)
                              (--whole-archive)
zephyr/libzephyr.a(soc.c.obj)
                              (--whole-archive)
zephyr/libzephyr.a(power.c.obj)
                              (--whole-archive)
zephyr/libzephyr.a(mpu_regions.c.obj)
                              (--whole-archive)
zephyr/libzephyr.a(system_nrf52.c.obj)
                              (--whole-archive)
zephyr/libzephyr.a(nrfx_glue.c.obj)
                              (--whole-archive)
zephyr/libzephyr.a(nrfx_spim.c.obj)
                              (--whole-archive)
zephyr/libzephyr.a(SEGGER_RTT.c.obj)
                              (--whole-archive)
zephyr/libzephyr.a(SEGGER_RTT_zephyr.c.obj)
                              (--whole-archive)
zephyr/libzephyr.a(power.c.obj)
                              (--whole-archive)
zephyr/libzephyr.a(policy_residency.c.obj)
                              (--whole-archive)
zephyr/libzephyr.a(uart_console.c.obj)
                              (--whole-archive)
zephyr/libzephyr.a(rtt_console.c.obj)
                              (--whole-archive)
zephyr/libzephyr.a(nrf_power_clock.c.obj)
                              (--whole-archive)
zephyr/libzephyr.a(sys_clock_init.c.obj)
                              (--whole-archive)
zephyr/libzephyr.a(nrf_rtc_timer.c.obj)
                              (--whole-archive)
zephyr/arch/arch/arm/core/libarch__arm__core.a(exc_exit.S.obj)
                              (--whole-archive)
zephyr/arch/arch/arm/core/libarch__arm__core.a(irq_init.c.obj)
                              (--whole-archive)
zephyr/arch/arch/arm/core/libarch__arm__core.a(swap.c.obj)
                              (--whole-archive)
zephyr/arch/arch/arm/core/libarch__arm__core.a(swap_helper.S.obj)
                              (--whole-archive)
zephyr/arch/arch/arm/core/libarch__arm__core.a(fault.c.obj)
                              (--whole-archive)
zephyr/arch/arch/arm/core/libarch__arm__core.a(irq_manage.c.obj)
                              (--whole-archive)
zephyr/arch/arch/arm/core/libarch__arm__core.a(thread.c.obj)
                              (--whole-archive)
zephyr/arch/arch/arm/core/libarch__arm__core.a(cpu_idle.S.obj)
                              (--whole-archive)
zephyr/arch/arch/arm/core/libarch__arm__core.a(fault_s.S.obj)
                              (--whole-archive)
zephyr/arch/arch/arm/core/libarch__arm__core.a(fatal.c.obj)
                              (--whole-archive)
zephyr/arch/arch/arm/core/libarch__arm__core.a(sys_fatal_error_handler.c.obj)
                              (--whole-archive)
zephyr/arch/arch/arm/core/libarch__arm__core.a(thread_abort.c.obj)
                              (--whole-archive)
zephyr/arch/arch/arm/core/libarch__arm__core.a(isr_wrapper.S.obj)
                              (--whole-archive)
zephyr/arch/arch/arm/core/cortex_m/libarch__arm__core__cortex_m.a(vector_table.S.obj)
                              (--whole-archive)
zephyr/arch/arch/arm/core/cortex_m/libarch__arm__core__cortex_m.a(reset.S.obj)
                              (--whole-archive)
zephyr/arch/arch/arm/core/cortex_m/libarch__arm__core__cortex_m.a(nmi_on_reset.S.obj)
                              (--whole-archive)
[...]
Memory Configuration

Name             Origin             Length             Attributes
FLASH            0x00000000         0x00080000         xr
SRAM             0x20000000         0x00010000         xw
IDT_LIST         0x20010000         0x00000800         xw
*default*        0x00000000         0xffffffff

Linker script and memory map

LOAD zephyr/CMakeFiles/kernel_elf.dir/misc/empty_file.c.obj
LOAD zephyr/CMakeFiles/kernel_elf.dir/isr_tables.c.obj
LOAD app/libapp.a
LOAD zephyr/libzephyr.a
LOAD zephyr/arch/arch/arm/core/libarch__arm__core.a
LOAD zephyr/arch/arch/arm/core/cortex_m/libarch__arm__core__cortex_m.a
LOAD zephyr/arch/arch/arm/core/cortex_m/mpu/libarch__arm__core__cortex_m__mpu.a
LOAD zephyr/lib/libc/minimal/liblib__libc__minimal.a
LOAD zephyr/drivers/gpio/libdrivers__gpio.a
LOAD zephyr/drivers/spi/libdrivers__spi.a
LOAD zephyr/drivers/serial/libdrivers__serial.a
LOAD zephyr/kernel/libkernel.a
LOAD zephyr/CMakeFiles/offsets.dir/arch/arm/core/offsets/offsets.c.obj
LOAD c:/gnuarmemb/bin/../lib/gcc/arm-none-eabi/7.3.1/thumb/v7e-m\libgcc.a
                0x00000020                _region_min_align = 0x20

.rel.plt        0x00000000        0x0
 *(SORT_BY_ALIGNMENT(.rel.plt))
                [!provide]                PROVIDE (__rel_iplt_start = .)
 *(SORT_BY_ALIGNMENT(.rel.iplt))
 .rel.iplt      0x00000000        0x0 zephyr/CMakeFiles/kernel_elf.dir/isr_tables.c.obj
                [!provide]                PROVIDE (__rel_iplt_end = .)

.rela.plt       0x00000000        0x0
 *(SORT_BY_ALIGNMENT(.rela.plt))
                [!provide]                PROVIDE (__rela_iplt_start = .)
 *(SORT_BY_ALIGNMENT(.rela.iplt))
                [!provide]                PROVIDE (__rela_iplt_end = .)

.rel.dyn
 *(SORT_BY_ALIGNMENT(.rel.*))

.rela.dyn
 *(SORT_BY_ALIGNMENT(.rela.*))

/DISCARD/
 *(SORT_BY_ALIGNMENT(.plt))
 *(SORT_BY_ALIGNMENT(.iplt))
 *(SORT_BY_ALIGNMENT(.got.plt))
 *(SORT_BY_ALIGNMENT(.igot.plt))
 *(SORT_BY_ALIGNMENT(.got))
 *(SORT_BY_ALIGNMENT(.igot))
 *(SORT_BY_ALIGNMENT(.irq_info))
 *(SORT_BY_ALIGNMENT(.intList))
                0x00000000                _image_rom_start = 0x0

text            0x00000000       0xdc
                0x00000000                . = 0x0
                0x00000000                _vector_start = .
 *(SORT_BY_ALIGNMENT(.exc_vector_table))
 *(SORT_BY_ALIGNMENT(.exc_vector_table.*))
 .exc_vector_table._vector_table_section
                0x00000000       0x40 zephyr/arch/arch/arm/core/cortex_m/libarch__arm__core__cortex_m.a(vector_table.S.obj)
                0x00000000                _vector_table
 *(SORT_BY_ALIGNMENT(.gnu.linkonce.irq_vector_table))
 .gnu.linkonce.irq_vector_table
                0x00000040       0x9c zephyr/CMakeFiles/kernel_elf.dir/isr_tables.c.obj
                0x00000040                _irq_vector_table
 *(SORT_BY_ALIGNMENT(.vectors))
 *(SORT_BY_ALIGNMENT(.openocd_dbg))
 *(SORT_BY_ALIGNMENT(.openocd_dbg.*))
 *(SORT_BY_ALIGNMENT(.kinetis_flash_config))
 *(SORT_BY_ALIGNMENT(.kinetis_flash_config.*))
                0x000000dc                _vector_end = .

_TEXT_SECTION_NAME_2
                0x000000dc     0x4df6
                0x000000dc                _image_text_start = .
 *(SORT_BY_ALIGNMENT(.text))
 .text          0x000000dc       0xa0 c:/gnuarmemb/bin/../lib/gcc/arm-none-eabi/7.3.1/thumb/v7e-m\libgcc.a(_aeabi_ldivmod.o)
                0x000000dc                __aeabi_ldivmod
 .text          0x0000017c       0x30 c:/gnuarmemb/bin/../lib/gcc/arm-none-eabi/7.3.1/thumb/v7e-m\libgcc.a(_aeabi_uldivmod.o)
                0x0000017c                __aeabi_uldivmod
 .text          0x000001ac      0x2cc c:/gnuarmemb/bin/../lib/gcc/arm-none-eabi/7.3.1/thumb/v7e-m\libgcc.a(_udivmoddi4.o)
                0x000001ac                __udivmoddi4
 .text          0x00000478        0x4 c:/gnuarmemb/bin/../lib/gcc/arm-none-eabi/7.3.1/thumb/v7e-m\libgcc.a(_dvmd_tls.o)
                0x00000478                __aeabi_idiv0
                0x00000478                __aeabi_ldiv0
 *(SORT_BY_ALIGNMENT(.text.*))
 .text.dw_main  0x0000047c       0xc0 app/libapp.a(ex_02a_main.c.obj)
                0x0000047c                dw_main
 .text.dwt_configure
                0x0000053c      0x204 app/libapp.a(deca_device.c.obj)
                0x0000053c                dwt_configure
 .text.dwt_setleds
                0x00000740       0x78 app/libapp.a(deca_device.c.obj)
                0x00000740                dwt_setleds
 .text.dwt_forcetrxoff
                0x000007b8       0x58 app/libapp.a(deca_device.c.obj)
                0x000007b8                dwt_forcetrxoff
 .text.dwt_softreset
                0x00000810       0x48 app/libapp.a(deca_device.c.obj)
                0x00000810                dwt_softreset
 .text.dwt_initialise
                0x00000858      0x188 app/libapp.a(deca_device.c.obj)
                0x00000858                dwt_initialise
 .text.openspi  0x000009e0       0x8c app/libapp.a(deca_spi.c.obj)
                0x000009e0                openspi
 .text.set_spi_speed_slow
                0x00000a6c       0x40 app/libapp.a(deca_spi.c.obj)
                0x00000a6c                set_spi_speed_slow
 .text.set_spi_speed_fast
                0x00000aac       0x44 app/libapp.a(deca_spi.c.obj)
                0x00000aac                set_spi_speed_fast
 .text.writetospi
                0x00000af0       0x68 app/libapp.a(deca_spi.c.obj)
                0x00000af0                writetospi
 .text.readfromspi
                0x00000b58       0x78 app/libapp.a(deca_spi.c.obj)
                0x00000b58                readfromspi
 .text.char_out
                0x00000bd0       0x10 zephyr/libzephyr.a(printk.c.obj)
 .text._printk_dec_ulong
                0x00000be0       0xa0 zephyr/libzephyr.a(printk.c.obj)
 .text.__printk_hook_install
                0x00000c80        0xc zephyr/libzephyr.a(printk.c.obj)
                0x00000c80                __printk_hook_install
 .text.vprintk  0x00000c8c       0x20 zephyr/libzephyr.a(printk.c.obj)
                0x00000c8c                vprintk
 .text.nordicsemi_nrf52_init
                0x00000cac       0x44 zephyr/libzephyr.a(soc.c.obj)
 .text.z_arch_busy_wait
                0x00000cf0       0x14 zephyr/libzephyr.a(soc.c.obj)
                0x00000cf0                z_arch_busy_wait
 .text.errata_12
                0x00000d04       0x40 zephyr/libzephyr.a(system_nrf52.c.obj)
 .text.errata_16
                0x00000d44       0x34 zephyr/libzephyr.a(system_nrf52.c.obj)
 .text.SystemInit
                0x00000d78      0x248 zephyr/libzephyr.a(system_nrf52.c.obj)
                0x00000d78                SystemInit
 .text.nrfx_spim_init
                0x00000fc0      0x150 zephyr/libzephyr.a(nrfx_spim.c.obj)
                0x00000fc0                nrfx_spim_init
 .text.nrfx_spim_xfer
                0x00001110      0x130 zephyr/libzephyr.a(nrfx_spim.c.obj)
                0x00001110                nrfx_spim_xfer
 .text.nrfx_spim_1_irq_handler
                0x00001240       0x58 zephyr/libzephyr.a(nrfx_spim.c.obj)
                0x00001240                nrfx_spim_1_irq_handler
 .text._DoInit  0x00001298       0x60 zephyr/libzephyr.a(SEGGER_RTT.c.obj)
 .text.SEGGER_RTT_WriteNoLock
                0x000012f8       0x68 zephyr/libzephyr.a(SEGGER_RTT.c.obj)
                0x000012f8                SEGGER_RTT_WriteNoLock
 .text.console_out
                0x00001360       0x28 zephyr/libzephyr.a(uart_console.c.obj)
 .text.uart_console_hook_install
                0x00001388       0x18 zephyr/libzephyr.a(uart_console.c.obj)
                0x00001388                uart_console_hook_install
 .text.uart_console_init
                0x000013a0       0x1c zephyr/libzephyr.a(uart_console.c.obj)
 .text.rtt_console_init
                0x000013bc       0x18 zephyr/libzephyr.a(rtt_console.c.obj)
 .text.rtt_console_out
                0x000013d4       0x68 zephyr/libzephyr.a(rtt_console.c.obj)
 .text._m16src_stop
                0x0000143c       0x74 zephyr/libzephyr.a(nrf_power_clock.c.obj)
 .text._m16src_start
                0x000014b0       0xc4 zephyr/libzephyr.a(nrf_power_clock.c.obj)
 .text._k32src_start
                0x00001574       0xb0 zephyr/libzephyr.a(nrf_power_clock.c.obj)
 .text.nrf_power_clock_isr
                0x00001624       0xe4 zephyr/libzephyr.a(nrf_power_clock.c.obj)
                0x00001624                nrf_power_clock_isr
 .text.rtc1_nrf_isr
                0x00001708       0x4c zephyr/libzephyr.a(nrf_rtc_timer.c.obj)
                0x00001708                rtc1_nrf_isr
 .text.z_clock_driver_init
                0x00001754       0x90 zephyr/libzephyr.a(nrf_rtc_timer.c.obj)
                0x00001754                z_clock_driver_init
 .text.z_clock_set_timeout
                0x000017e4       0x74 zephyr/libzephyr.a(nrf_rtc_timer.c.obj)
                0x000017e4                z_clock_set_timeout
 .text.z_clock_elapsed
                0x00001858       0x3c zephyr/libzephyr.a(nrf_rtc_timer.c.obj)
                0x00001858                z_clock_elapsed
 .text._HandlerModeExit
                0x00001894       0x1c zephyr/arch/arch/arm/core/libarch__arm__core.a(exc_exit.S.obj)
                0x00001894                _IntExit
                0x00001894                z_ExcExit
 .text._IntLibInit
                0x000018b0       0x18 zephyr/arch/arch/arm/core/libarch__arm__core.a(irq_init.c.obj)
                0x000018b0                _IntLibInit
 .text.__swap   0x000018c8       0x34 zephyr/arch/arch/arm/core/libarch__arm__core.a(swap.c.obj)
                0x000018c8                __swap
 .text.__pendsv
                0x000018fc       0x58 zephyr/arch/arch/arm/core/libarch__arm__core.a(swap_helper.S.obj)
                0x000018fc                __pendsv
 .text.__svc    0x00001954       0x24 zephyr/arch/arch/arm/core/libarch__arm__core.a(swap_helper.S.obj)
                0x00001954                __svc
 .text._MpuFault.isra.2
                0x00001978       0x90 zephyr/arch/arch/arm/core/libarch__arm__core.a(fault.c.obj)
 .text._BusFault.isra.3
                0x00001a08       0xa0 zephyr/arch/arch/arm/core/libarch__arm__core.a(fault.c.obj)
 .text._UsageFault.isra.4
                0x00001aa8       0x88 zephyr/arch/arch/arm/core/libarch__arm__core.a(fault.c.obj)
 .text._Fault   0x00001b30       0xcc zephyr/arch/arch/arm/core/libarch__arm__core.a(fault.c.obj)
                0x00001b30                _Fault
 .text._FaultInit
                0x00001bfc       0x10 zephyr/arch/arch/arm/core/libarch__arm__core.a(fault.c.obj)
                0x00001bfc                _FaultInit
 .text.z_arch_irq_enable
                0x00001c0c       0x20 zephyr/arch/arch/arm/core/libarch__arm__core.a(irq_manage.c.obj)
                0x00001c0c                z_arch_irq_enable
 .text.z_arch_irq_disable
                0x00001c2c       0x28 zephyr/arch/arch/arm/core/libarch__arm__core.a(irq_manage.c.obj)
                0x00001c2c                z_arch_irq_disable
 .text.z_irq_priority_set
                0x00001c54       0x30 zephyr/arch/arch/arm/core/libarch__arm__core.a(irq_manage.c.obj)
                0x00001c54                z_irq_priority_set
 .text.z_new_thread
                0x00001c84       0x54 zephyr/arch/arch/arm/core/libarch__arm__core.a(thread.c.obj)
                0x00001c84                z_new_thread
 .text._CpuIdleInit
                0x00001cd8        0xc zephyr/arch/arch/arm/core/libarch__arm__core.a(cpu_idle.S.obj)
                0x00001cd8                _CpuIdleInit
 .text.k_cpu_idle
                0x00001ce4        0xc zephyr/arch/arch/arm/core/libarch__arm__core.a(cpu_idle.S.obj)
                0x00001ce4                k_cpu_idle
 .text.__fault  0x00001cf0       0x28 zephyr/arch/arch/arm/core/libarch__arm__core.a(fault_s.S.obj)
                0x00001cf0                __reserved
                0x00001cf0                __bus_fault
                0x00001cf0                __debug_monitor
                0x00001cf0                __mpu_fault
                0x00001cf0                __hard_fault
                0x00001cf0                __usage_fault
 .text.z_NanoFatalErrorHandler
                0x00001d18       0x64 zephyr/arch/arch/arm/core/libarch__arm__core.a(fatal.c.obj)
                0x00001d18                z_NanoFatalErrorHandler
 .text.z_SysFatalErrorHandler
                0x00001d7c       0x58 zephyr/arch/arch/arm/core/libarch__arm__core.a(sys_fatal_error_handler.c.obj)
                0x00001d7c                z_SysFatalErrorHandler
 .text.z_impl_k_thread_abort
                0x00001dd4       0x4c zephyr/arch/arch/arm/core/libarch__arm__core.a(thread_abort.c.obj)
                0x00001dd4                z_impl_k_thread_abort
 .text._isr_wrapper
                0x00001e20       0x40 zephyr/arch/arch/arm/core/libarch__arm__core.a(isr_wrapper.S.obj)
                0x00001e20                _isr_wrapper
 .text._reset_section
                0x00001e60        0x8 zephyr/arch/arch/arm/core/cortex_m/libarch__arm__core__cortex_m.a(reset.S.obj)
                0x00001e60                __start
                0x00001e60                __reset
 .text._SysNmiOnReset
                0x00001e68        0x8 zephyr/arch/arch/arm/core/cortex_m/libarch__arm__core__cortex_m.a(nmi_on_reset.S.obj)
                0x00001e68                _SysNmiOnReset
 .text._PrepC   0x00001e70       0x48 zephyr/arch/arch/arm/core/cortex_m/libarch__arm__core__cortex_m.a(prep_c.c.obj)
                0x00001e70                _PrepC
 .text.z_arch_configure_static_mpu_regions
                0x00001eb8       0x3c zephyr/arch/arch/arm/core/cortex_m/mpu/libarch__arm__core__cortex_m__mpu.a(arm_core_mpu.c.obj)
                0x00001eb8                z_arch_configure_static_mpu_regions
 .text._mpu_configure_region
                0x00001ef4       0x50 zephyr/arch/arch/arm/core/cortex_m/mpu/libarch__arm__core__cortex_m__mpu.a(arm_mpu.c.obj)
 .text.arm_core_mpu_enable
                0x00001f44       0x14 zephyr/arch/arch/arm/core/cortex_m/mpu/libarch__arm__core__cortex_m__mpu.a(arm_mpu.c.obj)
                0x00001f44                arm_core_mpu_enable
 .text.arm_core_mpu_disable
                0x00001f58       0x10 zephyr/arch/arch/arm/core/cortex_m/mpu/libarch__arm__core__cortex_m__mpu.a(arm_mpu.c.obj)
                0x00001f58                arm_core_mpu_disable
 .text.arm_mpu_init
                0x00001f68       0x5c zephyr/arch/arch/arm/core/cortex_m/mpu/libarch__arm__core__cortex_m__mpu.a(arm_mpu.c.obj)
 .text.arm_core_mpu_configure_static_mpu_regions
                0x00001fc4       0x48 zephyr/arch/arch/arm/core/cortex_m/mpu/libarch__arm__core__cortex_m__mpu.a(arm_mpu.c.obj)
                0x00001fc4                arm_core_mpu_configure_static_mpu_regions
 .text.arm_core_mpu_configure_dynamic_mpu_regions
                0x0000200c       0x4c zephyr/arch/arch/arm/core/cortex_m/mpu/libarch__arm__core__cortex_m__mpu.a(arm_mpu.c.obj)
                0x0000200c                arm_core_mpu_configure_dynamic_mpu_regions
 .text._prf     0x00002058      0x7cc zephyr/lib/libc/minimal/liblib__libc__minimal.a(prf.c.obj)
                0x00002058                _prf
 .text.__stdout_hook_install
                0x00002824        0xc zephyr/lib/libc/minimal/liblib__libc__minimal.a(stdout_console.c.obj)
                0x00002824                __stdout_hook_install
 .text.sprintf  0x00002830       0x30 zephyr/lib/libc/minimal/liblib__libc__minimal.a(sprintf.c.obj)
                0x00002830                sprintf
 .text.gpio_nrfx_init
                0x00002860       0x30 zephyr/drivers/gpio/libdrivers__gpio.a(gpio_nrfx.c.obj)
 .text.gpiote_event_handler
                0x00002890      0x13c zephyr/drivers/gpio/libdrivers__gpio.a(gpio_nrfx.c.obj)
 .text.gpiote_pin_int_cfg
                0x000029cc      0x144 zephyr/drivers/gpio/libdrivers__gpio.a(gpio_nrfx.c.obj)
 .text.spi_1_init
                0x00002b10       0x58 zephyr/drivers/spi/libdrivers__spi.a(spi_nrfx_spim.c.obj)
 .text.transfer_next_chunk
                0x00002b68       0x8c zephyr/drivers/spi/libdrivers__spi.a(spi_nrfx_spim.c.obj)
 .text.spi_nrfx_transceive
                0x00002bf4      0x1a0 zephyr/drivers/spi/libdrivers__spi.a(spi_nrfx_spim.c.obj)
 .text.uart_nrfx_err_check
                0x00002d94       0x14 zephyr/drivers/serial/libdrivers__serial.a(uart_nrfx_uart.c.obj)
 .text.uart_nrfx_configure
                0x00002da8      0x16c zephyr/drivers/serial/libdrivers__serial.a(uart_nrfx_uart.c.obj)
 .text.uart_nrfx_poll_in
                0x00002f14       0x2c zephyr/drivers/serial/libdrivers__serial.a(uart_nrfx_uart.c.obj)
 .text.uart_nrfx_poll_out
                0x00002f40       0x34 zephyr/drivers/serial/libdrivers__serial.a(uart_nrfx_uart.c.obj)
 .text.uart_nrfx_init
                0x00002f74       0x50 zephyr/drivers/serial/libdrivers__serial.a(uart_nrfx_uart.c.obj)
 .text.z_sys_device_do_config_level
                0x00002fc4       0x2c zephyr/kernel/libkernel.a(device.c.obj)
                0x00002fc4                z_sys_device_do_config_level
 .text.z_impl_device_get_binding
                0x00002ff0       0x4c zephyr/kernel/libkernel.a(device.c.obj)
                0x00002ff0                z_impl_device_get_binding
 .text.idle     0x0000303c       0x34 zephyr/kernel/libkernel.a(idle.c.obj)
                0x0000303c                idle
 .text.z_bss_zero
                0x00003070       0x14 zephyr/kernel/libkernel.a(init.c.obj)
                0x00003070                z_bss_zero
 .text.z_data_copy
                0x00003084       0x34 zephyr/kernel/libkernel.a(init.c.obj)
                0x00003084                z_data_copy
 .text.bg_thread_main
                0x000030b8       0x30 zephyr/kernel/libkernel.a(init.c.obj)
 .text.z_cstart
                0x000030e8      0x12c zephyr/kernel/libkernel.a(init.c.obj)
                0x000030e8                z_cstart
 .text.z_impl_k_mutex_lock
                0x00003214       0xe0 zephyr/kernel/libkernel.a(mutex.c.obj)
                0x00003214                z_impl_k_mutex_lock
 .text.z_impl_k_mutex_unlock
                0x000032f4       0x80 zephyr/kernel/libkernel.a(mutex.c.obj)
                0x000032f4                z_impl_k_mutex_unlock
 .text.resched  0x00003374       0x24 zephyr/kernel/libkernel.a(sched.c.obj)
 .text.reset_time_slice
                0x00003398       0x24 zephyr/kernel/libkernel.a(sched.c.obj)
 .text.k_sched_time_slice_set
                0x000033bc       0x5c zephyr/kernel/libkernel.a(sched.c.obj)
                0x000033bc                k_sched_time_slice_set
 .text.k_sched_lock
                0x00003418       0x28 zephyr/kernel/libkernel.a(sched.c.obj)
                0x00003418                k_sched_lock
 .text.z_priq_dumb_remove
                0x00003440       0x2c zephyr/kernel/libkernel.a(sched.c.obj)
                0x00003440                z_priq_dumb_remove
 .text.update_cache
                0x0000346c       0x3c zephyr/kernel/libkernel.a(sched.c.obj)
 .text.k_sched_unlock
                0x000034a8       0x38 zephyr/kernel/libkernel.a(sched.c.obj)
                0x000034a8                k_sched_unlock
 .text.z_add_thread_to_ready_q
                0x000034e0       0x70 zephyr/kernel/libkernel.a(sched.c.obj)
                0x000034e0                z_add_thread_to_ready_q
 .text.z_move_thread_to_end_of_prio_q
                0x00003550       0x80 zephyr/kernel/libkernel.a(sched.c.obj)
                0x00003550                z_move_thread_to_end_of_prio_q
 .text.z_time_slice
                0x000035d0       0x68 zephyr/kernel/libkernel.a(sched.c.obj)
                0x000035d0                z_time_slice
 .text.z_remove_thread_from_ready_q
                0x00003638       0x4c zephyr/kernel/libkernel.a(sched.c.obj)
                0x00003638                z_remove_thread_from_ready_q
 .text.pend     0x00003684       0x88 zephyr/kernel/libkernel.a(sched.c.obj)
 .text.z_pend_curr
                0x0000370c       0x28 zephyr/kernel/libkernel.a(sched.c.obj)
                0x0000370c                z_pend_curr
 .text.z_thread_priority_set
                0x00003734       0x9c zephyr/kernel/libkernel.a(sched.c.obj)
                0x00003734                z_thread_priority_set
 .text.z_sched_init
                0x000037d0       0x18 zephyr/kernel/libkernel.a(sched.c.obj)
                0x000037d0                z_sched_init
 .text.z_impl_k_yield
                0x000037e8       0x94 zephyr/kernel/libkernel.a(sched.c.obj)
                0x000037e8                z_impl_k_yield
 .text.z_impl_k_sleep
                0x0000387c       0x98 zephyr/kernel/libkernel.a(sched.c.obj)
                0x0000387c                z_impl_k_sleep
 .text.z_impl_k_current_get
                0x00003914        0xc zephyr/kernel/libkernel.a(sched.c.obj)
                0x00003914                z_impl_k_current_get
 .text.z_impl_k_sem_give
                0x00003920       0x4c zephyr/kernel/libkernel.a(sem.c.obj)
                0x00003920                z_impl_k_sem_give
 .text.z_impl_k_sem_take
                0x0000396c       0x48 zephyr/kernel/libkernel.a(sem.c.obj)
                0x0000396c                z_impl_k_sem_take
 .text.k_is_in_isr
                0x000039b4       0x20 zephyr/kernel/libkernel.a(thread.c.obj)
                0x000039b4                k_is_in_isr
 .text.z_is_thread_essential
                0x000039d4       0x10 zephyr/kernel/libkernel.a(thread.c.obj)
                0x000039d4                z_is_thread_essential
 .text.z_impl_k_thread_start
                0x000039e4       0x48 zephyr/kernel/libkernel.a(thread.c.obj)
                0x000039e4                z_impl_k_thread_start
 .text.z_setup_new_thread
                0x00003a2c       0x34 zephyr/kernel/libkernel.a(thread.c.obj)
                0x00003a2c                z_setup_new_thread
 .text.z_init_static_threads
                0x00003a60       0xb8 zephyr/kernel/libkernel.a(thread.c.obj)
                0x00003a60                z_init_static_threads
 .text.elapsed  0x00003b18       0x14 zephyr/kernel/libkernel.a(timeout.c.obj)
 .text.remove_timeout
                0x00003b2c       0x2c zephyr/kernel/libkernel.a(timeout.c.obj)
 .text.next_timeout
                0x00003b58       0x50 zephyr/kernel/libkernel.a(timeout.c.obj)
 .text.z_add_timeout
                0x00003ba8       0x88 zephyr/kernel/libkernel.a(timeout.c.obj)
                0x00003ba8                z_add_timeout
 .text.z_clock_announce
                0x00003c30       0xac zephyr/kernel/libkernel.a(timeout.c.obj)
                0x00003c30                z_clock_announce
 .text.z_tick_get
                0x00003cdc       0x3c zephyr/kernel/libkernel.a(timeout.c.obj)
                0x00003cdc                z_tick_get
 .text.init_static_pools
                0x00003d18       0x28 zephyr/kernel/libkernel.a(mempool.c.obj)
                0x00003d18                init_static_pools
 .text.main     0x00003d40        0x8 app/libapp.a(main.c.obj)
                0x00003d40                main
 .text.dwt_writetodevice
                0x00003d48       0x44 app/libapp.a(deca_device.c.obj)
                0x00003d48                dwt_writetodevice
 .text.dwt_readfromdevice
                0x00003d8c       0x40 app/libapp.a(deca_device.c.obj)
                0x00003d8c                dwt_readfromdevice
 .text.dwt_readrxdata
                0x00003dcc       0x12 app/libapp.a(deca_device.c.obj)
                0x00003dcc                dwt_readrxdata
 .text.dwt_read32bitoffsetreg
                0x00003dde       0x24 app/libapp.a(deca_device.c.obj)
                0x00003dde                dwt_read32bitoffsetreg
 .text.dwt_readdevid
                0x00003e02        0x8 app/libapp.a(deca_device.c.obj)
                0x00003e02                dwt_readdevid
 .text.dwt_read16bitoffsetreg
                0x00003e0a       0x22 app/libapp.a(deca_device.c.obj)
                0x00003e0a                dwt_read16bitoffsetreg
 .text.dwt_read8bitoffsetreg
                0x00003e2c       0x1a app/libapp.a(deca_device.c.obj)
                0x00003e2c                dwt_read8bitoffsetreg
 .text.dwt_write8bitoffsetreg
                0x00003e46       0x18 app/libapp.a(deca_device.c.obj)
                0x00003e46                dwt_write8bitoffsetreg
 .text.dwt_write16bitoffsetreg
                0x00003e5e       0x1e app/libapp.a(deca_device.c.obj)
                0x00003e5e                dwt_write16bitoffsetreg
 .text.dwt_write32bitoffsetreg
                0x00003e7c       0x2a app/libapp.a(deca_device.c.obj)
                0x00003e7c                dwt_write32bitoffsetreg
 .text._dwt_otpread
                0x00003ea6       0x2c app/libapp.a(deca_device.c.obj)
                0x00003ea6                _dwt_otpread
 .text._dwt_aonarrayupload
                0x00003ed2       0x1a app/libapp.a(deca_device.c.obj)
                0x00003ed2                _dwt_aonarrayupload
 .text._dwt_configlde
                0x00003eec       0x2a app/libapp.a(deca_device.c.obj)
                0x00003eec                _dwt_configlde
 .text._dwt_enableclocks
                0x00003f16       0xd4 app/libapp.a(deca_device.c.obj)
                0x00003f16                _dwt_enableclocks
 .text._dwt_loaducodefromrom
                0x00003fea       0x24 app/libapp.a(deca_device.c.obj)
                0x00003fea                _dwt_loaducodefromrom
 .text._dwt_disablesequencing
                0x0000400e       0x16 app/libapp.a(deca_device.c.obj)
                0x0000400e                _dwt_disablesequencing
 .text.dwt_syncrxbufptrs
                0x00004024       0x22 app/libapp.a(deca_device.c.obj)
                0x00004024                dwt_syncrxbufptrs
 .text.dwt_rxenable
                0x00004046       0x4e app/libapp.a(deca_device.c.obj)
                0x00004046                dwt_rxenable
 .text.dwt_setxtaltrim
                0x00004094       0x10 app/libapp.a(deca_device.c.obj)
                0x00004094                dwt_setxtaltrim
 .text.k_sleep  0x000040a4        0x4 app/libapp.a(port.c.obj)
 .text.usleep   0x000040a8       0x4e app/libapp.a(port.c.obj)
                0x000040a8                usleep
 .text.Sleep    0x000040f6       0x18 app/libapp.a(port.c.obj)
                0x000040f6                Sleep
 .text.reset_DW1000
                0x0000410e       0x1a app/libapp.a(port.c.obj)
                0x0000410e                reset_DW1000
 .text.setup_DW1000RSTnIRQ
                0x00004128       0x12 app/libapp.a(port.c.obj)
                0x00004128                setup_DW1000RSTnIRQ
 .text.port_wakeup_dw1000
                0x0000413a        0xc app/libapp.a(port.c.obj)
                0x0000413a                port_wakeup_dw1000
 .text.port_set_dw1000_slowrate
                0x00004146        0xc app/libapp.a(port.c.obj)
                0x00004146                port_set_dw1000_slowrate
 .text.port_set_dw1000_fastrate
                0x00004152        0xc app/libapp.a(port.c.obj)
                0x00004152                port_set_dw1000_fastrate
 .text.port_DisableEXT_IRQ
                0x0000415e        0xa app/libapp.a(port.c.obj)
                0x0000415e                port_DisableEXT_IRQ
 .text.port_EnableEXT_IRQ
                0x00004168        0xa app/libapp.a(port.c.obj)
                0x00004168                port_EnableEXT_IRQ
 .text.port_GetEXT_IRQStatus
                0x00004172        0xe app/libapp.a(port.c.obj)
                0x00004172                port_GetEXT_IRQStatus
 .text.decamutexon
                0x00004180       0x12 app/libapp.a(deca_mutex.c.obj)
                0x00004180                decamutexon
 .text.decamutexoff
                0x00004192        0x8 app/libapp.a(deca_mutex.c.obj)
                0x00004192                decamutexoff
 .text.deca_sleep
                0x0000419a        0x4 app/libapp.a(deca_sleep.c.obj)
                0x0000419a                deca_sleep
 .text.get_bit_ptr
                0x0000419e       0x2a zephyr/libzephyr.a(mempool.c.obj)
 .text.set_free_bit
                0x000041c8       0x1c zephyr/libzephyr.a(mempool.c.obj)
 .text.z_sys_mem_pool_base_init
                0x000041e4       0x96 zephyr/libzephyr.a(mempool.c.obj)
                0x000041e4                z_sys_mem_pool_base_init
 .text.z_thread_entry
                0x0000427a       0x14 zephyr/libzephyr.a(thread_entry.c.obj)
                0x0000427a                z_thread_entry
 .text.z_arch_printk_char_out
                0x0000428e        0x4 zephyr/libzephyr.a(printk.c.obj)
                0x0000428e                z_arch_printk_char_out
 .text.print_err
                0x00004292       0x1c zephyr/libzephyr.a(printk.c.obj)
 .text._vprintk
                0x000042ae      0x2b8 zephyr/libzephyr.a(printk.c.obj)
                0x000042ae                _vprintk
 .text.printk   0x00004566       0x1a zephyr/libzephyr.a(printk.c.obj)
                0x00004566                printk
 .text._ConfigAbsSyms
                0x00004580        0x2 zephyr/libzephyr.a(configs.c.obj)
                0x00004580                _ConfigAbsSyms
 .text.nrfx_isr
                0x00004582        0x2 zephyr/libzephyr.a(nrfx_glue.c.obj)
                0x00004582                nrfx_isr
 .text._GetAvailWriteSpace
                0x00004584       0x1c zephyr/libzephyr.a(SEGGER_RTT.c.obj)
 .text._WriteNoCheck
                0x000045a0       0x3a zephyr/libzephyr.a(SEGGER_RTT.c.obj)
 .text._WriteBlocking
                0x000045da       0x52 zephyr/libzephyr.a(SEGGER_RTT.c.obj)
 .text.SEGGER_RTT_Init
                0x0000462c        0x4 zephyr/libzephyr.a(SEGGER_RTT.c.obj)
                0x0000462c                SEGGER_RTT_Init
 .text.rtt_init
                0x00004630        0xa zephyr/libzephyr.a(SEGGER_RTT_zephyr.c.obj)
 .text._clock_control_init
                0x0000463a       0x16 zephyr/libzephyr.a(nrf_power_clock.c.obj)
 .text.z_clock_isr
                0x00004650        0x2 zephyr/libzephyr.a(sys_clock_init.c.obj)
                0x00004650                z_clock_isr
 .text.z_clock_idle_exit
                0x00004652        0x2 zephyr/libzephyr.a(sys_clock_init.c.obj)
                0x00004652                z_clock_idle_exit
 .text.z_irq_spurious
                0x00004654        0x4 zephyr/arch/arch/arm/core/libarch__arm__core.a(irq_manage.c.obj)
                0x00004654                z_irq_spurious
 .text._do_kernel_oops
                0x00004658        0x8 zephyr/arch/arch/arm/core/libarch__arm__core.a(fatal.c.obj)
                0x00004658                _do_kernel_oops
 .text.lock_interrupts
                0x00004660        0x8 zephyr/arch/arch/arm/core/cortex_m/libarch__arm__core__cortex_m.a(prep_c.c.obj)
                0x00004660                lock_interrupts
 .text.__nmi    0x00004668        0xe zephyr/arch/arch/arm/core/cortex_m/libarch__arm__core__cortex_m.a(nmi.c.obj)
                0x00004668                __nmi
 .text.z_arch_configure_dynamic_mpu_regions
                0x00004676       0x10 zephyr/arch/arch/arm/core/cortex_m/mpu/libarch__arm__core__cortex_m__mpu.a(arm_core_mpu.c.obj)
                0x00004676                z_arch_configure_dynamic_mpu_regions
 .text.strcpy   0x00004686       0x14 zephyr/lib/libc/minimal/liblib__libc__minimal.a(string.c.obj)
                0x00004686                strcpy
 .text.strchr   0x0000469a       0x1c zephyr/lib/libc/minimal/liblib__libc__minimal.a(string.c.obj)
                0x0000469a                strchr
 .text.strcmp   0x000046b6       0x1a zephyr/lib/libc/minimal/liblib__libc__minimal.a(string.c.obj)
                0x000046b6                strcmp
 .text.memmove  0x000046d0       0x2e zephyr/lib/libc/minimal/liblib__libc__minimal.a(string.c.obj)
                0x000046d0                memmove
 .text.memcpy   0x000046fe       0x5a zephyr/lib/libc/minimal/liblib__libc__minimal.a(string.c.obj)
                0x000046fe                memcpy
 .text.memset   0x00004758       0x42 zephyr/lib/libc/minimal/liblib__libc__minimal.a(string.c.obj)
                0x00004758                memset
 .text._to_x    0x0000479a       0x50 zephyr/lib/libc/minimal/liblib__libc__minimal.a(prf.c.obj)
 .text._rlrshift
                0x000047ea       0x28 zephyr/lib/libc/minimal/liblib__libc__minimal.a(prf.c.obj)
 .text._ldiv5   0x00004812       0x62 zephyr/lib/libc/minimal/liblib__libc__minimal.a(prf.c.obj)
 .text._get_digit
                0x00004874       0x36 zephyr/lib/libc/minimal/liblib__libc__minimal.a(prf.c.obj)
 .text._stdout_hook_default
                0x000048aa        0x6 zephyr/lib/libc/minimal/liblib__libc__minimal.a(stdout_console.c.obj)
 .text.sprintf_out
                0x000048b0       0x1a zephyr/lib/libc/minimal/liblib__libc__minimal.a(sprintf.c.obj)
 .text.nrf_gpio_cfg_sense_set
                0x000048ca       0x20 zephyr/drivers/gpio/libdrivers__gpio.a(gpio_nrfx.c.obj)
 .text.gpio_nrfx_write
                0x000048ea       0x3c zephyr/drivers/gpio/libdrivers__gpio.a(gpio_nrfx.c.obj)
 .text.gpio_nrfx_read
                0x00004926       0x30 zephyr/drivers/gpio/libdrivers__gpio.a(gpio_nrfx.c.obj)
 .text.gpio_nrfx_manage_callback
                0x00004956       0x56 zephyr/drivers/gpio/libdrivers__gpio.a(gpio_nrfx.c.obj)
 .text.gpio_nrfx_config
                0x000049ac      0x126 zephyr/drivers/gpio/libdrivers__gpio.a(gpio_nrfx.c.obj)
 .text.gpio_nrfx_pin_disable_callback
                0x00004ad2       0x42 zephyr/drivers/gpio/libdrivers__gpio.a(gpio_nrfx.c.obj)
 .text.gpio_nrfx_pin_enable_callback
                0x00004b14       0x40 zephyr/drivers/gpio/libdrivers__gpio.a(gpio_nrfx.c.obj)
 .text.gpio_pin_write
                0x00004b54       0x12 zephyr/drivers/spi/libdrivers__spi.a(spi_nrfx_spim.c.obj)
 .text._spi_context_cs_control.isra.7
                0x00004b66       0x54 zephyr/drivers/spi/libdrivers__spi.a(spi_nrfx_spim.c.obj)
 .text.spi_context_unlock_unconditionally
                0x00004bba       0x1c zephyr/drivers/spi/libdrivers__spi.a(spi_nrfx_spim.c.obj)
 .text.spi_nrfx_release
                0x00004bd6       0x24 zephyr/drivers/spi/libdrivers__spi.a(spi_nrfx_spim.c.obj)
 .text.event_handler
                0x00004bfa       0x7c zephyr/drivers/spi/libdrivers__spi.a(spi_nrfx_spim.c.obj)
 .text.uart_nrfx_config_get
                0x00004c76       0x10 zephyr/drivers/serial/libdrivers__serial.a(uart_nrfx_uart.c.obj)
 .text.z_sys_power_save_idle_exit
                0x00004c86        0x4 zephyr/kernel/libkernel.a(idle.c.obj)
                0x00004c86                z_sys_power_save_idle_exit
 .text.z_is_thread_ready
                0x00004c8a       0x12 zephyr/kernel/libkernel.a(sched.c.obj)
 .text.z_unpend_thread_no_timeout
                0x00004c9c       0x32 zephyr/kernel/libkernel.a(sched.c.obj)
                0x00004c9c                z_unpend_thread_no_timeout
 .text.z_reschedule
                0x00004cce       0x1c zephyr/kernel/libkernel.a(sched.c.obj)
                0x00004cce                z_reschedule
 .text.z_reschedule_irqlock
                0x00004cea       0x1e zephyr/kernel/libkernel.a(sched.c.obj)
                0x00004cea                z_reschedule_irqlock
 .text.z_reschedule_unlocked
                0x00004d08       0x14 zephyr/kernel/libkernel.a(sched.c.obj)
 .text.z_priq_dumb_best
                0x00004d1c        0xc zephyr/kernel/libkernel.a(sched.c.obj)
                0x00004d1c                z_priq_dumb_best
 .text.z_thread_timeout
                0x00004d28       0x62 zephyr/kernel/libkernel.a(sched.c.obj)
                0x00004d28                z_thread_timeout
 .text.z_unpend_first_thread
                0x00004d8a       0x5a zephyr/kernel/libkernel.a(sched.c.obj)
                0x00004d8a                z_unpend_first_thread
 .text.z_is_thread_ready
                0x00004de4       0x12 zephyr/kernel/libkernel.a(thread.c.obj)
 .text.z_impl_k_busy_wait
                0x00004df6        0x4 zephyr/kernel/libkernel.a(thread.c.obj)
                0x00004df6                z_impl_k_busy_wait
 .text.z_thread_single_abort
                0x00004dfa       0x3e zephyr/kernel/libkernel.a(thread.c.obj)
                0x00004dfa                z_thread_single_abort
 .text.z_init_thread_base
                0x00004e38       0x10 zephyr/kernel/libkernel.a(thread.c.obj)
                0x00004e38                z_init_thread_base
 .text.z_abort_timeout
                0x00004e48       0x2c zephyr/kernel/libkernel.a(timeout.c.obj)
                0x00004e48                z_abort_timeout
 .text.z_get_next_timeout_expiry
                0x00004e74       0x20 zephyr/kernel/libkernel.a(timeout.c.obj)
                0x00004e74                z_get_next_timeout_expiry
 .text.z_set_timeout_expiry
                0x00004e94       0x34 zephyr/kernel/libkernel.a(timeout.c.obj)
                0x00004e94                z_set_timeout_expiry
 .text.z_tick_get_32
                0x00004ec8        0x8 zephyr/kernel/libkernel.a(timeout.c.obj)
                0x00004ec8                z_tick_get_32
 .text._OffsetAbsSyms
                0x00004ed0        0x2 zephyr/CMakeFiles/offsets.dir/arch/arm/core/offsets/offsets.c.obj
                0x00004ed0                _OffsetAbsSyms
 *(SORT_BY_ALIGNMENT(.gnu.linkonce.t.*))
 *(SORT_BY_ALIGNMENT(.glue_7t))
 .glue_7t       0x00004ed2        0x0 linker stubs
 *(SORT_BY_ALIGNMENT(.glue_7))
 .glue_7        0x00004ed2        0x0 linker stubs
 *(SORT_BY_ALIGNMENT(.vfp11_veneer))
 .vfp11_veneer  0x00004ed2        0x0 linker stubs
 *(SORT_BY_ALIGNMENT(.v4_bx))
 .v4_bx         0x00004ed2        0x0 linker stubs
                0x00004ed2                _image_text_end = .

.ARM.exidx      0x00004ed4        0x8
                0x00004ed4                __exidx_start = .
 *(SORT_BY_ALIGNMENT(.ARM.exidx*) SORT_BY_ALIGNMENT(gnu.linkonce.armexidx.*))
 .ARM.exidx     0x00004ed4        0x8 c:/gnuarmemb/bin/../lib/gcc/arm-none-eabi/7.3.1/thumb/v7e-m\libgcc.a(_udivmoddi4.o)
                0x00004edc                __exidx_end = .
                0x00004edc                _image_rodata_start = .

sw_isr_table    0x00004edc      0x138
 *(SORT_BY_ALIGNMENT(.gnu.linkonce.sw_isr_table))
 .gnu.linkonce.sw_isr_table
                0x00004edc      0x138 zephyr/CMakeFiles/kernel_elf.dir/isr_tables.c.obj
                0x00004edc                _sw_isr_table

app_shmem_regions
                0x00005014        0x0
                0x00005014                __app_shmem_regions_start = .
 *(SORT_BY_NAME(SORT_BY_ALIGNMENT(.app_regions.*)))
                0x00005014                __app_shmem_regions_end = .

devconfig       0x00005014       0x90
                0x00005014                __devconfig_start = .
 *(SORT_BY_ALIGNMENT(.devconfig.*))
 .devconfig.init
                0x00005014        0xc zephyr/libzephyr.a(soc.c.obj)
 .devconfig.init
                0x00005020        0xc zephyr/libzephyr.a(SEGGER_RTT_zephyr.c.obj)
 .devconfig.init
                0x0000502c        0xc zephyr/libzephyr.a(uart_console.c.obj)
 .devconfig.init
                0x00005038        0xc zephyr/libzephyr.a(rtt_console.c.obj)
 .devconfig.init
                0x00005044       0x18 zephyr/libzephyr.a(nrf_power_clock.c.obj)
 .devconfig.init
                0x0000505c        0xc zephyr/libzephyr.a(sys_clock_init.c.obj)
 .devconfig.init
                0x00005068        0xc zephyr/arch/arch/arm/core/cortex_m/mpu/libarch__arm__core__cortex_m__mpu.a(arm_mpu.c.obj)
 .devconfig.init
                0x00005074        0xc zephyr/drivers/gpio/libdrivers__gpio.a(gpio_nrfx.c.obj)
 .devconfig.init
                0x00005080        0xc zephyr/drivers/spi/libdrivers__spi.a(spi_nrfx_spim.c.obj)
 .devconfig.init
                0x0000508c        0xc zephyr/drivers/serial/libdrivers__serial.a(uart_nrfx_uart.c.obj)
 .devconfig.init
                0x00005098        0xc zephyr/kernel/libkernel.a(mempool.c.obj)
 *(SORT_BY_NAME(SORT_BY_ALIGNMENT(.devconfig*)))
                0x000050a4                __devconfig_end = .

net_l2          0x000050a4        0x0
                0x000050a4                __net_l2_start = .
 *(SORT_BY_ALIGNMENT(.net_l2.init))
 *(SORT_BY_NAME(SORT_BY_ALIGNMENT(.net_l2.init*)))
                0x000050a4                __net_l2_end = .

log_const_sections
                0x000050a4        0x0
                0x000050a4                __log_const_start = .
 *(SORT_BY_NAME(SORT_BY_ALIGNMENT(.log_const_*)))
                0x000050a4                __log_const_end = .

log_backends_sections
                0x000050a4        0x0
                0x000050a4                __log_backends_start = .
 *(SORT_BY_ALIGNMENT(.log_backends))
                0x000050a4                __log_backends_end = .

shell_root_cmds_sections
                0x000050a4        0x0
                0x000050a4                __shell_root_cmds_start = .
 *(SORT_BY_NAME(SORT_BY_ALIGNMENT(.shell_root_cmd_*)))
                0x000050a4                __shell_root_cmds_end = .

font_entry_sections
                0x000050a4        0x0
                0x000050a4                __font_entry_start = .
 *(SORT_BY_NAME(SORT_BY_ALIGNMENT(.font_entry.*)))
                0x000050a4                __font_entry_end = .

rodata          0x000050b0      0x694
 *(SORT_BY_ALIGNMENT(.rodata))
 *(SORT_BY_ALIGNMENT(.rodata.*))
 .rodata.delay_machine_code.9530
                0x000050b0        0x6 zephyr/libzephyr.a(soc.c.obj)
 *fill*         0x000050b6        0x2 
 .rodata.agc_config
                0x000050b8        0x8 app/libapp.a(deca_params_init.c.obj)
                0x000050b8                agc_config
 .rodata.digital_bb_config
                0x000050c0       0x20 app/libapp.a(deca_params_init.c.obj)
                0x000050c0                digital_bb_config
 .rodata.fs_pll_cfg
                0x000050e0       0x18 app/libapp.a(deca_params_init.c.obj)
                0x000050e0                fs_pll_cfg
 .rodata.tx_config
                0x000050f8       0x18 app/libapp.a(deca_params_init.c.obj)
                0x000050f8                tx_config
 .rodata.mpu_config
                0x00005110        0x8 zephyr/libzephyr.a(mpu_regions.c.obj)
                0x00005110                mpu_config
 .rodata.mpu_regions
                0x00005118       0x18 zephyr/libzephyr.a(mpu_regions.c.obj)
 .rodata._k32src_clock_control_api
                0x00005130        0xc zephyr/libzephyr.a(nrf_power_clock.c.obj)
 .rodata._m16src_clock_control_api
                0x0000513c        0xc zephyr/libzephyr.a(nrf_power_clock.c.obj)
 .rodata.gpio_nrfx_drv_api_funcs
                0x00005148       0x1c zephyr/drivers/gpio/libdrivers__gpio.a(gpio_nrfx.c.obj)
 .rodata.gpio_nrfx_p0_cfg
                0x00005164        0x8 zephyr/drivers/gpio/libdrivers__gpio.a(gpio_nrfx.c.obj)
 .rodata.spi_1_config
                0x0000516c        0xc zephyr/drivers/spi/libdrivers__spi.a(spi_nrfx_spim.c.obj)
 .rodata.spi_nrfx_driver_api
                0x00005178        0x8 zephyr/drivers/spi/libdrivers__spi.a(spi_nrfx_spim.c.obj)
 .rodata.uart_nrfx_uart_driver_api
                0x00005180       0x14 zephyr/drivers/serial/libdrivers__serial.a(uart_nrfx_uart.c.obj)
 .rodata.config_levels.9233
                0x00005194       0x14 zephyr/kernel/libkernel.a(device.c.obj)
 .rodata._k_neg_eagain
                0x000051a8        0x4 zephyr/kernel/libkernel.a(errno.c.obj)
                0x000051a8                _k_neg_eagain
 .rodata._idle_thread
                0x000051ac        0x4 zephyr/kernel/libkernel.a(init.c.obj)
                0x000051ac                _idle_thread
 .rodata.dtune1
                0x000051b0        0x4 app/libapp.a(deca_params_init.c.obj)
                0x000051b0                dtune1
 .rodata.lde_replicaCoeff
                0x000051b4       0x32 app/libapp.a(deca_params_init.c.obj)
                0x000051b4                lde_replicaCoeff
 .rodata.sftsh  0x000051e6        0xc app/libapp.a(deca_params_init.c.obj)
                0x000051e6                sftsh
 .rodata.dw_main.str1.1
                0x000051f2       0x2d app/libapp.a(ex_02a_main.c.obj)
 .rodata.chan_idx
                0x0000521f        0x8 app/libapp.a(deca_params_init.c.obj)
                0x0000521f                chan_idx
 .rodata.dwnsSFDlen
                0x00005227        0x3 app/libapp.a(deca_params_init.c.obj)
                0x00005227                dwnsSFDlen
 .rodata.fs_pll_tune
                0x0000522a        0x6 app/libapp.a(deca_params_init.c.obj)
                0x0000522a                fs_pll_tune
 .rodata.rx_config
                0x00005230        0x2 app/libapp.a(deca_params_init.c.obj)
                0x00005230                rx_config
 .rodata.openspi.str1.1
                0x00005232       0x21 app/libapp.a(deca_spi.c.obj)
 .rodata.str1.1
                0x00005253       0x21 zephyr/libzephyr.a(soc.c.obj)
                                  0x1 (size before relaxing)
 .rodata.str1.1
                0x00005253        0xf zephyr/libzephyr.a(mpu_regions.c.obj)
 .rodata._DoInit.str1.1
                0x00005262       0x14 zephyr/libzephyr.a(SEGGER_RTT.c.obj)
 .rodata.str1.1
                0x00005276        0x1 zephyr/libzephyr.a(SEGGER_RTT_zephyr.c.obj)
 .rodata.str1.1
                0x00005276        0x1 zephyr/libzephyr.a(uart_console.c.obj)
 .rodata.uart_console_init.str1.1
                0x00005276        0x7 zephyr/libzephyr.a(uart_console.c.obj)
 .rodata.str1.1
                0x0000527d        0x1 zephyr/libzephyr.a(rtt_console.c.obj)
 .rodata.str1.1
                0x0000527d       0x14 zephyr/libzephyr.a(nrf_power_clock.c.obj)
 .rodata.str1.1
                0x00005291        0xa zephyr/libzephyr.a(sys_clock_init.c.obj)
 .rodata.z_clock_driver_init.str1.1
                0x0000529b        0xa zephyr/libzephyr.a(nrf_rtc_timer.c.obj)
 .rodata._BusFault.isra.3.str1.1
                0x0000529b       0x8e zephyr/arch/arch/arm/core/libarch__arm__core.a(fault.c.obj)
 .rodata._Fault.str1.1
                0x00005329       0xd3 zephyr/arch/arch/arm/core/libarch__arm__core.a(fault.c.obj)
 .rodata._MpuFault.isra.2.str1.1
                0x000053fc       0xdf zephyr/arch/arch/arm/core/libarch__arm__core.a(fault.c.obj)
 .rodata._UsageFault.isra.4.str1.1
                0x000054db       0xd4 zephyr/arch/arch/arm/core/libarch__arm__core.a(fault.c.obj)
 .rodata.z_NanoFatalErrorHandler.str1.1
                0x000055af       0xda zephyr/arch/arch/arm/core/libarch__arm__core.a(fatal.c.obj)
 .rodata.z_SysFatalErrorHandler.str1.1
                0x00005689       0x5a zephyr/arch/arch/arm/core/libarch__arm__core.a(sys_fatal_error_handler.c.obj)
 .rodata.str1.1
                0x000056e3        0x1 zephyr/arch/arch/arm/core/cortex_m/mpu/libarch__arm__core__cortex_m__mpu.a(arm_mpu.c.obj)
 .rodata._prf.str1.1
                0x000056e3        0xb zephyr/lib/libc/minimal/liblib__libc__minimal.a(prf.c.obj)
 .rodata.str1.1
                0x000056ee        0x7 zephyr/drivers/gpio/libdrivers__gpio.a(gpio_nrfx.c.obj)
 .rodata.str1.1
                0x000056f5        0x6 zephyr/drivers/spi/libdrivers__spi.a(spi_nrfx_spim.c.obj)
 .rodata.str1.1
                0x000056f5        0x7 zephyr/drivers/serial/libdrivers__serial.a(uart_nrfx_uart.c.obj)
 .rodata.uart_nrfx_uart0_config
                0x000056f5        0x1 zephyr/drivers/serial/libdrivers__serial.a(uart_nrfx_uart.c.obj)
 .rodata.bg_thread_main.str1.1
                0x000056f6       0x42 zephyr/kernel/libkernel.a(init.c.obj)
 .rodata.z_cstart.str1.1
                0x00005738        0xa zephyr/kernel/libkernel.a(init.c.obj)
 .rodata.str1.1
                0x00005742        0x1 zephyr/kernel/libkernel.a(mempool.c.obj)
 *(SORT_BY_ALIGNMENT(.gnu.linkonce.r.*))
                0x00005744                . = ALIGN (0x4)
 *fill*         0x00005742        0x2 
                0x00005744                _image_rodata_end = .
                0x00005744                _image_rom_end = .
                0x20000000                . = 0x20000000
                0x20000000                . = ALIGN (_region_min_align)
                0x20000000                _image_ram_start = .

.ramfunc        0x20000000        0x0 load address 0x00005744
                0x20000000                . = ALIGN (_region_min_align)
                0x20000000                . = ALIGN ((0x1 << LOG2CEIL (_ramfunc_ram_size)))
                0x20000000                _ramfunc_ram_start = .
 *(SORT_BY_ALIGNMENT(.ramfunc))
 *(SORT_BY_ALIGNMENT(.ramfunc.*))
                0x20000000                . = ALIGN (_region_min_align)
                0x20000000                . = ALIGN ((0x1 << LOG2CEIL (_ramfunc_ram_size)))
                0x20000000                _ramfunc_ram_end = .
                0x00000000                _ramfunc_ram_size = (_ramfunc_ram_end - _ramfunc_ram_start)
                0x00005744                _ramfunc_rom_start = LOADADDR (.ramfunc)

bss             0x20000000      0x938
                0x20000000                . = ALIGN (0x4)
                0x20000000                __bss_start = .
                0x20000000                __kernel_ram_start = .
 *(SORT_BY_ALIGNMENT(.bss))
 *(SORT_BY_ALIGNMENT(.bss.*))
 .bss.curr_tick
                0x20000000        0x8 zephyr/kernel/libkernel.a(timeout.c.obj)
 .bss.dw1000local
                0x20000008       0x38 app/libapp.a(deca_device.c.obj)
 .bss.bufs      0x20000040       0x10 app/libapp.a(deca_spi.c.obj)
                0x20000040                bufs
 .bss.rx        0x20000050        0x8 app/libapp.a(deca_spi.c.obj)
                0x20000050                rx
 .bss.spi       0x20000058        0x4 app/libapp.a(deca_spi.c.obj)
                0x20000058                spi
 .bss.spi_cfg   0x2000005c        0x4 app/libapp.a(deca_spi.c.obj)
                0x2000005c                spi_cfg
 .bss.spi_cfgs  0x20000060       0x30 app/libapp.a(deca_spi.c.obj)
                0x20000060                spi_cfgs
 .bss.tx        0x20000090        0x8 app/libapp.a(deca_spi.c.obj)
                0x20000090                tx
 .bss.m_cb      0x20000098       0x24 zephyr/libzephyr.a(nrfx_spim.c.obj)
 .bss._SEGGER_RTT
                0x200000bc       0xa8 zephyr/libzephyr.a(SEGGER_RTT.c.obj)
                0x200000bc                _SEGGER_RTT
 .bss.uart_console_dev
                0x20000164        0x4 zephyr/libzephyr.a(uart_console.c.obj)
 .bss.last_count
                0x20000168        0x4 zephyr/libzephyr.a(nrf_rtc_timer.c.obj)
 .bss.gpio_nrfx_p0_data
                0x2000016c       0x20 zephyr/drivers/gpio/libdrivers__gpio.a(gpio_nrfx.c.obj)
 .bss._idle_thread_s
                0x2000018c       0x6c zephyr/kernel/libkernel.a(init.c.obj)
 .bss._main_thread_s
                0x200001f8       0x6c zephyr/kernel/libkernel.a(init.c.obj)
 .bss._kernel   0x20000264       0x30 zephyr/kernel/libkernel.a(sched.c.obj)
                0x20000264                _kernel
 .bss.pending_current
                0x20000294        0x4 zephyr/kernel/libkernel.a(sched.c.obj)
 .bss.slice_max_prio
                0x20000298        0x4 zephyr/kernel/libkernel.a(sched.c.obj)
 .bss.slice_time
                0x2000029c        0x4 zephyr/kernel/libkernel.a(sched.c.obj)
 .bss.announce_remaining
                0x200002a0        0x4 zephyr/kernel/libkernel.a(timeout.c.obj)
 .bss.rx_buffer
                0x200002a4       0x7f app/libapp.a(ex_02a_main.c.obj)
 .bss.rx_buf    0x20000323       0xff app/libapp.a(deca_spi.c.obj)
                0x20000323                rx_buf
 .bss.tx_buf    0x20000422       0xff app/libapp.a(deca_spi.c.obj)
                0x20000422                tx_buf
 .bss._acDownBuffer
                0x20000521       0x10 zephyr/libzephyr.a(SEGGER_RTT.c.obj)
 .bss._acUpBuffer
                0x20000531      0x400 zephyr/libzephyr.a(SEGGER_RTT.c.obj)
 .bss.host_present
                0x20000931        0x1 zephyr/libzephyr.a(rtt_console.c.obj)
 .bss.k32src_initialized
                0x20000932        0x1 zephyr/libzephyr.a(nrf_power_clock.c.obj)
 .bss.m16src_grd
                0x20000933        0x1 zephyr/libzephyr.a(nrf_power_clock.c.obj)
 .bss.m16src_ref
                0x20000934        0x1 zephyr/libzephyr.a(nrf_power_clock.c.obj)
 .bss.static_regions_num
                0x20000935        0x1 zephyr/arch/arch/arm/core/cortex_m/mpu/libarch__arm__core__cortex_m__mpu.a(arm_mpu.c.obj)
 .bss.gpio_initialized.10109
                0x20000936        0x1 zephyr/drivers/gpio/libdrivers__gpio.a(gpio_nrfx.c.obj)
 .bss.lock      0x20000937        0x0 zephyr/kernel/libkernel.a(mutex.c.obj)
 .bss.lock      0x20000937        0x0 zephyr/kernel/libkernel.a(sem.c.obj)
 .bss.lock      0x20000937        0x0 zephyr/kernel/libkernel.a(thread.c.obj)
 .bss.can_wait_forever
                0x20000937        0x1 zephyr/kernel/libkernel.a(timeout.c.obj)
 *(SORT_BY_ALIGNMENT(COMMON))
 *(SORT_BY_ALIGNMENT(.kernel_bss.*))
                0x20000938                __bss_end = ALIGN (0x4)

noinit          0x20000938      0xd40
 *(SORT_BY_ALIGNMENT(.noinit))
 *(SORT_BY_ALIGNMENT(.noinit.*))
 .noinit."C:/ricardo/zephyr/kernel/init.c".1
                0x20000938      0x400 zephyr/kernel/libkernel.a(init.c.obj)
                0x20000938                _main_stack
 .noinit."C:/ricardo/zephyr/kernel/init.c".2
                0x20000d38      0x140 zephyr/kernel/libkernel.a(init.c.obj)
                0x20000d38                _idle_stack
 .noinit."C:/ricardo/zephyr/kernel/init.c".3
                0x20000e78      0x800 zephyr/kernel/libkernel.a(init.c.obj)
                0x20000e78                _interrupt_stack
 *(SORT_BY_ALIGNMENT(.kernel_noinit.*))

datas           0x20001678       0x7c load address 0x00005744
                0x20001678                __data_ram_start = .
 *(SORT_BY_ALIGNMENT(.data))
 *(SORT_BY_ALIGNMENT(.data.*))
 .data.pdw1000local
                0x20001678        0x4 app/libapp.a(deca_device.c.obj)
 .data._char_out
                0x2000167c        0x4 zephyr/libzephyr.a(printk.c.obj)
                0x2000167c                _char_out
 .data.SystemCoreClock
                0x20001680        0x4 zephyr/libzephyr.a(system_nrf52.c.obj)
                0x20001680                SystemCoreClock
 .data._stdout_hook
                0x20001684        0x4 zephyr/lib/libc/minimal/liblib__libc__minimal.a(stdout_console.c.obj)
 .data.spi_1_data
                0x20001688       0x50 zephyr/drivers/spi/libdrivers__spi.a(spi_nrfx_spim.c.obj)
 .data.uart_nrfx_uart0_data
                0x200016d8        0x8 zephyr/drivers/serial/libdrivers__serial.a(uart_nrfx_uart.c.obj)
 .data.timeout_list
                0x200016e0        0x8 zephyr/kernel/libkernel.a(timeout.c.obj)
 .data.config   0x200016e8        0xc app/libapp.a(ex_02a_main.c.obj)
 *(SORT_BY_ALIGNMENT(.kernel.*))
                0x00005744                __data_rom_start = LOADADDR (datas)

initlevel       0x200016f4       0x90 load address 0x000057c0
                0x200016f4                __device_init_start = .
                0x200016f4                __device_PRE_KERNEL_1_start = .
 *(SORT_BY_NAME(SORT_BY_ALIGNMENT(.init_PRE_KERNEL_1[0-9])))
 .init_PRE_KERNEL_10
                0x200016f4        0xc zephyr/libzephyr.a(soc.c.obj)
 *(SORT_BY_NAME(SORT_BY_ALIGNMENT(.init_PRE_KERNEL_1[1-9][0-9])))
 .init_PRE_KERNEL_130
                0x20001700        0xc zephyr/libzephyr.a(SEGGER_RTT_zephyr.c.obj)
 .init_PRE_KERNEL_130
                0x2000170c        0xc zephyr/kernel/libkernel.a(mempool.c.obj)
 .init_PRE_KERNEL_140
                0x20001718        0xc zephyr/libzephyr.a(rtt_console.c.obj)
 .init_PRE_KERNEL_140
                0x20001724        0xc zephyr/arch/arch/arm/core/cortex_m/mpu/libarch__arm__core__cortex_m__mpu.a(arm_mpu.c.obj)
 .init_PRE_KERNEL_150
                0x20001730       0x18 zephyr/libzephyr.a(nrf_power_clock.c.obj)
 .init_PRE_KERNEL_150
                0x20001748        0xc zephyr/drivers/serial/libdrivers__serial.a(uart_nrfx_uart.c.obj)
 .init_PRE_KERNEL_160
                0x20001754        0xc zephyr/libzephyr.a(uart_console.c.obj)
                0x20001760                __device_PRE_KERNEL_2_start = .
 *(SORT_BY_NAME(SORT_BY_ALIGNMENT(.init_PRE_KERNEL_2[0-9])))
 .init_PRE_KERNEL_20
                0x20001760        0xc zephyr/libzephyr.a(sys_clock_init.c.obj)
 *(SORT_BY_NAME(SORT_BY_ALIGNMENT(.init_PRE_KERNEL_2[1-9][0-9])))
                0x2000176c                __device_POST_KERNEL_start = .
 *(SORT_BY_NAME(SORT_BY_ALIGNMENT(.init_POST_KERNEL[0-9])))
 *(SORT_BY_NAME(SORT_BY_ALIGNMENT(.init_POST_KERNEL[1-9][0-9])))
 .init_POST_KERNEL40
                0x2000176c        0xc zephyr/drivers/gpio/libdrivers__gpio.a(gpio_nrfx.c.obj)
 .init_POST_KERNEL70
                0x20001778        0xc zephyr/drivers/spi/libdrivers__spi.a(spi_nrfx_spim.c.obj)
                0x20001784                __device_APPLICATION_start = .
 *(SORT_BY_NAME(SORT_BY_ALIGNMENT(.init_APPLICATION[0-9])))
 *(SORT_BY_NAME(SORT_BY_ALIGNMENT(.init_APPLICATION[1-9][0-9])))
                0x20001784                __device_init_end = .

initlevel_error
                0x200016f4        0x0
 *(SORT_BY_NAME(SORT_BY_ALIGNMENT(.init_[_A-Z0-9]*)))
                0x00000001                ASSERT ((SIZEOF (initlevel_error) == 0x0), Undefined initialization levels used.)

initshell       0x20001784        0x0 load address 0x00005850
                0x20001784                __shell_module_start = .
 *(SORT_BY_ALIGNMENT(.shell_module_*))
                0x20001784                __shell_module_end = .
                0x20001784                __shell_cmd_start = .
 *(SORT_BY_ALIGNMENT(.shell_cmd_*))
                0x20001784                __shell_cmd_end = .

log_dynamic_sections
                0x20001784        0x0 load address 0x00005850
                0x20001784                __log_dynamic_start = .
 *(SORT_BY_NAME(SORT_BY_ALIGNMENT(.log_dynamic_*)))
                0x20001784                __log_dynamic_end = .

_static_thread_area
                0x20001784        0x0 load address 0x00005850
                0x20001784                _static_thread_data_list_start = .
 *(SORT_BY_NAME(SORT_BY_ALIGNMENT(._static_thread_data.static.*)))
                0x20001784                _static_thread_data_list_end = .

_k_timer_area   0x20001784        0x0 load address 0x00005850
                0x20001784                _k_timer_list_start = .
 *(SORT_BY_ALIGNMENT(._k_timer.static.*))
                0x20001784                _k_timer_list_end = .

_k_mem_slab_area
                0x20001784        0x0 load address 0x00005850
                0x20001784                _k_mem_slab_list_start = .
 *(SORT_BY_ALIGNMENT(._k_mem_slab.static.*))
                0x20001784                _k_mem_slab_list_end = .

_k_mem_pool_area
                0x20001784        0x0 load address 0x00005850
                0x20001784                _k_mem_pool_list_start = .
 *(SORT_BY_ALIGNMENT(._k_mem_pool.static.*))
                0x20001784                _k_mem_pool_list_end = .

_k_sem_area     0x20001784        0x0 load address 0x00005850
                0x20001784                _k_sem_list_start = .
 *(SORT_BY_ALIGNMENT(._k_sem.static.*))
                0x20001784                _k_sem_list_end = .

_k_mutex_area   0x20001784       0x28 load address 0x00005850
                0x20001784                _k_mutex_list_start = .
 *(SORT_BY_ALIGNMENT(._k_mutex.static.*))
 ._k_mutex.static.fdtable_lock
                0x20001784       0x14 zephyr/libzephyr.a(fdtable.c.obj)
 ._k_mutex.static.rtt_term_mutex
                0x20001798       0x14 zephyr/libzephyr.a(SEGGER_RTT_zephyr.c.obj)
                0x20001798                rtt_term_mutex
                0x200017ac                _k_mutex_list_end = .

_k_queue_area   0x200017ac        0x0 load address 0x00005878
                0x200017ac                _k_queue_list_start = .
 *(SORT_BY_ALIGNMENT(._k_queue.static.*))
                0x200017ac                _k_queue_list_end = .

_k_stack_area   0x200017ac        0x0 load address 0x00005878
                0x200017ac                _k_stack_list_start = .
 *(SORT_BY_ALIGNMENT(._k_stack.static.*))
                0x200017ac                _k_stack_list_end = .

_k_msgq_area    0x200017ac        0x0 load address 0x00005878
                0x200017ac                _k_msgq_list_start = .
 *(SORT_BY_ALIGNMENT(._k_msgq.static.*))
                0x200017ac                _k_msgq_list_end = .

_k_mbox_area    0x200017ac        0x0 load address 0x00005878
                0x200017ac                _k_mbox_list_start = .
 *(SORT_BY_ALIGNMENT(._k_mbox.static.*))
                0x200017ac                _k_mbox_list_end = .

_k_pipe_area    0x200017ac        0x0 load address 0x00005878
                0x200017ac                _k_pipe_list_start = .
 *(SORT_BY_ALIGNMENT(._k_pipe.static.*))
                0x200017ac                _k_pipe_list_end = .

_net_buf_pool_area
                0x200017ac        0x0 load address 0x00005878
                0x200017ac                _net_buf_pool_list = .
 *(SORT_BY_NAME(SORT_BY_ALIGNMENT(._net_buf_pool.static.*)))

net_if          0x200017ac        0x0 load address 0x00005878
                0x200017ac                __net_if_start = .
 *(SORT_BY_ALIGNMENT(.net_if.*))
 *(SORT_BY_NAME(SORT_BY_ALIGNMENT(.net_if.*)))
                0x200017ac                __net_if_end = .

net_if_dev      0x200017ac        0x0 load address 0x00005878
                0x200017ac                __net_if_dev_start = .
 *(SORT_BY_ALIGNMENT(.net_if_dev.*))
 *(SORT_BY_NAME(SORT_BY_ALIGNMENT(.net_if_dev.*)))
                0x200017ac                __net_if_dev_end = .

net_l2_data     0x200017ac        0x0 load address 0x00005878
                0x200017ac                __net_l2_data_start = .
 *(SORT_BY_ALIGNMENT(.net_l2.data))
 *(SORT_BY_NAME(SORT_BY_ALIGNMENT(.net_l2.data*)))
                0x200017ac                __net_l2_data_end = .

priv_stacks_noinit
 *(SORT_BY_ALIGNMENT(.priv_stacks.noinit))
                0x200017ac                __data_ram_end = .
                0x200017ac                _image_ram_end = .
                0x200017ac                _end = .
                0x20010000                __kernel_ram_end = 0x20010000
                0x00010000                __kernel_ram_size = (__kernel_ram_end - __kernel_ram_start)

.stab
 *(SORT_BY_ALIGNMENT(.stab))

.stabstr
 *(SORT_BY_ALIGNMENT(.stabstr))

.stab.excl
 *(SORT_BY_ALIGNMENT(.stab.excl))

.stab.exclstr
 *(SORT_BY_ALIGNMENT(.stab.exclstr))

.stab.index
 *(SORT_BY_ALIGNMENT(.stab.index))

.stab.indexstr
 *(SORT_BY_ALIGNMENT(.stab.indexstr))

.gnu.build.attributes
 *(SORT_BY_ALIGNMENT(.gnu.build.attributes) SORT_BY_ALIGNMENT(.gnu.build.attributes.*))

.comment        0x00000000       0x7f
 *(SORT_BY_ALIGNMENT(.comment))
 .comment       0x00000000       0x7f zephyr/CMakeFiles/kernel_elf.dir/isr_tables.c.obj
                                 0x80 (size before relaxing)
 .comment       0x0000007f       0x80 app/libapp.a(main.c.obj)
 .comment       0x0000007f       0x80 app/libapp.a(ex_02a_main.c.obj)
 .comment       0x0000007f       0x80 app/libapp.a(deca_device.c.obj)
 .comment       0x0000007f       0x80 app/libapp.a(deca_params_init.c.obj)
 .comment       0x0000007f       0x80 app/libapp.a(port.c.obj)
 .comment       0x0000007f       0x80 app/libapp.a(deca_mutex.c.obj)
 .comment       0x0000007f       0x80 app/libapp.a(deca_sleep.c.obj)
 .comment       0x0000007f       0x80 app/libapp.a(deca_spi.c.obj)
 .comment       0x0000007f       0x80 zephyr/libzephyr.a(isr_tables.c.obj)
 .comment       0x0000007f       0x80 zephyr/libzephyr.a(fdtable.c.obj)
 .comment       0x0000007f       0x80 zephyr/libzephyr.a(mempool.c.obj)
 .comment       0x0000007f       0x80 zephyr/libzephyr.a(thread_entry.c.obj)
 .comment       0x0000007f       0x80 zephyr/libzephyr.a(printk.c.obj)
 .comment       0x0000007f       0x80 zephyr/libzephyr.a(configs.c.obj)
 .comment       0x0000007f       0x80 zephyr/libzephyr.a(soc.c.obj)
 .comment       0x0000007f       0x80 zephyr/libzephyr.a(mpu_regions.c.obj)
 .comment       0x0000007f       0x80 zephyr/libzephyr.a(system_nrf52.c.obj)
 .comment       0x0000007f       0x80 zephyr/libzephyr.a(nrfx_glue.c.obj)
 .comment       0x0000007f       0x80 zephyr/libzephyr.a(nrfx_spim.c.obj)
 .comment       0x0000007f       0x80 zephyr/libzephyr.a(SEGGER_RTT.c.obj)
 .comment       0x0000007f       0x80 zephyr/libzephyr.a(SEGGER_RTT_zephyr.c.obj)
 .comment       0x0000007f       0x80 zephyr/libzephyr.a(uart_console.c.obj)
 .comment       0x0000007f       0x80 zephyr/libzephyr.a(rtt_console.c.obj)
 .comment       0x0000007f       0x80 zephyr/libzephyr.a(nrf_power_clock.c.obj)
 .comment       0x0000007f       0x80 zephyr/libzephyr.a(sys_clock_init.c.obj)
 .comment       0x0000007f       0x80 zephyr/libzephyr.a(nrf_rtc_timer.c.obj)
 .comment       0x0000007f       0x80 zephyr/arch/arch/arm/core/libarch__arm__core.a(irq_init.c.obj)
 .comment       0x0000007f       0x80 zephyr/arch/arch/arm/core/libarch__arm__core.a(swap.c.obj)
 .comment       0x0000007f       0x80 zephyr/arch/arch/arm/core/libarch__arm__core.a(fault.c.obj)
 .comment       0x0000007f       0x80 zephyr/arch/arch/arm/core/libarch__arm__core.a(irq_manage.c.obj)
 .comment       0x0000007f       0x80 zephyr/arch/arch/arm/core/libarch__arm__core.a(thread.c.obj)
 .comment       0x0000007f       0x80 zephyr/arch/arch/arm/core/libarch__arm__core.a(fatal.c.obj)
 .comment       0x0000007f       0x80 zephyr/arch/arch/arm/core/libarch__arm__core.a(sys_fatal_error_handler.c.obj)
 .comment       0x0000007f       0x80 zephyr/arch/arch/arm/core/libarch__arm__core.a(thread_abort.c.obj)
 .comment       0x0000007f       0x80 zephyr/arch/arch/arm/core/cortex_m/libarch__arm__core__cortex_m.a(prep_c.c.obj)
 .comment       0x0000007f       0x80 zephyr/arch/arch/arm/core/cortex_m/libarch__arm__core__cortex_m.a(nmi.c.obj)
 .comment       0x0000007f       0x80 zephyr/arch/arch/arm/core/cortex_m/mpu/libarch__arm__core__cortex_m__mpu.a(arm_core_mpu.c.obj)
 .comment       0x0000007f       0x80 zephyr/arch/arch/arm/core/cortex_m/mpu/libarch__arm__core__cortex_m__mpu.a(arm_mpu.c.obj)
 .comment       0x0000007f       0x80 zephyr/lib/libc/minimal/liblib__libc__minimal.a(string.c.obj)
 .comment       0x0000007f       0x80 zephyr/lib/libc/minimal/liblib__libc__minimal.a(prf.c.obj)
 .comment       0x0000007f       0x80 zephyr/lib/libc/minimal/liblib__libc__minimal.a(stdout_console.c.obj)
 .comment       0x0000007f       0x80 zephyr/lib/libc/minimal/liblib__libc__minimal.a(sprintf.c.obj)
 .comment       0x0000007f       0x80 zephyr/drivers/gpio/libdrivers__gpio.a(gpio_nrfx.c.obj)
 .comment       0x0000007f       0x80 zephyr/drivers/spi/libdrivers__spi.a(spi_nrfx_spim.c.obj)
 .comment       0x0000007f       0x80 zephyr/drivers/serial/libdrivers__serial.a(uart_nrfx_uart.c.obj)
 .comment       0x0000007f       0x80 zephyr/kernel/libkernel.a(device.c.obj)
 .comment       0x0000007f       0x80 zephyr/kernel/libkernel.a(errno.c.obj)
 .comment       0x0000007f       0x80 zephyr/kernel/libkernel.a(idle.c.obj)
 .comment       0x0000007f       0x80 zephyr/kernel/libkernel.a(init.c.obj)
 .comment       0x0000007f       0x80 zephyr/kernel/libkernel.a(mutex.c.obj)
 .comment       0x0000007f       0x80 zephyr/kernel/libkernel.a(sched.c.obj)
 .comment       0x0000007f       0x80 zephyr/kernel/libkernel.a(sem.c.obj)
 .comment       0x0000007f       0x80 zephyr/kernel/libkernel.a(thread.c.obj)
 .comment       0x0000007f       0x80 zephyr/kernel/libkernel.a(timeout.c.obj)
 .comment       0x0000007f       0x80 zephyr/kernel/libkernel.a(mempool.c.obj)
 .comment       0x0000007f       0x80 zephyr/CMakeFiles/offsets.dir/arch/arm/core/offsets/offsets.c.obj

.debug
 *(SORT_BY_ALIGNMENT(.debug))

.line
 *(SORT_BY_ALIGNMENT(.line))

.debug_srcinfo
 *(SORT_BY_ALIGNMENT(.debug_srcinfo))

.debug_sfnames
 *(SORT_BY_ALIGNMENT(.debug_sfnames))

.debug_aranges  0x00000000     0x13b8
 *(SORT_BY_ALIGNMENT(.debug_aranges))
 .debug_aranges
                0x00000000       0x20 zephyr/arch/arch/arm/core/libarch__arm__core.a(exc_exit.S.obj)
 .debug_aranges
                0x00000020       0x28 zephyr/arch/arch/arm/core/libarch__arm__core.a(swap_helper.S.obj)
 .debug_aranges
                0x00000048       0x40 zephyr/arch/arch/arm/core/libarch__arm__core.a(cpu_idle.S.obj)
 .debug_aranges
                0x00000088       0x20 zephyr/arch/arch/arm/core/libarch__arm__core.a(fault_s.S.obj)
 .debug_aranges
                0x000000a8       0x20 zephyr/arch/arch/arm/core/libarch__arm__core.a(isr_wrapper.S.obj)
 .debug_aranges
                0x000000c8       0x20 zephyr/arch/arch/arm/core/cortex_m/libarch__arm__core__cortex_m.a(reset.S.obj)
 .debug_aranges
                0x000000e8       0x20 zephyr/arch/arch/arm/core/cortex_m/libarch__arm__core__cortex_m.a(nmi_on_reset.S.obj)
 .debug_aranges
                0x00000108       0x18 zephyr/CMakeFiles/kernel_elf.dir/isr_tables.c.obj
 .debug_aranges
                0x00000120       0x20 app/libapp.a(main.c.obj)
 .debug_aranges
                0x00000140       0x20 app/libapp.a(ex_02a_main.c.obj)
 .debug_aranges
                0x00000160      0x358 app/libapp.a(deca_device.c.obj)
 .debug_aranges
                0x000004b8       0x18 app/libapp.a(deca_params_init.c.obj)
 .debug_aranges
                0x000004d0       0xb0 app/libapp.a(port.c.obj)
 .debug_aranges
                0x00000580       0x28 app/libapp.a(deca_mutex.c.obj)
 .debug_aranges
                0x000005a8       0x20 app/libapp.a(deca_sleep.c.obj)
 .debug_aranges
                0x000005c8       0x48 app/libapp.a(deca_spi.c.obj)
 .debug_aranges
                0x00000610       0x18 zephyr/libzephyr.a(isr_tables.c.obj)
 .debug_aranges
                0x00000628       0x50 zephyr/libzephyr.a(fdtable.c.obj)
 .debug_aranges
                0x00000678       0x68 zephyr/libzephyr.a(mempool.c.obj)
 .debug_aranges
                0x000006e0       0x20 zephyr/libzephyr.a(thread_entry.c.obj)
 .debug_aranges
                0x00000700       0x80 zephyr/libzephyr.a(printk.c.obj)
 .debug_aranges
                0x00000780       0x20 zephyr/libzephyr.a(configs.c.obj)
 .debug_aranges
                0x000007a0       0x30 zephyr/libzephyr.a(soc.c.obj)
 .debug_aranges
                0x000007d0       0x18 zephyr/libzephyr.a(mpu_regions.c.obj)
 .debug_aranges
                0x000007e8       0x38 zephyr/libzephyr.a(system_nrf52.c.obj)
 .debug_aranges
                0x00000820       0x20 zephyr/libzephyr.a(nrfx_glue.c.obj)
 .debug_aranges
                0x00000840       0x50 zephyr/libzephyr.a(nrfx_spim.c.obj)
 .debug_aranges
                0x00000890      0x118 zephyr/libzephyr.a(SEGGER_RTT.c.obj)
 .debug_aranges
                0x000009a8       0x20 zephyr/libzephyr.a(SEGGER_RTT_zephyr.c.obj)
 .debug_aranges
                0x000009c8       0x30 zephyr/libzephyr.a(uart_console.c.obj)
 .debug_aranges
                0x000009f8       0x28 zephyr/libzephyr.a(rtt_console.c.obj)
 .debug_aranges
                0x00000a20       0x40 zephyr/libzephyr.a(nrf_power_clock.c.obj)
 .debug_aranges
                0x00000a60       0x40 zephyr/libzephyr.a(sys_clock_init.c.obj)
 .debug_aranges
                0x00000aa0       0x40 zephyr/libzephyr.a(nrf_rtc_timer.c.obj)
 .debug_aranges
                0x00000ae0       0x20 zephyr/arch/arch/arm/core/libarch__arm__core.a(irq_init.c.obj)
 .debug_aranges
                0x00000b00       0x20 zephyr/arch/arch/arm/core/libarch__arm__core.a(swap.c.obj)
 .debug_aranges
                0x00000b20       0x40 zephyr/arch/arch/arm/core/libarch__arm__core.a(fault.c.obj)
 .debug_aranges
                0x00000b60       0x50 zephyr/arch/arch/arm/core/libarch__arm__core.a(irq_manage.c.obj)
 .debug_aranges
                0x00000bb0       0x20 zephyr/arch/arch/arm/core/libarch__arm__core.a(thread.c.obj)
 .debug_aranges
                0x00000bd0       0x30 zephyr/arch/arch/arm/core/libarch__arm__core.a(fatal.c.obj)
 .debug_aranges
                0x00000c00       0x20 zephyr/arch/arch/arm/core/libarch__arm__core.a(sys_fatal_error_handler.c.obj)
 .debug_aranges
                0x00000c20       0x20 zephyr/arch/arch/arm/core/libarch__arm__core.a(thread_abort.c.obj)
 .debug_aranges
                0x00000c40       0x28 zephyr/arch/arch/arm/core/cortex_m/libarch__arm__core__cortex_m.a(prep_c.c.obj)
 .debug_aranges
                0x00000c68       0x20 zephyr/arch/arch/arm/core/cortex_m/libarch__arm__core__cortex_m.a(nmi.c.obj)
 .debug_aranges
                0x00000c88       0x28 zephyr/arch/arch/arm/core/cortex_m/mpu/libarch__arm__core__cortex_m__mpu.a(arm_core_mpu.c.obj)
 .debug_aranges
                0x00000cb0       0x48 zephyr/arch/arch/arm/core/cortex_m/mpu/libarch__arm__core__cortex_m__mpu.a(arm_mpu.c.obj)
 .debug_aranges
                0x00000cf8       0x88 zephyr/lib/libc/minimal/liblib__libc__minimal.a(string.c.obj)
 .debug_aranges
                0x00000d80       0x40 zephyr/lib/libc/minimal/liblib__libc__minimal.a(prf.c.obj)
 .debug_aranges
                0x00000dc0       0x58 zephyr/lib/libc/minimal/liblib__libc__minimal.a(stdout_console.c.obj)
 .debug_aranges
                0x00000e18       0x40 zephyr/lib/libc/minimal/liblib__libc__minimal.a(sprintf.c.obj)
 .debug_aranges
                0x00000e58       0x68 zephyr/drivers/gpio/libdrivers__gpio.a(gpio_nrfx.c.obj)
 .debug_aranges
                0x00000ec0       0x58 zephyr/drivers/spi/libdrivers__spi.a(spi_nrfx_spim.c.obj)
 .debug_aranges
                0x00000f18       0x48 zephyr/drivers/serial/libdrivers__serial.a(uart_nrfx_uart.c.obj)
 .debug_aranges
                0x00000f60       0x30 zephyr/kernel/libkernel.a(device.c.obj)
 .debug_aranges
                0x00000f90       0x20 zephyr/kernel/libkernel.a(errno.c.obj)
 .debug_aranges
                0x00000fb0       0x28 zephyr/kernel/libkernel.a(idle.c.obj)
 .debug_aranges
                0x00000fd8       0x50 zephyr/kernel/libkernel.a(init.c.obj)
 .debug_aranges
                0x00001028       0x30 zephyr/kernel/libkernel.a(mutex.c.obj)
 .debug_aranges
                0x00001058      0x178 zephyr/kernel/libkernel.a(sched.c.obj)
 .debug_aranges
                0x000011d0       0x30 zephyr/kernel/libkernel.a(sem.c.obj)
 .debug_aranges
                0x00001200       0xb8 zephyr/kernel/libkernel.a(thread.c.obj)
 .debug_aranges
                0x000012b8       0x90 zephyr/kernel/libkernel.a(timeout.c.obj)
 .debug_aranges
                0x00001348       0x50 zephyr/kernel/libkernel.a(mempool.c.obj)
 .debug_aranges
                0x00001398       0x20 zephyr/CMakeFiles/offsets.dir/arch/arm/core/offsets/offsets.c.obj

.debug_pubnames
 *(SORT_BY_ALIGNMENT(.debug_pubnames))

.debug_info     0x00000000    0x36c81
 *(SORT_BY_ALIGNMENT(.debug_info) SORT_BY_ALIGNMENT(.gnu.linkonce.wi.*))
 .debug_info    0x00000000      0x1b6 zephyr/CMakeFiles/kernel_elf.dir/isr_tables.c.obj
 .debug_info    0x000001b6       0x5b app/libapp.a(main.c.obj)
 .debug_info    0x00000211      0x3bc app/libapp.a(ex_02a_main.c.obj)
 .debug_info    0x000005cd     0x3f92 app/libapp.a(deca_device.c.obj)
 .debug_info    0x0000455f      0x298 app/libapp.a(deca_params_init.c.obj)
 .debug_info    0x000047f7     0x114b app/libapp.a(port.c.obj)
 .debug_info    0x00005942      0x105 app/libapp.a(deca_mutex.c.obj)
 .debug_info    0x00005a47       0xb4 app/libapp.a(deca_sleep.c.obj)
 .debug_info    0x00005afb      0xf5b app/libapp.a(deca_spi.c.obj)
 .debug_info    0x00006a56      0x1ec zephyr/libzephyr.a(isr_tables.c.obj)
 .debug_info    0x00006c42      0xc77 zephyr/libzephyr.a(fdtable.c.obj)
 .debug_info    0x000078b9     0x174d zephyr/libzephyr.a(mempool.c.obj)
 .debug_info    0x00009006      0x7e9 zephyr/libzephyr.a(thread_entry.c.obj)
 .debug_info    0x000097ef     0x1155 zephyr/libzephyr.a(printk.c.obj)
 .debug_info    0x0000a944       0x37 zephyr/libzephyr.a(configs.c.obj)
 .debug_info    0x0000a97b     0x11b6 zephyr/libzephyr.a(soc.c.obj)
 .debug_info    0x0000bb31      0x178 zephyr/libzephyr.a(mpu_regions.c.obj)
 .debug_info    0x0000bca9     0x109b zephyr/libzephyr.a(system_nrf52.c.obj)
 .debug_info    0x0000cd44      0x6ff zephyr/libzephyr.a(nrfx_glue.c.obj)
 .debug_info    0x0000d443     0x24f5 zephyr/libzephyr.a(nrfx_spim.c.obj)
 .debug_info    0x0000f938     0x1bb7 zephyr/libzephyr.a(SEGGER_RTT.c.obj)
 .debug_info    0x000114ef      0x9d1 zephyr/libzephyr.a(SEGGER_RTT_zephyr.c.obj)
 .debug_info    0x00011ec0      0xb3c zephyr/libzephyr.a(uart_console.c.obj)
 .debug_info    0x000129fc      0xbb1 zephyr/libzephyr.a(rtt_console.c.obj)
 .debug_info    0x000135ad     0x187b zephyr/libzephyr.a(nrf_power_clock.c.obj)
 .debug_info    0x00014e28      0x908 zephyr/libzephyr.a(sys_clock_init.c.obj)
 .debug_info    0x00015730     0x177c zephyr/libzephyr.a(nrf_rtc_timer.c.obj)
 .debug_info    0x00016eac       0x26 zephyr/arch/arch/arm/core/libarch__arm__core.a(exc_exit.S.obj)
 .debug_info    0x00016ed2      0xb3d zephyr/arch/arch/arm/core/libarch__arm__core.a(irq_init.c.obj)
 .debug_info    0x00017a0f      0xa4d zephyr/arch/arch/arm/core/libarch__arm__core.a(swap.c.obj)
 .debug_info    0x0001845c       0x22 zephyr/arch/arch/arm/core/libarch__arm__core.a(swap_helper.S.obj)
 .debug_info    0x0001847e     0x15f3 zephyr/arch/arch/arm/core/libarch__arm__core.a(fault.c.obj)
 .debug_info    0x00019a71      0xe5f zephyr/arch/arch/arm/core/libarch__arm__core.a(irq_manage.c.obj)
 .debug_info    0x0001a8d0      0xb1c zephyr/arch/arch/arm/core/libarch__arm__core.a(thread.c.obj)
 .debug_info    0x0001b3ec       0x22 zephyr/arch/arch/arm/core/libarch__arm__core.a(cpu_idle.S.obj)
 .debug_info    0x0001b40e       0x26 zephyr/arch/arch/arm/core/libarch__arm__core.a(fault_s.S.obj)
 .debug_info    0x0001b434     0x1031 zephyr/arch/arch/arm/core/libarch__arm__core.a(fatal.c.obj)
 .debug_info    0x0001c465      0xa63 zephyr/arch/arch/arm/core/libarch__arm__core.a(sys_fatal_error_handler.c.obj)
 .debug_info    0x0001cec8      0xb13 zephyr/arch/arch/arm/core/libarch__arm__core.a(thread_abort.c.obj)
 .debug_info    0x0001d9db       0x26 zephyr/arch/arch/arm/core/libarch__arm__core.a(isr_wrapper.S.obj)
 .debug_info    0x0001da01       0x26 zephyr/arch/arch/arm/core/cortex_m/libarch__arm__core__cortex_m.a(reset.S.obj)
 .debug_info    0x0001da27       0x26 zephyr/arch/arch/arm/core/cortex_m/libarch__arm__core__cortex_m.a(nmi_on_reset.S.obj)
 .debug_info    0x0001da4d      0xc40 zephyr/arch/arch/arm/core/cortex_m/libarch__arm__core__cortex_m.a(prep_c.c.obj)
 .debug_info    0x0001e68d      0x708 zephyr/arch/arch/arm/core/cortex_m/libarch__arm__core__cortex_m.a(nmi.c.obj)
 .debug_info    0x0001ed95      0xad8 zephyr/arch/arch/arm/core/cortex_m/mpu/libarch__arm__core__cortex_m__mpu.a(arm_core_mpu.c.obj)
 .debug_info    0x0001f86d     0x13e3 zephyr/arch/arch/arm/core/cortex_m/mpu/libarch__arm__core__cortex_m__mpu.a(arm_mpu.c.obj)
 .debug_info    0x00020c50      0x54d zephyr/lib/libc/minimal/liblib__libc__minimal.a(string.c.obj)
 .debug_info    0x0002119d      0xc5d zephyr/lib/libc/minimal/liblib__libc__minimal.a(prf.c.obj)
 .debug_info    0x00021dfa      0x59d zephyr/lib/libc/minimal/liblib__libc__minimal.a(stdout_console.c.obj)
 .debug_info    0x00022397      0x35a zephyr/lib/libc/minimal/liblib__libc__minimal.a(sprintf.c.obj)
 .debug_info    0x000226f1     0x267a zephyr/drivers/gpio/libdrivers__gpio.a(gpio_nrfx.c.obj)
 .debug_info    0x00024d6b     0x275e zephyr/drivers/spi/libdrivers__spi.a(spi_nrfx_spim.c.obj)
 .debug_info    0x000274c9     0x19f1 zephyr/drivers/serial/libdrivers__serial.a(uart_nrfx_uart.c.obj)
 .debug_info    0x00028eba      0x8df zephyr/kernel/libkernel.a(device.c.obj)
 .debug_info    0x00029799      0x8cc zephyr/kernel/libkernel.a(errno.c.obj)
 .debug_info    0x0002a065      0xa41 zephyr/kernel/libkernel.a(idle.c.obj)
 .debug_info    0x0002aaa6     0x1c9a zephyr/kernel/libkernel.a(init.c.obj)
 .debug_info    0x0002c740     0x10f2 zephyr/kernel/libkernel.a(mutex.c.obj)
 .debug_info    0x0002d832     0x3aba zephyr/kernel/libkernel.a(sched.c.obj)
 .debug_info    0x000312ec      0xe59 zephyr/kernel/libkernel.a(sem.c.obj)
 .debug_info    0x00032145     0x1a84 zephyr/kernel/libkernel.a(thread.c.obj)
 .debug_info    0x00033bc9     0x180a zephyr/kernel/libkernel.a(timeout.c.obj)
 .debug_info    0x000353d3     0x106a zephyr/kernel/libkernel.a(mempool.c.obj)
 .debug_info    0x0003643d      0x844 zephyr/CMakeFiles/offsets.dir/arch/arm/core/offsets/offsets.c.obj

.debug_abbrev   0x00000000     0x9d25
 *(SORT_BY_ALIGNMENT(.debug_abbrev))
 .debug_abbrev  0x00000000       0xe5 zephyr/CMakeFiles/kernel_elf.dir/isr_tables.c.obj
 .debug_abbrev  0x000000e5       0x57 app/libapp.a(main.c.obj)
 .debug_abbrev  0x0000013c      0x140 app/libapp.a(ex_02a_main.c.obj)
 .debug_abbrev  0x0000027c      0x320 app/libapp.a(deca_device.c.obj)
 .debug_abbrev  0x0000059c       0x86 app/libapp.a(deca_params_init.c.obj)
 .debug_abbrev  0x00000622      0x461 app/libapp.a(port.c.obj)
 .debug_abbrev  0x00000a83       0xb5 app/libapp.a(deca_mutex.c.obj)
 .debug_abbrev  0x00000b38       0x7e app/libapp.a(deca_sleep.c.obj)
 .debug_abbrev  0x00000bb6      0x30f app/libapp.a(deca_spi.c.obj)
 .debug_abbrev  0x00000ec5       0xe5 zephyr/libzephyr.a(isr_tables.c.obj)
 .debug_abbrev  0x00000faa      0x330 zephyr/libzephyr.a(fdtable.c.obj)
 .debug_abbrev  0x000012da      0x4d4 zephyr/libzephyr.a(mempool.c.obj)
 .debug_abbrev  0x000017ae      0x21e zephyr/libzephyr.a(thread_entry.c.obj)
 .debug_abbrev  0x000019cc      0x47b zephyr/libzephyr.a(printk.c.obj)
 .debug_abbrev  0x00001e47       0x2c zephyr/libzephyr.a(configs.c.obj)
 .debug_abbrev  0x00001e73      0x3ab zephyr/libzephyr.a(soc.c.obj)
 .debug_abbrev  0x0000221e       0xb8 zephyr/libzephyr.a(mpu_regions.c.obj)
 .debug_abbrev  0x000022d6      0x214 zephyr/libzephyr.a(system_nrf52.c.obj)
 .debug_abbrev  0x000024ea      0x191 zephyr/libzephyr.a(nrfx_glue.c.obj)
 .debug_abbrev  0x0000267b      0x3f1 zephyr/libzephyr.a(nrfx_spim.c.obj)
 .debug_abbrev  0x00002a6c      0x398 zephyr/libzephyr.a(SEGGER_RTT.c.obj)
 .debug_abbrev  0x00002e04      0x1e8 zephyr/libzephyr.a(SEGGER_RTT_zephyr.c.obj)
 .debug_abbrev  0x00002fec      0x32a zephyr/libzephyr.a(uart_console.c.obj)
 .debug_abbrev  0x00003316      0x2be zephyr/libzephyr.a(rtt_console.c.obj)
 .debug_abbrev  0x000035d4      0x40a zephyr/libzephyr.a(nrf_power_clock.c.obj)
 .debug_abbrev  0x000039de      0x229 zephyr/libzephyr.a(sys_clock_init.c.obj)
 .debug_abbrev  0x00003c07      0x400 zephyr/libzephyr.a(nrf_rtc_timer.c.obj)
 .debug_abbrev  0x00004007       0x14 zephyr/arch/arch/arm/core/libarch__arm__core.a(exc_exit.S.obj)
 .debug_abbrev  0x0000401b      0x22b zephyr/arch/arch/arm/core/libarch__arm__core.a(irq_init.c.obj)
 .debug_abbrev  0x00004246      0x1f3 zephyr/arch/arch/arm/core/libarch__arm__core.a(swap.c.obj)
 .debug_abbrev  0x00004439       0x12 zephyr/arch/arch/arm/core/libarch__arm__core.a(swap_helper.S.obj)
 .debug_abbrev  0x0000444b      0x3ae zephyr/arch/arch/arm/core/libarch__arm__core.a(fault.c.obj)
 .debug_abbrev  0x000047f9      0x313 zephyr/arch/arch/arm/core/libarch__arm__core.a(irq_manage.c.obj)
 .debug_abbrev  0x00004b0c      0x27a zephyr/arch/arch/arm/core/libarch__arm__core.a(thread.c.obj)
 .debug_abbrev  0x00004d86       0x12 zephyr/arch/arch/arm/core/libarch__arm__core.a(cpu_idle.S.obj)
 .debug_abbrev  0x00004d98       0x14 zephyr/arch/arch/arm/core/libarch__arm__core.a(fault_s.S.obj)
 .debug_abbrev  0x00004dac      0x2e5 zephyr/arch/arch/arm/core/libarch__arm__core.a(fatal.c.obj)
 .debug_abbrev  0x00005091      0x25b zephyr/arch/arch/arm/core/libarch__arm__core.a(sys_fatal_error_handler.c.obj)
 .debug_abbrev  0x000052ec      0x257 zephyr/arch/arch/arm/core/libarch__arm__core.a(thread_abort.c.obj)
 .debug_abbrev  0x00005543       0x14 zephyr/arch/arch/arm/core/libarch__arm__core.a(isr_wrapper.S.obj)
 .debug_abbrev  0x00005557       0x14 zephyr/arch/arch/arm/core/cortex_m/libarch__arm__core__cortex_m.a(reset.S.obj)
 .debug_abbrev  0x0000556b       0x14 zephyr/arch/arch/arm/core/cortex_m/libarch__arm__core__cortex_m.a(nmi_on_reset.S.obj)
 .debug_abbrev  0x0000557f      0x295 zephyr/arch/arch/arm/core/cortex_m/libarch__arm__core__cortex_m.a(prep_c.c.obj)
 .debug_abbrev  0x00005814      0x19f zephyr/arch/arch/arm/core/cortex_m/libarch__arm__core__cortex_m.a(nmi.c.obj)
 .debug_abbrev  0x000059b3      0x1d1 zephyr/arch/arch/arm/core/cortex_m/mpu/libarch__arm__core__cortex_m__mpu.a(arm_core_mpu.c.obj)
 .debug_abbrev  0x00005b84      0x3d1 zephyr/arch/arch/arm/core/cortex_m/mpu/libarch__arm__core__cortex_m__mpu.a(arm_mpu.c.obj)
 .debug_abbrev  0x00005f55      0x18d zephyr/lib/libc/minimal/liblib__libc__minimal.a(string.c.obj)
 .debug_abbrev  0x000060e2      0x32c zephyr/lib/libc/minimal/liblib__libc__minimal.a(prf.c.obj)
 .debug_abbrev  0x0000640e      0x239 zephyr/lib/libc/minimal/liblib__libc__minimal.a(stdout_console.c.obj)
 .debug_abbrev  0x00006647      0x163 zephyr/lib/libc/minimal/liblib__libc__minimal.a(sprintf.c.obj)
 .debug_abbrev  0x000067aa      0x507 zephyr/drivers/gpio/libdrivers__gpio.a(gpio_nrfx.c.obj)
 .debug_abbrev  0x00006cb1      0x521 zephyr/drivers/spi/libdrivers__spi.a(spi_nrfx_spim.c.obj)
 .debug_abbrev  0x000071d2      0x46d zephyr/drivers/serial/libdrivers__serial.a(uart_nrfx_uart.c.obj)
 .debug_abbrev  0x0000763f      0x270 zephyr/kernel/libkernel.a(device.c.obj)
 .debug_abbrev  0x000078af      0x1bf zephyr/kernel/libkernel.a(errno.c.obj)
 .debug_abbrev  0x00007a6e      0x2b2 zephyr/kernel/libkernel.a(idle.c.obj)
 .debug_abbrev  0x00007d20      0x543 zephyr/kernel/libkernel.a(init.c.obj)
 .debug_abbrev  0x00008263      0x388 zephyr/kernel/libkernel.a(mutex.c.obj)
 .debug_abbrev  0x000085eb      0x5f4 zephyr/kernel/libkernel.a(sched.c.obj)
 .debug_abbrev  0x00008bdf      0x324 zephyr/kernel/libkernel.a(sem.c.obj)
 .debug_abbrev  0x00008f03      0x4f8 zephyr/kernel/libkernel.a(thread.c.obj)
 .debug_abbrev  0x000093fb      0x41d zephyr/kernel/libkernel.a(timeout.c.obj)
 .debug_abbrev  0x00009818      0x37d zephyr/kernel/libkernel.a(mempool.c.obj)
 .debug_abbrev  0x00009b95      0x190 zephyr/CMakeFiles/offsets.dir/arch/arm/core/offsets/offsets.c.obj

.debug_line     0x00000000     0xe756
 *(SORT_BY_ALIGNMENT(.debug_line) SORT_BY_ALIGNMENT(.debug_line.*) SORT_BY_ALIGNMENT(.debug_line_end))
 .debug_line    0x00000000      0x183 zephyr/CMakeFiles/kernel_elf.dir/isr_tables.c.obj
 .debug_line    0x00000183       0x55 app/libapp.a(main.c.obj)
 .debug_line    0x000001d8      0x106 app/libapp.a(ex_02a_main.c.obj)
 .debug_line    0x000002de      0xc63 app/libapp.a(deca_device.c.obj)
 .debug_line    0x00000f41       0x89 app/libapp.a(deca_params_init.c.obj)
 .debug_line    0x00000fca      0x502 app/libapp.a(port.c.obj)
 .debug_line    0x000014cc       0xaf app/libapp.a(deca_mutex.c.obj)
 .debug_line    0x0000157b       0x70 app/libapp.a(deca_sleep.c.obj)
 .debug_line    0x000015eb      0x420 app/libapp.a(deca_spi.c.obj)
 .debug_line    0x00001a0b      0x19a zephyr/libzephyr.a(isr_tables.c.obj)
 .debug_line    0x00001ba5      0x410 zephyr/libzephyr.a(fdtable.c.obj)
 .debug_line    0x00001fb5      0x631 zephyr/libzephyr.a(mempool.c.obj)
 .debug_line    0x000025e6      0x2cb zephyr/libzephyr.a(thread_entry.c.obj)
 .debug_line    0x000028b1      0x4f9 zephyr/libzephyr.a(printk.c.obj)
 .debug_line    0x00002daa      0x13a zephyr/libzephyr.a(configs.c.obj)
 .debug_line    0x00002ee4      0x471 zephyr/libzephyr.a(soc.c.obj)
 .debug_line    0x00003355      0x17c zephyr/libzephyr.a(mpu_regions.c.obj)
 .debug_line    0x000034d1      0x1d5 zephyr/libzephyr.a(system_nrf52.c.obj)
 .debug_line    0x000036a6      0x2dc zephyr/libzephyr.a(nrfx_glue.c.obj)
 .debug_line    0x00003982      0x674 zephyr/libzephyr.a(nrfx_spim.c.obj)
 .debug_line    0x00003ff6      0x8a6 zephyr/libzephyr.a(SEGGER_RTT.c.obj)
 .debug_line    0x0000489c      0x2dd zephyr/libzephyr.a(SEGGER_RTT_zephyr.c.obj)
 .debug_line    0x00004b79      0x345 zephyr/libzephyr.a(uart_console.c.obj)
 .debug_line    0x00004ebe      0x370 zephyr/libzephyr.a(rtt_console.c.obj)
 .debug_line    0x0000522e      0x530 zephyr/libzephyr.a(nrf_power_clock.c.obj)
 .debug_line    0x0000575e      0x2ed zephyr/libzephyr.a(sys_clock_init.c.obj)
 .debug_line    0x00005a4b      0x53a zephyr/libzephyr.a(nrf_rtc_timer.c.obj)
 .debug_line    0x00005f85       0x6b zephyr/arch/arch/arm/core/libarch__arm__core.a(exc_exit.S.obj)
 .debug_line    0x00005ff0      0x2dd zephyr/arch/arch/arm/core/libarch__arm__core.a(irq_init.c.obj)
 .debug_line    0x000062cd      0x36e zephyr/arch/arch/arm/core/libarch__arm__core.a(swap.c.obj)
 .debug_line    0x0000663b       0xb1 zephyr/arch/arch/arm/core/libarch__arm__core.a(swap_helper.S.obj)
 .debug_line    0x000066ec      0x4aa zephyr/arch/arch/arm/core/libarch__arm__core.a(fault.c.obj)
 .debug_line    0x00006b96      0x3e7 zephyr/arch/arch/arm/core/libarch__arm__core.a(irq_manage.c.obj)
 .debug_line    0x00006f7d      0x399 zephyr/arch/arch/arm/core/libarch__arm__core.a(thread.c.obj)
 .debug_line    0x00007316       0xb0 zephyr/arch/arch/arm/core/libarch__arm__core.a(cpu_idle.S.obj)
 .debug_line    0x000073c6       0x69 zephyr/arch/arch/arm/core/libarch__arm__core.a(fault_s.S.obj)
 .debug_line    0x0000742f      0x43a zephyr/arch/arch/arm/core/libarch__arm__core.a(fatal.c.obj)
 .debug_line    0x00007869      0x3c4 zephyr/arch/arch/arm/core/libarch__arm__core.a(sys_fatal_error_handler.c.obj)
 .debug_line    0x00007c2d      0x395 zephyr/arch/arch/arm/core/libarch__arm__core.a(thread_abort.c.obj)
 .debug_line    0x00007fc2       0x82 zephyr/arch/arch/arm/core/libarch__arm__core.a(isr_wrapper.S.obj)
 .debug_line    0x00008044       0x63 zephyr/arch/arch/arm/core/cortex_m/libarch__arm__core__cortex_m.a(reset.S.obj)
 .debug_line    0x000080a7       0x68 zephyr/arch/arch/arm/core/cortex_m/libarch__arm__core__cortex_m.a(nmi_on_reset.S.obj)
 .debug_line    0x0000810f      0x3a1 zephyr/arch/arch/arm/core/cortex_m/libarch__arm__core__cortex_m.a(prep_c.c.obj)
 .debug_line    0x000084b0      0x2d7 zephyr/arch/arch/arm/core/cortex_m/libarch__arm__core__cortex_m.a(nmi.c.obj)
 .debug_line    0x00008787      0x369 zephyr/arch/arch/arm/core/cortex_m/mpu/libarch__arm__core__cortex_m__mpu.a(arm_core_mpu.c.obj)
 .debug_line    0x00008af0      0x566 zephyr/arch/arch/arm/core/cortex_m/mpu/libarch__arm__core__cortex_m__mpu.a(arm_mpu.c.obj)
 .debug_line    0x00009056      0x210 zephyr/lib/libc/minimal/liblib__libc__minimal.a(string.c.obj)
 .debug_line    0x00009266      0x3f9 zephyr/lib/libc/minimal/liblib__libc__minimal.a(prf.c.obj)
 .debug_line    0x0000965f      0x1e6 zephyr/lib/libc/minimal/liblib__libc__minimal.a(stdout_console.c.obj)
 .debug_line    0x00009845      0x125 zephyr/lib/libc/minimal/liblib__libc__minimal.a(sprintf.c.obj)
 .debug_line    0x0000996a      0x747 zephyr/drivers/gpio/libdrivers__gpio.a(gpio_nrfx.c.obj)
 .debug_line    0x0000a0b1      0x71c zephyr/drivers/spi/libdrivers__spi.a(spi_nrfx_spim.c.obj)
 .debug_line    0x0000a7cd      0x481 zephyr/drivers/serial/libdrivers__serial.a(uart_nrfx_uart.c.obj)
 .debug_line    0x0000ac4e      0x319 zephyr/kernel/libkernel.a(device.c.obj)
 .debug_line    0x0000af67      0x314 zephyr/kernel/libkernel.a(errno.c.obj)
 .debug_line    0x0000b27b      0x3ee zephyr/kernel/libkernel.a(idle.c.obj)
 .debug_line    0x0000b669      0x624 zephyr/kernel/libkernel.a(init.c.obj)
 .debug_line    0x0000bc8d      0x498 zephyr/kernel/libkernel.a(mutex.c.obj)
 .debug_line    0x0000c125      0xd18 zephyr/kernel/libkernel.a(sched.c.obj)
 .debug_line    0x0000ce3d      0x406 zephyr/kernel/libkernel.a(sem.c.obj)
 .debug_line    0x0000d243      0x682 zephyr/kernel/libkernel.a(thread.c.obj)
 .debug_line    0x0000d8c5      0x6a9 zephyr/kernel/libkernel.a(timeout.c.obj)
 .debug_line    0x0000df6e      0x476 zephyr/kernel/libkernel.a(mempool.c.obj)
 .debug_line    0x0000e3e4      0x372 zephyr/CMakeFiles/offsets.dir/arch/arm/core/offsets/offsets.c.obj

.debug_frame    0x00000000     0x301c
 *(SORT_BY_ALIGNMENT(.debug_frame))
 .debug_frame   0x00000000       0x28 app/libapp.a(main.c.obj)
 .debug_frame   0x00000028       0x2c app/libapp.a(ex_02a_main.c.obj)
 .debug_frame   0x00000054      0xa70 app/libapp.a(deca_device.c.obj)
 .debug_frame   0x00000ac4      0x2cc app/libapp.a(port.c.obj)
 .debug_frame   0x00000d90       0x38 app/libapp.a(deca_mutex.c.obj)
 .debug_frame   0x00000dc8       0x20 app/libapp.a(deca_sleep.c.obj)
 .debug_frame   0x00000de8       0xbc app/libapp.a(deca_spi.c.obj)
 .debug_frame   0x00000ea4       0xb4 zephyr/libzephyr.a(fdtable.c.obj)
 .debug_frame   0x00000f58      0x158 zephyr/libzephyr.a(mempool.c.obj)
 .debug_frame   0x000010b0       0x28 zephyr/libzephyr.a(thread_entry.c.obj)
 .debug_frame   0x000010d8      0x1ac zephyr/libzephyr.a(printk.c.obj)
 .debug_frame   0x00001284       0x20 zephyr/libzephyr.a(configs.c.obj)
 .debug_frame   0x000012a4       0x48 zephyr/libzephyr.a(soc.c.obj)
 .debug_frame   0x000012ec       0x58 zephyr/libzephyr.a(system_nrf52.c.obj)
 .debug_frame   0x00001344       0x20 zephyr/libzephyr.a(nrfx_glue.c.obj)
 .debug_frame   0x00001364       0xc4 zephyr/libzephyr.a(nrfx_spim.c.obj)
 .debug_frame   0x00001428      0x3b0 zephyr/libzephyr.a(SEGGER_RTT.c.obj)
 .debug_frame   0x000017d8       0x28 zephyr/libzephyr.a(SEGGER_RTT_zephyr.c.obj)
 .debug_frame   0x00001800       0x60 zephyr/libzephyr.a(uart_console.c.obj)